[    0.000000] Linux version 4.9.5-1.el7.elrepo.x86_64 (mockbuild@Build64R7) (gcc version 4.8.5 20150623 (Red Hat 4.8.5-11) (GCC) ) #1 SMP Fri Jan 20 11:34:13 EST 2017
[    0.000000] Command line: BOOT_IMAGE=/vmlinuz-4.9.5-1.el7.elrepo.x86_64 root=/dev/mapper/vg00-rootlv ro net.ifnames=0 LANG=en_US.UTF-8
[    0.000000] x86/fpu: Supporting XSAVE feature 0x001: 'x87 floating point registers'
[    0.000000] x86/fpu: Supporting XSAVE feature 0x002: 'SSE registers'
[    0.000000] x86/fpu: Supporting XSAVE feature 0x004: 'AVX registers'
[    0.000000] x86/fpu: xstate_offset[2]:  576, xstate_sizes[2]:  256
[    0.000000] x86/fpu: Enabled xstate features 0x7, context size is 832 bytes, using 'standard' format.
[    0.000000] x86/fpu: Using 'eager' FPU context switches.
[    0.000000] e820: BIOS-provided physical RAM map:
[    0.000000] BIOS-e820: [mem 0x0000000000000000-0x000000000009abff] usable
[    0.000000] BIOS-e820: [mem 0x000000000009ac00-0x000000000009ffff] reserved
[    0.000000] BIOS-e820: [mem 0x00000000000e0000-0x00000000000fffff] reserved
[    0.000000] BIOS-e820: [mem 0x0000000000100000-0x00000000790dafff] usable
[    0.000000] BIOS-e820: [mem 0x00000000790db000-0x00000000798a8fff] reserved
[    0.000000] BIOS-e820: [mem 0x00000000798a9000-0x0000000079900fff] ACPI data
[    0.000000] BIOS-e820: [mem 0x0000000079901000-0x0000000079fa6fff] ACPI NVS
[    0.000000] BIOS-e820: [mem 0x0000000079fa7000-0x000000008fffffff] reserved
[    0.000000] BIOS-e820: [mem 0x00000000fed1c000-0x00000000fed44fff] reserved
[    0.000000] BIOS-e820: [mem 0x00000000ff000000-0x00000000ffffffff] reserved
[    0.000000] BIOS-e820: [mem 0x0000000100000000-0x000001007fffffff] usable
[    0.000000] NX (Execute Disable) protection: active
[    0.000000] SMBIOS 3.0 present.
[    0.000000] DMI: QUANTA PEGASUS15/S2V, BIOS A5H_3A18.12 12/28/2016
[    0.000000] e820: update [mem 0x00000000-0x00000fff] usable ==> reserved
[    0.000000] e820: remove [mem 0x000a0000-0x000fffff] usable
[    0.000000] e820: last_pfn = 0x10080000 max_arch_pfn = 0x400000000
[    0.000000] MTRR default type: write-back
[    0.000000] MTRR fixed ranges enabled:
[    0.000000]   00000-9FFFF write-back
[    0.000000]   A0000-BFFFF uncachable
[    0.000000]   C0000-FFFFF write-protect
[    0.000000] MTRR variable ranges enabled:
[    0.000000]   0 base 000080000000 mask 3FFF80000000 uncachable
[    0.000000]   1 base 040000000000 mask 3C0000000000 uncachable
[    0.000000]   2 base 05C000000000 mask 3FE000000000 write-through
[    0.000000]   3 base 05E000000000 mask 3FFFFFC00000 write-through
[    0.000000]   4 base 05E000400000 mask 3FFFFFF00000 write-through
[    0.000000]   5 disabled
[    0.000000]   6 disabled
[    0.000000]   7 disabled
[    0.000000]   8 disabled
[    0.000000]   9 disabled
[    0.000000] x86/PAT: Configuration [0-7]: WB  WC  UC- UC  WB  WC  UC- WT  
[    0.000000] x2apic: enabled by BIOS, switching to x2apic ops
[    0.000000] e820: last_pfn = 0x790db max_arch_pfn = 0x400000000
[    0.000000] found SMP MP-table at [mem 0x000fde50-0x000fde5f] mapped at [ffff8800000fde50]
[    0.000000] Base memory trampoline at [ffff880000094000] 94000 size 24576
[    0.000000] Using GB pages for direct mapping
[    0.000000] BRK [0x021f7000, 0x021f7fff] PGTABLE
[    0.000000] BRK [0x021f8000, 0x021f8fff] PGTABLE
[    0.000000] BRK [0x021f9000, 0x021f9fff] PGTABLE
[    0.000000] BRK [0x021fa000, 0x021fafff] PGTABLE
[    0.000000] BRK [0x021fb000, 0x021fbfff] PGTABLE
[    0.000000] RAMDISK: [mem 0x35145000-0x3689afff]
[    0.000000] ACPI: Early table checksum verification disabled
[    0.000000] ACPI: RSDP 0x00000000000F0580 000024 (v02 ALASKA)
[    0.000000] ACPI: XSDT 0x0000000079A5A0B0 0000DC (v01 ALASKA A M I    01072009 AMI  00010013)
[    0.000000] ACPI: FACP 0x0000000079A8F160 00010C (v05 ALASKA A M I    01072009 AMI  00010013)
[    0.000000] ACPI: DSDT 0x0000000079A5A220 034F3F (v02 ALASKA A M I    01072009 INTL 20091013)
[    0.000000] ACPI: FACS 0x0000000079FA5F80 000040
[    0.000000] ACPI: APIC 0x0000000079A8F270 000454 (v03 ALASKA A M I    01072009 AMI  00010013)
[    0.000000] ACPI: FPDT 0x0000000079A8F6C8 000044 (v01 ALASKA A M I    01072009 AMI  00010013)
[    0.000000] ACPI: FIDT 0x0000000079A8F710 00009C (v01 ALASKA A M I    01072009 AMI  00010013)
[    0.000000] ACPI: TCPA 0x0000000079A8F7B0 000032 (v02 ALASKA NAPAASF  00000001 MSFT 01000013)
[    0.000000] ACPI: SPMI 0x0000000079A8F7E8 000041 (v05 ALASKA A M I    00000000 AMI. 00000000)
[    0.000000] ACPI: MCFG 0x0000000079A8F830 00003C (v01 ALASKA A M I    01072009 MSFT 00000097)
[    0.000000] ACPI: UEFI 0x0000000079A8F870 000042 (v01 ALASKA A M I    01072009      00000000)
[    0.000000] ACPI: HPET 0x0000000079A8F8B8 000038 (v01 ALASKA A M I    00000001 INTL 20091013)
[    0.000000] ACPI: MSCT 0x0000000079A8F8F0 000090 (v01 ALASKA A M I    00000001 INTL 20091013)
[    0.000000] ACPI: SLIT 0x0000000079A8F980 000030 (v01 ALASKA A M I    00000001 INTL 20091013)
[    0.000000] ACPI: SRAT 0x0000000079A8F9B0 001158 (v03 ALASKA A M I    00000001 INTL 20091013)
[    0.000000] ACPI: WDDT 0x0000000079A90B08 000040 (v01 ALASKA A M I    00000000 INTL 20091013)
[    0.000000] ACPI: SSDT 0x0000000079A90B48 01706B (v02 ALASKA PmMgt    00000002 INTL 20120913)
[    0.000000] ACPI: NITR 0x0000000079AA7BB8 000071 (v02 ALASKA A M I    00000001 INTL 20091013)
[    0.000000] ACPI: SSDT 0x0000000079AA7C30 0020CC (v02 ALASKA SpsNm    00000002 INTL 20120913)
[    0.000000] ACPI: SSDT 0x0000000079AA9D00 000064 (v02 ALASKA SpsNvs   00000002 INTL 20120913)
[    0.000000] ACPI: PRAD 0x0000000079AA9D68 000102 (v02 ALASKA A M I    00000002 INTL 20120913)
[    0.000000] ACPI: DMAR 0x0000000079AA9E70 000148 (v01 ALASKA A M I    00000001 INTL 20091013)
[    0.000000] ACPI: HEST 0x0000000079AA9FB8 0000E8 (v01 ALASKA A M I    00000001 INTL 00000001)
[    0.000000] ACPI: BERT 0x0000000079AAA0A0 000030 (v01 ALASKA A M I    00000001 INTL 00000001)
[    0.000000] ACPI: ERST 0x0000000079AAA0D0 000230 (v01 ALASKA A M I    00000001 INTL 00000001)
[    0.000000] ACPI: EINJ 0x0000000079AAA300 000130 (v01 ALASKA A M I    00000001 INTL 00000001)
[    0.000000] ACPI: Local APIC address 0xfee00000
[    0.000000] Setting APIC routing to cluster x2apic.
[    0.000000] SRAT: PXM 0 -> APIC 0x00 -> Node 0
[    0.000000] SRAT: PXM 0 -> APIC 0x02 -> Node 0
[    0.000000] SRAT: PXM 0 -> APIC 0x04 -> Node 0
[    0.000000] SRAT: PXM 0 -> APIC 0x06 -> Node 0
[    0.000000] SRAT: PXM 0 -> APIC 0x08 -> Node 0
[    0.000000] SRAT: PXM 0 -> APIC 0x10 -> Node 0
[    0.000000] SRAT: PXM 0 -> APIC 0x12 -> Node 0
[    0.000000] SRAT: PXM 0 -> APIC 0x14 -> Node 0
[    0.000000] SRAT: PXM 0 -> APIC 0x16 -> Node 0
[    0.000000] SRAT: PXM 0 -> APIC 0x20 -> Node 0
[    0.000000] SRAT: PXM 0 -> APIC 0x22 -> Node 0
[    0.000000] SRAT: PXM 0 -> APIC 0x24 -> Node 0
[    0.000000] SRAT: PXM 0 -> APIC 0x26 -> Node 0
[    0.000000] SRAT: PXM 0 -> APIC 0x28 -> Node 0
[    0.000000] SRAT: PXM 0 -> APIC 0x30 -> Node 0
[    0.000000] SRAT: PXM 0 -> APIC 0x32 -> Node 0
[    0.000000] SRAT: PXM 0 -> APIC 0x34 -> Node 0
[    0.000000] SRAT: PXM 0 -> APIC 0x36 -> Node 0
[    0.000000] SRAT: PXM 1 -> APIC 0x40 -> Node 1
[    0.000000] SRAT: PXM 1 -> APIC 0x42 -> Node 1
[    0.000000] SRAT: PXM 1 -> APIC 0x44 -> Node 1
[    0.000000] SRAT: PXM 1 -> APIC 0x46 -> Node 1
[    0.000000] SRAT: PXM 1 -> APIC 0x48 -> Node 1
[    0.000000] SRAT: PXM 1 -> APIC 0x50 -> Node 1
[    0.000000] SRAT: PXM 1 -> APIC 0x52 -> Node 1
[    0.000000] SRAT: PXM 1 -> APIC 0x54 -> Node 1
[    0.000000] SRAT: PXM 1 -> APIC 0x56 -> Node 1
[    0.000000] SRAT: PXM 1 -> APIC 0x60 -> Node 1
[    0.000000] SRAT: PXM 1 -> APIC 0x62 -> Node 1
[    0.000000] SRAT: PXM 1 -> APIC 0x64 -> Node 1
[    0.000000] SRAT: PXM 1 -> APIC 0x66 -> Node 1
[    0.000000] SRAT: PXM 1 -> APIC 0x68 -> Node 1
[    0.000000] SRAT: PXM 1 -> APIC 0x70 -> Node 1
[    0.000000] SRAT: PXM 1 -> APIC 0x72 -> Node 1
[    0.000000] SRAT: PXM 1 -> APIC 0x74 -> Node 1
[    0.000000] SRAT: PXM 1 -> APIC 0x76 -> Node 1
[    0.000000] SRAT: PXM 0 -> APIC 0x01 -> Node 0
[    0.000000] SRAT: PXM 0 -> APIC 0x03 -> Node 0
[    0.000000] SRAT: PXM 0 -> APIC 0x05 -> Node 0
[    0.000000] SRAT: PXM 0 -> APIC 0x07 -> Node 0
[    0.000000] SRAT: PXM 0 -> APIC 0x09 -> Node 0
[    0.000000] SRAT: PXM 0 -> APIC 0x11 -> Node 0
[    0.000000] SRAT: PXM 0 -> APIC 0x13 -> Node 0
[    0.000000] SRAT: PXM 0 -> APIC 0x15 -> Node 0
[    0.000000] SRAT: PXM 0 -> APIC 0x17 -> Node 0
[    0.000000] SRAT: PXM 0 -> APIC 0x21 -> Node 0
[    0.000000] SRAT: PXM 0 -> APIC 0x23 -> Node 0
[    0.000000] SRAT: PXM 0 -> APIC 0x25 -> Node 0
[    0.000000] SRAT: PXM 0 -> APIC 0x27 -> Node 0
[    0.000000] SRAT: PXM 0 -> APIC 0x29 -> Node 0
[    0.000000] SRAT: PXM 0 -> APIC 0x31 -> Node 0
[    0.000000] SRAT: PXM 0 -> APIC 0x33 -> Node 0
[    0.000000] SRAT: PXM 0 -> APIC 0x35 -> Node 0
[    0.000000] SRAT: PXM 0 -> APIC 0x37 -> Node 0
[    0.000000] SRAT: PXM 1 -> APIC 0x41 -> Node 1
[    0.000000] SRAT: PXM 1 -> APIC 0x43 -> Node 1
[    0.000000] SRAT: PXM 1 -> APIC 0x45 -> Node 1
[    0.000000] SRAT: PXM 1 -> APIC 0x47 -> Node 1
[    0.000000] SRAT: PXM 1 -> APIC 0x49 -> Node 1
[    0.000000] SRAT: PXM 1 -> APIC 0x51 -> Node 1
[    0.000000] SRAT: PXM 1 -> APIC 0x53 -> Node 1
[    0.000000] SRAT: PXM 1 -> APIC 0x55 -> Node 1
[    0.000000] SRAT: PXM 1 -> APIC 0x57 -> Node 1
[    0.000000] SRAT: PXM 1 -> APIC 0x61 -> Node 1
[    0.000000] SRAT: PXM 1 -> APIC 0x63 -> Node 1
[    0.000000] SRAT: PXM 1 -> APIC 0x65 -> Node 1
[    0.000000] SRAT: PXM 1 -> APIC 0x67 -> Node 1
[    0.000000] SRAT: PXM 1 -> APIC 0x69 -> Node 1
[    0.000000] SRAT: PXM 1 -> APIC 0x71 -> Node 1
[    0.000000] SRAT: PXM 1 -> APIC 0x73 -> Node 1
[    0.000000] SRAT: PXM 1 -> APIC 0x75 -> Node 1
[    0.000000] SRAT: PXM 1 -> APIC 0x77 -> Node 1
[    0.000000] ACPI: SRAT: Node 0 PXM 0 [mem 0x00000000-0x7fffffff]
[    0.000000] ACPI: SRAT: Node 0 PXM 0 [mem 0x100000000-0x807fffffff]
[    0.000000] ACPI: SRAT: Node 1 PXM 1 [mem 0x8080000000-0x1007fffffff]
[    0.000000] NUMA: Initialized distance table, cnt=2
[    0.000000] NUMA: Node 0 [mem 0x00000000-0x7fffffff] + [mem 0x100000000-0x807fffffff] -> [mem 0x00000000-0x807fffffff]
[    0.000000] NODE_DATA(0) allocated [mem 0x807ffde000-0x807fffffff]
[    0.000000] NODE_DATA(1) allocated [mem 0x1007ffdb000-0x1007fffcfff]
[    0.000000] Zone ranges:
[    0.000000]   DMA      [mem 0x0000000000001000-0x0000000000ffffff]
[    0.000000]   DMA32    [mem 0x0000000001000000-0x00000000ffffffff]
[    0.000000]   Normal   [mem 0x0000000100000000-0x000001007fffffff]
[    0.000000] Movable zone start for each node
[    0.000000] Early memory node ranges
[    0.000000]   node   0: [mem 0x0000000000001000-0x0000000000099fff]
[    0.000000]   node   0: [mem 0x0000000000100000-0x00000000790dafff]
[    0.000000]   node   0: [mem 0x0000000100000000-0x000000807fffffff]
[    0.000000]   node   1: [mem 0x0000008080000000-0x000001007fffffff]
[    0.000000] Initmem setup node 0 [mem 0x0000000000001000-0x000000807fffffff]
[    0.000000] On node 0 totalpages: 134189172
[    0.000000]   DMA zone: 64 pages used for memmap
[    0.000000]   DMA zone: 21 pages reserved
[    0.000000]   DMA zone: 3993 pages, LIFO batch:0
[    0.000000]   DMA32 zone: 7684 pages used for memmap
[    0.000000]   DMA32 zone: 491739 pages, LIFO batch:31
[    0.000000]   Normal zone: 2088960 pages used for memmap
[    0.000000]   Normal zone: 133693440 pages, LIFO batch:31
[    0.000000] Initmem setup node 1 [mem 0x0000008080000000-0x000001007fffffff]
[    0.000000] On node 1 totalpages: 134217728
[    0.000000]   Normal zone: 2097152 pages used for memmap
[    0.000000]   Normal zone: 134217728 pages, LIFO batch:31
[    0.000000] ACPI: PM-Timer IO Port: 0x408
[    0.000000] ACPI: Local APIC address 0xfee00000
[    0.000000] ACPI: LAPIC_NMI (acpi_id[0x00] high edge lint[0x1])
[    0.000000] ACPI: LAPIC_NMI (acpi_id[0x02] high edge lint[0x1])
[    0.000000] ACPI: LAPIC_NMI (acpi_id[0x04] high edge lint[0x1])
[    0.000000] ACPI: LAPIC_NMI (acpi_id[0x06] high edge lint[0x1])
[    0.000000] ACPI: LAPIC_NMI (acpi_id[0x08] high edge lint[0x1])
[    0.000000] ACPI: LAPIC_NMI (acpi_id[0x10] high edge lint[0x1])
[    0.000000] ACPI: LAPIC_NMI (acpi_id[0x12] high edge lint[0x1])
[    0.000000] ACPI: LAPIC_NMI (acpi_id[0x14] high edge lint[0x1])
[    0.000000] ACPI: LAPIC_NMI (acpi_id[0x16] high edge lint[0x1])
[    0.000000] ACPI: LAPIC_NMI (acpi_id[0x20] high edge lint[0x1])
[    0.000000] ACPI: LAPIC_NMI (acpi_id[0x22] high edge lint[0x1])
[    0.000000] ACPI: LAPIC_NMI (acpi_id[0x24] high edge lint[0x1])
[    0.000000] ACPI: LAPIC_NMI (acpi_id[0x26] high edge lint[0x1])
[    0.000000] ACPI: LAPIC_NMI (acpi_id[0x28] high edge lint[0x1])
[    0.000000] ACPI: LAPIC_NMI (acpi_id[0x30] high edge lint[0x1])
[    0.000000] ACPI: LAPIC_NMI (acpi_id[0x32] high edge lint[0x1])
[    0.000000] ACPI: LAPIC_NMI (acpi_id[0x34] high edge lint[0x1])
[    0.000000] ACPI: LAPIC_NMI (acpi_id[0x36] high edge lint[0x1])
[    0.000000] ACPI: LAPIC_NMI (acpi_id[0x40] high edge lint[0x1])
[    0.000000] ACPI: LAPIC_NMI (acpi_id[0x42] high edge lint[0x1])
[    0.000000] ACPI: LAPIC_NMI (acpi_id[0x44] high edge lint[0x1])
[    0.000000] ACPI: LAPIC_NMI (acpi_id[0x46] high edge lint[0x1])
[    0.000000] ACPI: LAPIC_NMI (acpi_id[0x48] high edge lint[0x1])
[    0.000000] ACPI: LAPIC_NMI (acpi_id[0x50] high edge lint[0x1])
[    0.000000] ACPI: LAPIC_NMI (acpi_id[0x52] high edge lint[0x1])
[    0.000000] ACPI: LAPIC_NMI (acpi_id[0x54] high edge lint[0x1])
[    0.000000] ACPI: LAPIC_NMI (acpi_id[0x56] high edge lint[0x1])
[    0.000000] ACPI: LAPIC_NMI (acpi_id[0x60] high edge lint[0x1])
[    0.000000] ACPI: LAPIC_NMI (acpi_id[0x62] high edge lint[0x1])
[    0.000000] ACPI: LAPIC_NMI (acpi_id[0x64] high edge lint[0x1])
[    0.000000] ACPI: LAPIC_NMI (acpi_id[0x66] high edge lint[0x1])
[    0.000000] ACPI: LAPIC_NMI (acpi_id[0x68] high edge lint[0x1])
[    0.000000] ACPI: LAPIC_NMI (acpi_id[0x70] high edge lint[0x1])
[    0.000000] ACPI: LAPIC_NMI (acpi_id[0x72] high edge lint[0x1])
[    0.000000] ACPI: LAPIC_NMI (acpi_id[0x74] high edge lint[0x1])
[    0.000000] ACPI: LAPIC_NMI (acpi_id[0x76] high edge lint[0x1])
[    0.000000] ACPI: LAPIC_NMI (acpi_id[0x01] high edge lint[0x1])
[    0.000000] ACPI: LAPIC_NMI (acpi_id[0x03] high edge lint[0x1])
[    0.000000] ACPI: LAPIC_NMI (acpi_id[0x05] high edge lint[0x1])
[    0.000000] ACPI: LAPIC_NMI (acpi_id[0x07] high edge lint[0x1])
[    0.000000] ACPI: LAPIC_NMI (acpi_id[0x09] high edge lint[0x1])
[    0.000000] ACPI: LAPIC_NMI (acpi_id[0x11] high edge lint[0x1])
[    0.000000] ACPI: LAPIC_NMI (acpi_id[0x13] high edge lint[0x1])
[    0.000000] ACPI: LAPIC_NMI (acpi_id[0x15] high edge lint[0x1])
[    0.000000] ACPI: LAPIC_NMI (acpi_id[0x17] high edge lint[0x1])
[    0.000000] ACPI: LAPIC_NMI (acpi_id[0x21] high edge lint[0x1])
[    0.000000] ACPI: LAPIC_NMI (acpi_id[0x23] high edge lint[0x1])
[    0.000000] ACPI: LAPIC_NMI (acpi_id[0x25] high edge lint[0x1])
[    0.000000] ACPI: LAPIC_NMI (acpi_id[0x27] high edge lint[0x1])
[    0.000000] ACPI: LAPIC_NMI (acpi_id[0x29] high edge lint[0x1])
[    0.000000] ACPI: LAPIC_NMI (acpi_id[0x31] high edge lint[0x1])
[    0.000000] ACPI: LAPIC_NMI (acpi_id[0x33] high edge lint[0x1])
[    0.000000] ACPI: LAPIC_NMI (acpi_id[0x35] high edge lint[0x1])
[    0.000000] ACPI: LAPIC_NMI (acpi_id[0x37] high edge lint[0x1])
[    0.000000] ACPI: LAPIC_NMI (acpi_id[0x41] high edge lint[0x1])
[    0.000000] ACPI: LAPIC_NMI (acpi_id[0x43] high edge lint[0x1])
[    0.000000] ACPI: LAPIC_NMI (acpi_id[0x45] high edge lint[0x1])
[    0.000000] ACPI: LAPIC_NMI (acpi_id[0x47] high edge lint[0x1])
[    0.000000] ACPI: LAPIC_NMI (acpi_id[0x49] high edge lint[0x1])
[    0.000000] ACPI: LAPIC_NMI (acpi_id[0x51] high edge lint[0x1])
[    0.000000] ACPI: LAPIC_NMI (acpi_id[0x53] high edge lint[0x1])
[    0.000000] ACPI: LAPIC_NMI (acpi_id[0x55] high edge lint[0x1])
[    0.000000] ACPI: LAPIC_NMI (acpi_id[0x57] high edge lint[0x1])
[    0.000000] ACPI: LAPIC_NMI (acpi_id[0x61] high edge lint[0x1])
[    0.000000] ACPI: LAPIC_NMI (acpi_id[0x63] high edge lint[0x1])
[    0.000000] ACPI: LAPIC_NMI (acpi_id[0x65] high edge lint[0x1])
[    0.000000] ACPI: LAPIC_NMI (acpi_id[0x67] high edge lint[0x1])
[    0.000000] ACPI: LAPIC_NMI (acpi_id[0x69] high edge lint[0x1])
[    0.000000] ACPI: LAPIC_NMI (acpi_id[0x71] high edge lint[0x1])
[    0.000000] ACPI: LAPIC_NMI (acpi_id[0x73] high edge lint[0x1])
[    0.000000] ACPI: LAPIC_NMI (acpi_id[0x75] high edge lint[0x1])
[    0.000000] ACPI: LAPIC_NMI (acpi_id[0x77] high edge lint[0x1])
[    0.000000] IOAPIC[0]: apic_id 1, version 32, address 0xfec00000, GSI 0-23
[    0.000000] IOAPIC[1]: apic_id 2, version 32, address 0xfec01000, GSI 24-47
[    0.000000] IOAPIC[2]: apic_id 3, version 32, address 0xfec40000, GSI 48-71
[    0.000000] ACPI: INT_SRC_OVR (bus 0 bus_irq 0 global_irq 2 dfl dfl)
[    0.000000] ACPI: INT_SRC_OVR (bus 0 bus_irq 9 global_irq 9 high level)
[    0.000000] ACPI: IRQ0 used by override.
[    0.000000] ACPI: IRQ9 used by override.
[    0.000000] Using ACPI (MADT) for SMP configuration information
[    0.000000] ACPI: HPET id: 0x8086a701 base: 0xfed00000
[    0.000000] smpboot: Allowing 72 CPUs, 0 hotplug CPUs
[    0.000000] PM: Registered nosave memory: [mem 0x00000000-0x00000fff]
[    0.000000] PM: Registered nosave memory: [mem 0x0009a000-0x0009afff]
[    0.000000] PM: Registered nosave memory: [mem 0x0009b000-0x0009ffff]
[    0.000000] PM: Registered nosave memory: [mem 0x000a0000-0x000dffff]
[    0.000000] PM: Registered nosave memory: [mem 0x000e0000-0x000fffff]
[    0.000000] PM: Registered nosave memory: [mem 0x790db000-0x798a8fff]
[    0.000000] PM: Registered nosave memory: [mem 0x798a9000-0x79900fff]
[    0.000000] PM: Registered nosave memory: [mem 0x79901000-0x79fa6fff]
[    0.000000] PM: Registered nosave memory: [mem 0x79fa7000-0x8fffffff]
[    0.000000] PM: Registered nosave memory: [mem 0x90000000-0xfed1bfff]
[    0.000000] PM: Registered nosave memory: [mem 0xfed1c000-0xfed44fff]
[    0.000000] PM: Registered nosave memory: [mem 0xfed45000-0xfeffffff]
[    0.000000] PM: Registered nosave memory: [mem 0xff000000-0xffffffff]
[    0.000000] e820: [mem 0x90000000-0xfed1bfff] available for PCI devices
[    0.000000] Booting paravirtualized kernel on bare hardware
[    0.000000] clocksource: refined-jiffies: mask: 0xffffffff max_cycles: 0xffffffff, max_idle_ns: 1910969940391419 ns
[    0.000000] setup_percpu: NR_CPUS:8192 nr_cpumask_bits:72 nr_cpu_ids:72 nr_node_ids:2
[    0.000000] percpu: Embedded 36 pages/cpu @ffff887e7f400000 s108632 r8192 d30632 u262144
[    0.000000] pcpu-alloc: s108632 r8192 d30632 u262144 alloc=1*2097152
[    0.000000] pcpu-alloc: [0] 00 01 02 03 04 05 06 07 [0] 08 09 10 11 12 13 14 15 
[    0.000000] pcpu-alloc: [0] 16 17 36 37 38 39 40 41 [0] 42 43 44 45 46 47 48 49 
[    0.000000] pcpu-alloc: [0] 50 51 52 53 -- -- -- -- [1] 18 19 20 21 22 23 24 25 
[    0.000000] pcpu-alloc: [1] 26 27 28 29 30 31 32 33 [1] 34 35 54 55 56 57 58 59 
[    0.000000] pcpu-alloc: [1] 60 61 62 63 64 65 66 67 [1] 68 69 70 71 -- -- -- -- 
[    0.000000] Built 2 zonelists in Node order, mobility grouping on.  Total pages: 264213019
[    0.000000] Policy zone: Normal
[    0.000000] Kernel command line: BOOT_IMAGE=/vmlinuz-4.9.5-1.el7.elrepo.x86_64 root=/dev/mapper/vg00-rootlv ro net.ifnames=0 LANG=en_US.UTF-8
[    0.000000] log_buf_len individual max cpu contribution: 4096 bytes
[    0.000000] log_buf_len total cpu_extra contributions: 290816 bytes
[    0.000000] log_buf_len min size: 524288 bytes
[    0.000000] log_buf_len: 1048576 bytes
[    0.000000] early log buf free: 504160(96%)
[    0.000000] PID hash table entries: 4096 (order: 3, 32768 bytes)
[    0.000000] Memory: 1056729852K/1073627600K available (7534K kernel code, 1556K rwdata, 3208K rodata, 2072K init, 2436K bss, 16897748K reserved, 0K cma-reserved)
[    0.000000] SLUB: HWalign=64, Order=0-3, MinObjects=0, CPUs=72, Nodes=2
[    0.000000] Hierarchical RCU implementation.
[    0.000000] 	Build-time adjustment of leaf fanout to 64.
[    0.000000] 	RCU restricting CPUs from NR_CPUS=8192 to nr_cpu_ids=72.
[    0.000000] RCU: Adjusting geometry for rcu_fanout_leaf=64, nr_cpu_ids=72
[    0.000000] NR_IRQS:524544 nr_irqs:1816 16
[    0.000000] 	Offload RCU callbacks from all CPUs
[    0.000000] 	Offload RCU callbacks from CPUs: 0-71.
[    0.000000] Console: colour VGA+ 80x25
[    0.000000] console [tty0] enabled
[    0.000000] mempolicy: Enabling automatic NUMA balancing. Configure with numa_balancing= or the kernel.numa_balancing sysctl
[    0.000000] clocksource: hpet: mask: 0xffffffff max_cycles: 0xffffffff, max_idle_ns: 133484882848 ns
[    0.000000] hpet clockevent registered
[    0.000000] tsc: Fast TSC calibration using PIT
[    0.000000] tsc: Detected 2300.041 MHz processor
[    0.000040] Calibrating delay loop (skipped), value calculated using timer frequency.. 4600.08 BogoMIPS (lpj=2300041)
[    0.000485] pid_max: default: 73728 minimum: 576
[    0.000737] ACPI: Core revision 20160831
[    0.046778] ACPI: 4 ACPI AML tables successfully acquired and loaded
[    0.047174] Security Framework initialized
[    0.047394] SELinux:  Initializing.
[    0.047620] SELinux:  Starting in permissive mode
[    0.101967] Dentry cache hash table entries: 134217728 (order: 18, 1073741824 bytes)
[    0.253992] random: fast init done
[    0.309484] Inode-cache hash table entries: 67108864 (order: 17, 536870912 bytes)
[    0.400177] Mount-cache hash table entries: 2097152 (order: 12, 16777216 bytes)
[    0.401484] Mountpoint-cache hash table entries: 2097152 (order: 12, 16777216 bytes)
[    0.407836] CPU: Physical Processor ID: 0
[    0.408065] CPU: Processor Core ID: 0
[    0.408287] ENERGY_PERF_BIAS: Set to 'normal', was 'performance'
[    0.408510] ENERGY_PERF_BIAS: View and update with x86_energy_perf_policy(8)
[    0.408739] mce: CPU supports 22 MCE banks
[    0.408973] CPU0: Thermal monitoring enabled (TM1)
[    0.409251] process: using mwait in idle threads
[    0.409474] Last level iTLB entries: 4KB 64, 2MB 8, 4MB 8
[    0.409696] Last level dTLB entries: 4KB 64, 2MB 0, 4MB 0, 1GB 4
[    0.410303] Freeing SMP alternatives memory: 28K (ffffffff81f8d000 - ffffffff81f94000)
[    0.422090] ftrace: allocating 29961 entries in 118 pages
[    0.436421] smpboot: Max logical packages: 4
[    0.436655] DMAR: Host address width 46
[    0.436875] DMAR: DRHD base: 0x000000fbffc000 flags: 0x0
[    0.437112] DMAR: dmar0: reg_base_addr fbffc000 ver 1:0 cap 8d2078c106f0466 ecap f020df
[    0.437489] DMAR: DRHD base: 0x000000c7ffc000 flags: 0x1
[    0.437714] DMAR: dmar1: reg_base_addr c7ffc000 ver 1:0 cap 8d2078c106f0466 ecap f020df
[    0.438097] DMAR: RMRR base: 0x0000007bb4e000 end: 0x0000007bb5dfff
[    0.438320] DMAR: ATSR flags: 0x0
[    0.438537] DMAR: RHSA base: 0x000000c7ffc000 proximity domain: 0x0
[    0.438760] DMAR: RHSA base: 0x000000fbffc000 proximity domain: 0x1
[    0.438991] DMAR-IR: IOAPIC id 3 under DRHD base  0xfbffc000 IOMMU 0
[    0.439216] DMAR-IR: IOAPIC id 1 under DRHD base  0xc7ffc000 IOMMU 1
[    0.439440] DMAR-IR: IOAPIC id 2 under DRHD base  0xc7ffc000 IOMMU 1
[    0.439664] DMAR-IR: HPET id 0 under DRHD base 0xc7ffc000
[    0.439886] DMAR-IR: Queued invalidation will be enabled to support x2apic and Intr-remapping.
[    0.441192] DMAR-IR: Enabled IRQ remapping in x2apic mode
[    0.442063] ..TIMER: vector=0x30 apic1=0 pin1=2 apic2=-1 pin2=-1
[    0.452292] TSC deadline timer enabled
[    0.452300] smpboot: CPU0: Intel(R) Xeon(R) CPU E5-2686 v4 @ 2.30GHz (family: 0x6, model: 0x4f, stepping: 0x1)
[    0.452865] Performance Events: PEBS fmt2+, Broadwell events, 16-deep LBR, full-width counters, Intel PMU driver.
[    0.453572] ... version:                3
[    0.453790] ... bit width:              48
[    0.454010] ... generic registers:      4
[    0.454228] ... value mask:             0000ffffffffffff
[    0.454451] ... max period:             00007fffffffffff
[    0.454673] ... fixed-purpose events:   3
[    0.454891] ... event mask:             000000070000000f
[    0.459237] NMI watchdog: enabled on all CPUs, permanently consumes one hw-PMU counter.
[    0.459744] x86: Booting SMP configuration:
[    0.459964] .... node  #0, CPUs:        #1  #2  #3  #4  #5  #6  #7  #8  #9 #10 #11 #12 #13 #14 #15 #16 #17
[    1.549455] .... node  #1, CPUs:   #18 #19 #20 #21 #22 #23 #24 #25 #26 #27 #28 #29 #30 #31 #32 #33 #34 #35
[    2.715444] .... node  #0, CPUs:   #36 #37 #38 #39 #40 #41 #42 #43 #44 #45 #46 #47 #48 #49 #50 #51 #52 #53
[    3.870140] .... node  #1, CPUs:   #54 #55 #56 #57 #58 #59 #60 #61 #62 #63 #64 #65 #66 #67 #68 #69 #70 #71
[    5.019964] x86: Booted up 2 nodes, 72 CPUs
[    5.020247] smpboot: Total of 72 processors activated (331693.44 BogoMIPS)
[    5.337676] devtmpfs: initialized
[    5.337953] x86/mm: Memory block size: 2048MB
[    5.344518] evm: security.selinux
[    5.344735] evm: security.ima
[    5.344952] evm: security.capability
[    5.345262] PM: Registering ACPI NVS region [mem 0x79901000-0x79fa6fff] (6971392 bytes)
[    5.345914] clocksource: jiffies: mask: 0xffffffff max_cycles: 0xffffffff, max_idle_ns: 1911260446275000 ns
[    5.346629] atomic64_test: passed for x86-64 platform with CX8 and with SSE
[    5.346854] pinctrl core: initialized pinctrl subsystem
[    5.348007] NET: Registered protocol family 16
[    5.352349] cpuidle: using governor menu
[    5.352781] ACPI FADT declares the system doesn't support PCIe ASPM, so disable it
[    5.353157] ACPI: bus type PCI registered
[    5.353379] acpiphp: ACPI Hot Plug PCI Controller Driver version: 0.5
[    5.353712] PCI: MMCONFIG for domain 0000 [bus 00-ff] at [mem 0x80000000-0x8fffffff] (base 0x80000000)
[    5.354092] PCI: MMCONFIG at [mem 0x80000000-0x8fffffff] reserved in E820
[    5.354349] PCI: Using configuration type 1 for base access
[    5.363348] HugeTLB registered 1 GB page size, pre-allocated 0 pages
[    5.363575] HugeTLB registered 2 MB page size, pre-allocated 0 pages
[    5.364674] ACPI: Added _OSI(Module Device)
[    5.364894] ACPI: Added _OSI(Processor Device)
[    5.365116] ACPI: Added _OSI(3.0 _SCP Extensions)
[    5.365337] ACPI: Added _OSI(Processor Aggregator Device)
[    5.377211] ACPI: [Firmware Bug]: BIOS _OSI(Linux) query ignored
[    5.430030] ACPI: Dynamic OEM Table Load:
[    5.457110] ACPI: Interpreter enabled
[    5.457342] ACPI: (supports S0 S5)
[    5.457561] ACPI: Using IOAPIC for interrupt routing
[    5.457839] HEST: Table parsing has been initialized.
[    5.458061] PCI: Using host bridge windows from ACPI; if necessary, use "pci=nocrs" and report a bug
[    5.492966] ACPI: PCI Root Bridge [UNC1] (domain 0000 [bus ff])
[    5.493194] acpi PNP0A03:02: _OSC: OS supports [ExtendedConfig ASPM ClockPM Segments MSI]
[    5.495578] acpi PNP0A03:02: _OSC: platform does not support [AER]
[    5.496515] acpi PNP0A03:02: _OSC: OS now controls [PCIeHotplug PME PCIeCapability]
[    5.496891] acpi PNP0A03:02: FADT indicates ASPM is unsupported, using BIOS configuration
[    5.497306] PCI host bridge to bus 0000:ff
[    5.497527] pci_bus 0000:ff: root bus resource [bus ff]
[    5.497757] pci 0000:ff:08.0: [8086:6f80] type 00 class 0x088000
[    5.497810] pci 0000:ff:08.2: [8086:6f32] type 00 class 0x110100
[    5.497855] pci 0000:ff:08.3: [8086:6f83] type 00 class 0x088000
[    5.497909] pci 0000:ff:09.0: [8086:6f90] type 00 class 0x088000
[    5.497952] pci 0000:ff:09.2: [8086:6f33] type 00 class 0x110100
[    5.497994] pci 0000:ff:09.3: [8086:6f93] type 00 class 0x088000
[    5.498046] pci 0000:ff:0b.0: [8086:6f81] type 00 class 0x088000
[    5.498086] pci 0000:ff:0b.1: [8086:6f36] type 00 class 0x110100
[    5.498128] pci 0000:ff:0b.2: [8086:6f37] type 00 class 0x110100
[    5.498168] pci 0000:ff:0b.3: [8086:6f76] type 00 class 0x088000
[    5.498210] pci 0000:ff:0c.0: [8086:6fe0] type 00 class 0x088000
[    5.498255] pci 0000:ff:0c.1: [8086:6fe1] type 00 class 0x088000
[    5.498294] pci 0000:ff:0c.2: [8086:6fe2] type 00 class 0x088000
[    5.498333] pci 0000:ff:0c.3: [8086:6fe3] type 00 class 0x088000
[    5.498373] pci 0000:ff:0c.4: [8086:6fe4] type 00 class 0x088000
[    5.498412] pci 0000:ff:0c.5: [8086:6fe5] type 00 class 0x088000
[    5.498453] pci 0000:ff:0c.6: [8086:6fe6] type 00 class 0x088000
[    5.498492] pci 0000:ff:0c.7: [8086:6fe7] type 00 class 0x088000
[    5.498533] pci 0000:ff:0d.0: [8086:6fe8] type 00 class 0x088000
[    5.498572] pci 0000:ff:0d.1: [8086:6fe9] type 00 class 0x088000
[    5.498612] pci 0000:ff:0d.2: [8086:6fea] type 00 class 0x088000
[    5.498651] pci 0000:ff:0d.3: [8086:6feb] type 00 class 0x088000
[    5.498689] pci 0000:ff:0d.4: [8086:6fec] type 00 class 0x088000
[    5.498729] pci 0000:ff:0d.5: [8086:6fed] type 00 class 0x088000
[    5.498769] pci 0000:ff:0d.6: [8086:6fee] type 00 class 0x088000
[    5.498808] pci 0000:ff:0d.7: [8086:6fef] type 00 class 0x088000
[    5.498848] pci 0000:ff:0e.0: [8086:6ff0] type 00 class 0x088000
[    5.498888] pci 0000:ff:0e.1: [8086:6ff1] type 00 class 0x088000
[    5.498934] pci 0000:ff:0f.0: [8086:6ff8] type 00 class 0x088000
[    5.498974] pci 0000:ff:0f.1: [8086:6ff9] type 00 class 0x088000
[    5.499013] pci 0000:ff:0f.2: [8086:6ffa] type 00 class 0x088000
[    5.499052] pci 0000:ff:0f.3: [8086:6ffb] type 00 class 0x088000
[    5.499095] pci 0000:ff:0f.4: [8086:6ffc] type 00 class 0x088000
[    5.499136] pci 0000:ff:0f.5: [8086:6ffd] type 00 class 0x088000
[    5.499176] pci 0000:ff:0f.6: [8086:6ffe] type 00 class 0x088000
[    5.499218] pci 0000:ff:10.0: [8086:6f1d] type 00 class 0x088000
[    5.499259] pci 0000:ff:10.1: [8086:6f34] type 00 class 0x110100
[    5.499301] pci 0000:ff:10.5: [8086:6f1e] type 00 class 0x088000
[    5.499340] pci 0000:ff:10.6: [8086:6f7d] type 00 class 0x110100
[    5.499378] pci 0000:ff:10.7: [8086:6f1f] type 00 class 0x088000
[    5.499420] pci 0000:ff:12.0: [8086:6fa0] type 00 class 0x088000
[    5.499448] pci 0000:ff:12.1: [8086:6f30] type 00 class 0x110100
[    5.499490] pci 0000:ff:12.2: [8086:6f70] type 00 class 0x088000
[    5.499535] pci 0000:ff:12.4: [8086:6f60] type 00 class 0x088000
[    5.499563] pci 0000:ff:12.5: [8086:6f38] type 00 class 0x110100
[    5.499606] pci 0000:ff:12.6: [8086:6f78] type 00 class 0x088000
[    5.499653] pci 0000:ff:13.0: [8086:6fa8] type 00 class 0x088000
[    5.499725] pci 0000:ff:13.1: [8086:6f71] type 00 class 0x088000
[    5.499799] pci 0000:ff:13.2: [8086:6faa] type 00 class 0x088000
[    5.499854] pci 0000:ff:13.3: [8086:6fab] type 00 class 0x088000
[    5.499908] pci 0000:ff:13.6: [8086:6fae] type 00 class 0x088000
[    5.499950] pci 0000:ff:13.7: [8086:6faf] type 00 class 0x088000
[    5.499995] pci 0000:ff:14.0: [8086:6fb0] type 00 class 0x088000
[    5.500048] pci 0000:ff:14.1: [8086:6fb1] type 00 class 0x088000
[    5.500100] pci 0000:ff:14.2: [8086:6fb2] type 00 class 0x088000
[    5.500156] pci 0000:ff:14.3: [8086:6fb3] type 00 class 0x088000
[    5.500206] pci 0000:ff:14.4: [8086:6fbc] type 00 class 0x088000
[    5.500249] pci 0000:ff:14.5: [8086:6fbd] type 00 class 0x088000
[    5.500293] pci 0000:ff:14.6: [8086:6fbe] type 00 class 0x088000
[    5.500336] pci 0000:ff:14.7: [8086:6fbf] type 00 class 0x088000
[    5.500382] pci 0000:ff:16.0: [8086:6f68] type 00 class 0x088000
[    5.500457] pci 0000:ff:16.1: [8086:6f79] type 00 class 0x088000
[    5.500530] pci 0000:ff:16.2: [8086:6f6a] type 00 class 0x088000
[    5.500583] pci 0000:ff:16.3: [8086:6f6b] type 00 class 0x088000
[    5.500637] pci 0000:ff:16.6: [8086:6f6e] type 00 class 0x088000
[    5.500680] pci 0000:ff:16.7: [8086:6f6f] type 00 class 0x088000
[    5.500724] pci 0000:ff:17.0: [8086:6fd0] type 00 class 0x088000
[    5.500799] pci 0000:ff:17.1: [8086:6fd1] type 00 class 0x088000
[    5.500877] pci 0000:ff:17.2: [8086:6fd2] type 00 class 0x088000
[    5.500933] pci 0000:ff:17.3: [8086:6fd3] type 00 class 0x088000
[    5.500984] pci 0000:ff:17.4: [8086:6fb8] type 00 class 0x088000
[    5.501028] pci 0000:ff:17.5: [8086:6fb9] type 00 class 0x088000
[    5.501072] pci 0000:ff:17.6: [8086:6fba] type 00 class 0x088000
[    5.501115] pci 0000:ff:17.7: [8086:6fbb] type 00 class 0x088000
[    5.501170] pci 0000:ff:1e.0: [8086:6f98] type 00 class 0x088000
[    5.501212] pci 0000:ff:1e.1: [8086:6f99] type 00 class 0x088000
[    5.501254] pci 0000:ff:1e.2: [8086:6f9a] type 00 class 0x088000
[    5.501297] pci 0000:ff:1e.3: [8086:6fc0] type 00 class 0x088000
[    5.501326] pci 0000:ff:1e.4: [8086:6f9c] type 00 class 0x088000
[    5.501375] pci 0000:ff:1f.0: [8086:6f88] type 00 class 0x088000
[    5.501419] pci 0000:ff:1f.2: [8086:6f8a] type 00 class 0x088000
[    5.501531] ACPI: PCI Root Bridge [UNC0] (domain 0000 [bus 7f])
[    5.501757] acpi PNP0A03:03: _OSC: OS supports [ExtendedConfig ASPM ClockPM Segments MSI]
[    5.502564] acpi PNP0A03:03: _OSC: platform does not support [AER]
[    5.503505] acpi PNP0A03:03: _OSC: OS now controls [PCIeHotplug PME PCIeCapability]
[    5.503881] acpi PNP0A03:03: FADT indicates ASPM is unsupported, using BIOS configuration
[    5.504291] PCI host bridge to bus 0000:7f
[    5.504511] pci_bus 0000:7f: root bus resource [bus 7f]
[    5.504738] pci 0000:7f:08.0: [8086:6f80] type 00 class 0x088000
[    5.504781] pci 0000:7f:08.2: [8086:6f32] type 00 class 0x110100
[    5.504821] pci 0000:7f:08.3: [8086:6f83] type 00 class 0x088000
[    5.504869] pci 0000:7f:09.0: [8086:6f90] type 00 class 0x088000
[    5.504909] pci 0000:7f:09.2: [8086:6f33] type 00 class 0x110100
[    5.504949] pci 0000:7f:09.3: [8086:6f93] type 00 class 0x088000
[    5.504996] pci 0000:7f:0b.0: [8086:6f81] type 00 class 0x088000
[    5.505033] pci 0000:7f:0b.1: [8086:6f36] type 00 class 0x110100
[    5.505070] pci 0000:7f:0b.2: [8086:6f37] type 00 class 0x110100
[    5.505106] pci 0000:7f:0b.3: [8086:6f76] type 00 class 0x088000
[    5.505145] pci 0000:7f:0c.0: [8086:6fe0] type 00 class 0x088000
[    5.505181] pci 0000:7f:0c.1: [8086:6fe1] type 00 class 0x088000
[    5.505220] pci 0000:7f:0c.2: [8086:6fe2] type 00 class 0x088000
[    5.505257] pci 0000:7f:0c.3: [8086:6fe3] type 00 class 0x088000
[    5.505297] pci 0000:7f:0c.4: [8086:6fe4] type 00 class 0x088000
[    5.505334] pci 0000:7f:0c.5: [8086:6fe5] type 00 class 0x088000
[    5.505372] pci 0000:7f:0c.6: [8086:6fe6] type 00 class 0x088000
[    5.505409] pci 0000:7f:0c.7: [8086:6fe7] type 00 class 0x088000
[    5.505446] pci 0000:7f:0d.0: [8086:6fe8] type 00 class 0x088000
[    5.505483] pci 0000:7f:0d.1: [8086:6fe9] type 00 class 0x088000
[    5.505521] pci 0000:7f:0d.2: [8086:6fea] type 00 class 0x088000
[    5.505561] pci 0000:7f:0d.3: [8086:6feb] type 00 class 0x088000
[    5.505598] pci 0000:7f:0d.4: [8086:6fec] type 00 class 0x088000
[    5.505636] pci 0000:7f:0d.5: [8086:6fed] type 00 class 0x088000
[    5.505673] pci 0000:7f:0d.6: [8086:6fee] type 00 class 0x088000
[    5.505710] pci 0000:7f:0d.7: [8086:6fef] type 00 class 0x088000
[    5.505748] pci 0000:7f:0e.0: [8086:6ff0] type 00 class 0x088000
[    5.505786] pci 0000:7f:0e.1: [8086:6ff1] type 00 class 0x088000
[    5.505827] pci 0000:7f:0f.0: [8086:6ff8] type 00 class 0x088000
[    5.505864] pci 0000:7f:0f.1: [8086:6ff9] type 00 class 0x088000
[    5.505901] pci 0000:7f:0f.2: [8086:6ffa] type 00 class 0x088000
[    5.505939] pci 0000:7f:0f.3: [8086:6ffb] type 00 class 0x088000
[    5.505975] pci 0000:7f:0f.4: [8086:6ffc] type 00 class 0x088000
[    5.506012] pci 0000:7f:0f.5: [8086:6ffd] type 00 class 0x088000
[    5.506050] pci 0000:7f:0f.6: [8086:6ffe] type 00 class 0x088000
[    5.506089] pci 0000:7f:10.0: [8086:6f1d] type 00 class 0x088000
[    5.506126] pci 0000:7f:10.1: [8086:6f34] type 00 class 0x110100
[    5.506165] pci 0000:7f:10.5: [8086:6f1e] type 00 class 0x088000
[    5.506202] pci 0000:7f:10.6: [8086:6f7d] type 00 class 0x110100
[    5.506240] pci 0000:7f:10.7: [8086:6f1f] type 00 class 0x088000
[    5.506283] pci 0000:7f:12.0: [8086:6fa0] type 00 class 0x088000
[    5.506310] pci 0000:7f:12.1: [8086:6f30] type 00 class 0x110100
[    5.506349] pci 0000:7f:12.2: [8086:6f70] type 00 class 0x088000
[    5.506389] pci 0000:7f:12.4: [8086:6f60] type 00 class 0x088000
[    5.506416] pci 0000:7f:12.5: [8086:6f38] type 00 class 0x110100
[    5.506456] pci 0000:7f:12.6: [8086:6f78] type 00 class 0x088000
[    5.506498] pci 0000:7f:13.0: [8086:6fa8] type 00 class 0x088000
[    5.506557] pci 0000:7f:13.1: [8086:6f71] type 00 class 0x088000
[    5.506605] pci 0000:7f:13.2: [8086:6faa] type 00 class 0x088000
[    5.506652] pci 0000:7f:13.3: [8086:6fab] type 00 class 0x088000
[    5.506700] pci 0000:7f:13.6: [8086:6fae] type 00 class 0x088000
[    5.506739] pci 0000:7f:13.7: [8086:6faf] type 00 class 0x088000
[    5.506780] pci 0000:7f:14.0: [8086:6fb0] type 00 class 0x088000
[    5.506829] pci 0000:7f:14.1: [8086:6fb1] type 00 class 0x088000
[    5.506878] pci 0000:7f:14.2: [8086:6fb2] type 00 class 0x088000
[    5.506927] pci 0000:7f:14.3: [8086:6fb3] type 00 class 0x088000
[    5.506973] pci 0000:7f:14.4: [8086:6fbc] type 00 class 0x088000
[    5.507015] pci 0000:7f:14.5: [8086:6fbd] type 00 class 0x088000
[    5.507055] pci 0000:7f:14.6: [8086:6fbe] type 00 class 0x088000
[    5.507095] pci 0000:7f:14.7: [8086:6fbf] type 00 class 0x088000
[    5.507138] pci 0000:7f:16.0: [8086:6f68] type 00 class 0x088000
[    5.507209] pci 0000:7f:16.1: [8086:6f79] type 00 class 0x088000
[    5.507274] pci 0000:7f:16.2: [8086:6f6a] type 00 class 0x088000
[    5.507324] pci 0000:7f:16.3: [8086:6f6b] type 00 class 0x088000
[    5.507374] pci 0000:7f:16.6: [8086:6f6e] type 00 class 0x088000
[    5.507415] pci 0000:7f:16.7: [8086:6f6f] type 00 class 0x088000
[    5.507456] pci 0000:7f:17.0: [8086:6fd0] type 00 class 0x088000
[    5.507527] pci 0000:7f:17.1: [8086:6fd1] type 00 class 0x088000
[    5.507580] pci 0000:7f:17.2: [8086:6fd2] type 00 class 0x088000
[    5.507629] pci 0000:7f:17.3: [8086:6fd3] type 00 class 0x088000
[    5.507677] pci 0000:7f:17.4: [8086:6fb8] type 00 class 0x088000
[    5.507719] pci 0000:7f:17.5: [8086:6fb9] type 00 class 0x088000
[    5.507762] pci 0000:7f:17.6: [8086:6fba] type 00 class 0x088000
[    5.507802] pci 0000:7f:17.7: [8086:6fbb] type 00 class 0x088000
[    5.507856] pci 0000:7f:1e.0: [8086:6f98] type 00 class 0x088000
[    5.507895] pci 0000:7f:1e.1: [8086:6f99] type 00 class 0x088000
[    5.507935] pci 0000:7f:1e.2: [8086:6f9a] type 00 class 0x088000
[    5.507974] pci 0000:7f:1e.3: [8086:6fc0] type 00 class 0x088000
[    5.508003] pci 0000:7f:1e.4: [8086:6f9c] type 00 class 0x088000
[    5.508051] pci 0000:7f:1f.0: [8086:6f88] type 00 class 0x088000
[    5.508093] pci 0000:7f:1f.2: [8086:6f8a] type 00 class 0x088000
[    5.521386] ACPI: PCI Root Bridge [PCI0] (domain 0000 [bus 00-7e])
[    5.521613] acpi PNP0A08:00: _OSC: OS supports [ExtendedConfig ASPM ClockPM Segments MSI]
[    5.522318] acpi PNP0A08:00: _OSC: platform does not support [AER]
[    5.523027] acpi PNP0A08:00: _OSC: OS now controls [PCIeHotplug PME PCIeCapability]
[    5.523404] acpi PNP0A08:00: FADT indicates ASPM is unsupported, using BIOS configuration
[    5.524065] PCI host bridge to bus 0000:00
[    5.524286] pci_bus 0000:00: root bus resource [io  0x0000-0x0cf7 window]
[    5.524513] pci_bus 0000:00: root bus resource [io  0x1000-0x7fff window]
[    5.524739] pci_bus 0000:00: root bus resource [mem 0x000a0000-0x000bffff window]
[    5.525115] pci_bus 0000:00: root bus resource [mem 0x90000000-0xc7ffafff window]
[    5.525490] pci_bus 0000:00: root bus resource [mem 0x40000000000-0x5ffffffffff window]
[    5.525867] pci_bus 0000:00: root bus resource [bus 00-7e]
[    5.526095] pci 0000:00:00.0: [8086:6f00] type 00 class 0x060000
[    5.526222] pci 0000:00:02.0: [8086:6f04] type 01 class 0x060400
[    5.526263] pci 0000:00:02.0: PME# supported from D0 D3hot D3cold
[    5.526352] pci 0000:00:02.0: System wakeup disabled by ACPI
[    5.526607] pci 0000:00:03.0: [8086:6f08] type 01 class 0x060400
[    5.526647] pci 0000:00:03.0: PME# supported from D0 D3hot D3cold
[    5.526731] pci 0000:00:03.0: System wakeup disabled by ACPI
[    5.526984] pci 0000:00:04.0: [8086:6f20] type 00 class 0x088000
[    5.526993] pci 0000:00:04.0: reg 0x10: [mem 0x5fffff2c000-0x5fffff2ffff 64bit]
[    5.527110] pci 0000:00:04.1: [8086:6f21] type 00 class 0x088000
[    5.527118] pci 0000:00:04.1: reg 0x10: [mem 0x5fffff28000-0x5fffff2bfff 64bit]
[    5.527233] pci 0000:00:04.2: [8086:6f22] type 00 class 0x088000
[    5.527241] pci 0000:00:04.2: reg 0x10: [mem 0x5fffff24000-0x5fffff27fff 64bit]
[    5.527356] pci 0000:00:04.3: [8086:6f23] type 00 class 0x088000
[    5.527364] pci 0000:00:04.3: reg 0x10: [mem 0x5fffff20000-0x5fffff23fff 64bit]
[    5.527478] pci 0000:00:04.4: [8086:6f24] type 00 class 0x088000
[    5.527487] pci 0000:00:04.4: reg 0x10: [mem 0x5fffff1c000-0x5fffff1ffff 64bit]
[    5.527601] pci 0000:00:04.5: [8086:6f25] type 00 class 0x088000
[    5.527610] pci 0000:00:04.5: reg 0x10: [mem 0x5fffff18000-0x5fffff1bfff 64bit]
[    5.527728] pci 0000:00:04.6: [8086:6f26] type 00 class 0x088000
[    5.527736] pci 0000:00:04.6: reg 0x10: [mem 0x5fffff14000-0x5fffff17fff 64bit]
[    5.527850] pci 0000:00:04.7: [8086:6f27] type 00 class 0x088000
[    5.527858] pci 0000:00:04.7: reg 0x10: [mem 0x5fffff10000-0x5fffff13fff 64bit]
[    5.527975] pci 0000:00:05.0: [8086:6f28] type 00 class 0x088000
[    5.528082] pci 0000:00:05.1: [8086:6f29] type 00 class 0x088000
[    5.528200] pci 0000:00:05.2: [8086:6f2a] type 00 class 0x088000
[    5.528308] pci 0000:00:05.4: [8086:6f2c] type 00 class 0x080020
[    5.528314] pci 0000:00:05.4: reg 0x10: [mem 0xc7205000-0xc7205fff]
[    5.528438] pci 0000:00:11.0: [8086:8d7c] type 00 class 0xff0000
[    5.528622] pci 0000:00:11.4: [8086:8d62] type 00 class 0x010601
[    5.528636] pci 0000:00:11.4: reg 0x10: [io  0x7110-0x7117]
[    5.528644] pci 0000:00:11.4: reg 0x14: [io  0x7100-0x7103]
[    5.528652] pci 0000:00:11.4: reg 0x18: [io  0x70f0-0x70f7]
[    5.528659] pci 0000:00:11.4: reg 0x1c: [io  0x70e0-0x70e3]
[    5.528666] pci 0000:00:11.4: reg 0x20: [io  0x7020-0x703f]
[    5.528674] pci 0000:00:11.4: reg 0x24: [mem 0xc7204000-0xc72047ff]
[    5.528713] pci 0000:00:11.4: PME# supported from D3hot
[    5.528811] pci 0000:00:16.0: [8086:8d3a] type 00 class 0x078000
[    5.528827] pci 0000:00:16.0: reg 0x10: [mem 0x5fffff33000-0x5fffff3300f 64bit]
[    5.528885] pci 0000:00:16.0: PME# supported from D0 D3hot D3cold
[    5.528976] pci 0000:00:16.1: [8086:8d3b] type 00 class 0x078000
[    5.528992] pci 0000:00:16.1: reg 0x10: [mem 0x5fffff32000-0x5fffff3200f 64bit]
[    5.529050] pci 0000:00:16.1: PME# supported from D0 D3hot D3cold
[    5.529150] pci 0000:00:1a.0: [8086:8d2d] type 00 class 0x0c0320
[    5.529166] pci 0000:00:1a.0: reg 0x10: [mem 0xc7202000-0xc72023ff]
[    5.529246] pci 0000:00:1a.0: PME# supported from D0 D3hot D3cold
[    5.529323] pci 0000:00:1a.0: System wakeup disabled by ACPI
[    5.529579] pci 0000:00:1c.0: [8086:8d10] type 01 class 0x060400
[    5.529647] pci 0000:00:1c.0: PME# supported from D0 D3hot D3cold
[    5.529715] pci 0000:00:1c.0: System wakeup disabled by ACPI
[    5.529972] pci 0000:00:1c.4: [8086:8d18] type 01 class 0x060400
[    5.530033] pci 0000:00:1c.4: PME# supported from D0 D3hot D3cold
[    5.530103] pci 0000:00:1c.4: System wakeup disabled by ACPI
[    5.530361] pci 0000:00:1d.0: [8086:8d26] type 00 class 0x0c0320
[    5.530377] pci 0000:00:1d.0: reg 0x10: [mem 0xc7201000-0xc72013ff]
[    5.530457] pci 0000:00:1d.0: PME# supported from D0 D3hot D3cold
[    5.530532] pci 0000:00:1d.0: System wakeup disabled by ACPI
[    5.530786] pci 0000:00:1f.0: [8086:8d44] type 00 class 0x060100
[    5.530969] pci 0000:00:1f.2: [8086:8d02] type 00 class 0x010601
[    5.530981] pci 0000:00:1f.2: reg 0x10: [io  0x7070-0x7077]
[    5.530988] pci 0000:00:1f.2: reg 0x14: [io  0x7060-0x7063]
[    5.530994] pci 0000:00:1f.2: reg 0x18: [io  0x7050-0x7057]
[    5.531001] pci 0000:00:1f.2: reg 0x1c: [io  0x7040-0x7043]
[    5.531007] pci 0000:00:1f.2: reg 0x20: [io  0x7000-0x701f]
[    5.531013] pci 0000:00:1f.2: reg 0x24: [mem 0xc7200000-0xc72007ff]
[    5.531047] pci 0000:00:1f.2: PME# supported from D3hot
[    5.531134] pci 0000:00:1f.3: [8086:8d22] type 00 class 0x0c0500
[    5.531147] pci 0000:00:1f.3: reg 0x10: [mem 0x5fffff31000-0x5fffff310ff 64bit]
[    5.531165] pci 0000:00:1f.3: reg 0x20: [io  0x0580-0x059f]
[    5.531270] pci 0000:00:1f.6: [8086:8d24] type 00 class 0x118000
[    5.531287] pci 0000:00:1f.6: reg 0x10: [mem 0x5fffff30000-0x5fffff30fff 64bit]
[    5.531581] pci 0000:01:00.0: [8086:105e] type 00 class 0x020000
[    5.531593] pci 0000:01:00.0: reg 0x10: [mem 0xc71a0000-0xc71bffff]
[    5.531600] pci 0000:01:00.0: reg 0x14: [mem 0xc7180000-0xc719ffff]
[    5.531607] pci 0000:01:00.0: reg 0x18: [io  0x6020-0x603f]
[    5.531632] pci 0000:01:00.0: reg 0x30: [mem 0xc7160000-0xc717ffff pref]
[    5.531675] pci 0000:01:00.0: PME# supported from D0 D3hot D3cold
[    5.531736] pci 0000:01:00.1: [8086:105e] type 00 class 0x020000
[    5.531747] pci 0000:01:00.1: reg 0x10: [mem 0xc7140000-0xc715ffff]
[    5.531754] pci 0000:01:00.1: reg 0x14: [mem 0xc7120000-0xc713ffff]
[    5.531761] pci 0000:01:00.1: reg 0x18: [io  0x6000-0x601f]
[    5.531786] pci 0000:01:00.1: reg 0x30: [mem 0xc7100000-0xc711ffff pref]
[    5.531827] pci 0000:01:00.1: PME# supported from D0 D3hot D3cold
[    5.534982] pci 0000:00:02.0: PCI bridge to [bus 01]
[    5.535212] pci 0000:00:02.0:   bridge window [io  0x6000-0x6fff]
[    5.535215] pci 0000:00:02.0:   bridge window [mem 0xc7100000-0xc71fffff]
[    5.535480] pci 0000:02:00.0: [10b5:8796] type 01 class 0x060400
[    5.535489] pci 0000:02:00.0: reg 0x10: [mem 0xc6200000-0xc623ffff]
[    5.535549] pci 0000:02:00.0: PME# supported from D0 D3hot D3cold
[    5.538982] pci 0000:00:03.0: PCI bridge to [bus 02-08]
[    5.539213] pci 0000:00:03.0:   bridge window [mem 0xc4000000-0xc62fffff]
[    5.539218] pci 0000:00:03.0:   bridge window [mem 0x5c000000000-0x5e0004fffff 64bit pref]
[    5.539294] pci 0000:03:04.0: [10b5:8796] type 01 class 0x060400
[    5.539321] pci 0000:03:04.0: Max Payload Size set to 256 (was 128, max 2048)
[    5.539594] pci 0000:03:04.0: PME# supported from D0 D3hot D3cold
[    5.539646] pci 0000:03:08.0: [10b5:8796] type 01 class 0x060400
[    5.539716] pci 0000:03:08.0: PME# supported from D0 D3hot D3cold
[    5.539764] pci 0000:03:0c.0: [10b5:8796] type 01 class 0x060400
[    5.539792] pci 0000:03:0c.0: Max Payload Size set to 256 (was 128, max 2048)
[    5.540066] pci 0000:03:0c.0: PME# supported from D0 D3hot D3cold
[    5.540118] pci 0000:03:10.0: [10b5:8796] type 01 class 0x060400
[    5.540146] pci 0000:03:10.0: Max Payload Size set to 256 (was 128, max 2048)
[    5.540417] pci 0000:03:10.0: PME# supported from D0 D3hot D3cold
[    5.540465] pci 0000:03:14.0: [10b5:8796] type 01 class 0x060400
[    5.540493] pci 0000:03:14.0: Max Payload Size set to 256 (was 128, max 2048)
[    5.540765] pci 0000:03:14.0: PME# supported from D0 D3hot D3cold
[    5.540813] pci 0000:02:00.0: PCI bridge to [bus 03-08]
[    5.541040] pci 0000:02:00.0:   bridge window [mem 0xc4000000-0xc61fffff]
[    5.541044] pci 0000:02:00.0:   bridge window [mem 0x5c000000000-0x5e0004fffff 64bit pref]
[    5.541074] pci 0000:03:04.0: PCI bridge to [bus 04]
[    5.541338] pci 0000:05:00.0: [1d0f:1042] type 00 class 0x058000
[    5.541349] pci 0000:05:00.0: reg 0x10: [mem 0xc4000000-0xc5ffffff]
[    5.541356] pci 0000:05:00.0: reg 0x14: [mem 0xc6000000-0xc61fffff]
[    5.541367] pci 0000:05:00.0: reg 0x18: [mem 0x5e000410000-0x5e00041ffff 64bit pref]
[    5.541378] pci 0000:05:00.0: reg 0x20: [mem 0x5c000000000-0x5dfffffffff 64bit pref]
[    5.541475] pci 0000:05:00.1: [1d0f:1041] type 00 class 0x058000
[    5.541490] pci 0000:05:00.1: reg 0x10: [mem 0x5e000424000-0x5e000427fff 64bit pref]
[    5.541501] pci 0000:05:00.1: reg 0x18: [mem 0x5e000420000-0x5e000423fff 64bit pref]
[    5.541512] pci 0000:05:00.1: reg 0x20: [mem 0x5e000000000-0x5e0003fffff 64bit pref]
[    5.541593] pci 0000:05:00.2: [1d0f:1040] type 00 class 0x058000
[    5.541607] pci 0000:05:00.2: reg 0x10: [mem 0x5e000400000-0x5e00040ffff 64bit pref]
[    5.541619] pci 0000:05:00.2: reg 0x18: [mem 0x5e000428000-0x5e000428fff 64bit pref]
[    5.545057] pci 0000:03:08.0: PCI bridge to [bus 05]
[    5.545289] pci 0000:03:08.0:   bridge window [mem 0xc4000000-0xc61fffff]
[    5.545295] pci 0000:03:08.0:   bridge window [mem 0x5c000000000-0x5e0004fffff 64bit pref]
[    5.545340] pci 0000:03:0c.0: PCI bridge to [bus 06]
[    5.545617] pci 0000:03:10.0: PCI bridge to [bus 07]
[    5.545873] pci 0000:03:14.0: PCI bridge to [bus 08]
[    5.546157] pci 0000:00:1c.0: PCI bridge to [bus 09]
[    5.546442] pci 0000:0a:00.0: [1a03:1150] type 01 class 0x060400
[    5.546565] pci 0000:0a:00.0: supports D1 D2
[    5.546566] pci 0000:0a:00.0: PME# supported from D0 D1 D2 D3hot D3cold
[    5.550115] pci 0000:00:1c.4: PCI bridge to [bus 0a-0b]
[    5.550345] pci 0000:00:1c.4:   bridge window [io  0x5000-0x5fff]
[    5.550349] pci 0000:00:1c.4:   bridge window [mem 0xc6800000-0xc70fffff]
[    5.550446] pci 0000:0b:00.0: [1a03:2000] type 00 class 0x030000
[    5.550470] pci 0000:0b:00.0: reg 0x10: [mem 0xc6800000-0xc6ffffff]
[    5.550484] pci 0000:0b:00.0: reg 0x14: [mem 0xc7000000-0xc701ffff]
[    5.550497] pci 0000:0b:00.0: reg 0x18: [io  0x5000-0x507f]
[    5.550600] pci 0000:0b:00.0: supports D1 D2
[    5.550601] pci 0000:0b:00.0: PME# supported from D0 D1 D2 D3hot D3cold
[    5.550699] pci 0000:0a:00.0: PCI bridge to [bus 0b]
[    5.550928] pci 0000:0a:00.0:   bridge window [io  0x5000-0x5fff]
[    5.550932] pci 0000:0a:00.0:   bridge window [mem 0xc6800000-0xc70fffff]
[    5.550965] pci_bus 0000:00: on NUMA node 0
[    5.551695] ACPI: PCI Root Bridge [PCI1] (domain 0000 [bus 80-fe])
[    5.551923] acpi PNP0A08:01: _OSC: OS supports [ExtendedConfig ASPM ClockPM Segments MSI]
[    5.552624] acpi PNP0A08:01: _OSC: platform does not support [AER]
[    5.553328] acpi PNP0A08:01: _OSC: OS now controls [PCIeHotplug PME PCIeCapability]
[    5.553706] acpi PNP0A08:01: FADT indicates ASPM is unsupported, using BIOS configuration
[    5.554243] PCI host bridge to bus 0000:80
[    5.554467] pci_bus 0000:80: root bus resource [io  0x8000-0xffff window]
[    5.554693] pci_bus 0000:80: root bus resource [mem 0xc8000000-0xfbffbfff window]
[    5.555070] pci_bus 0000:80: root bus resource [mem 0x60000000000-0x7ffffffffff window]
[    5.555449] pci_bus 0000:80: root bus resource [bus 80-fe]
[    5.555681] pci 0000:80:02.0: [8086:6f04] type 01 class 0x060400
[    5.555728] pci 0000:80:02.0: PME# supported from D0 D3hot D3cold
[    5.555788] pci 0000:80:02.0: System wakeup disabled by ACPI
[    5.556043] pci 0000:80:03.0: [8086:6f08] type 01 class 0x060400
[    5.556088] pci 0000:80:03.0: PME# supported from D0 D3hot D3cold
[    5.556145] pci 0000:80:03.0: System wakeup disabled by ACPI
[    5.556399] pci 0000:80:03.2: [8086:6f0a] type 01 class 0x060400
[    5.556443] pci 0000:80:03.2: PME# supported from D0 D3hot D3cold
[    5.556500] pci 0000:80:03.2: System wakeup disabled by ACPI
[    5.556756] pci 0000:80:04.0: [8086:6f20] type 00 class 0x088000
[    5.556766] pci 0000:80:04.0: reg 0x10: [mem 0x7fffff1c000-0x7fffff1ffff 64bit]
[    5.556858] pci 0000:80:04.1: [8086:6f21] type 00 class 0x088000
[    5.556867] pci 0000:80:04.1: reg 0x10: [mem 0x7fffff18000-0x7fffff1bfff 64bit]
[    5.556957] pci 0000:80:04.2: [8086:6f22] type 00 class 0x088000
[    5.556966] pci 0000:80:04.2: reg 0x10: [mem 0x7fffff14000-0x7fffff17fff 64bit]
[    5.557056] pci 0000:80:04.3: [8086:6f23] type 00 class 0x088000
[    5.557065] pci 0000:80:04.3: reg 0x10: [mem 0x7fffff10000-0x7fffff13fff 64bit]
[    5.557155] pci 0000:80:04.4: [8086:6f24] type 00 class 0x088000
[    5.557164] pci 0000:80:04.4: reg 0x10: [mem 0x7fffff0c000-0x7fffff0ffff 64bit]
[    5.557254] pci 0000:80:04.5: [8086:6f25] type 00 class 0x088000
[    5.557263] pci 0000:80:04.5: reg 0x10: [mem 0x7fffff08000-0x7fffff0bfff 64bit]
[    5.557352] pci 0000:80:04.6: [8086:6f26] type 00 class 0x088000
[    5.557361] pci 0000:80:04.6: reg 0x10: [mem 0x7fffff04000-0x7fffff07fff 64bit]
[    5.557451] pci 0000:80:04.7: [8086:6f27] type 00 class 0x088000
[    5.557460] pci 0000:80:04.7: reg 0x10: [mem 0x7fffff00000-0x7fffff03fff 64bit]
[    5.557549] pci 0000:80:05.0: [8086:6f28] type 00 class 0x088000
[    5.557631] pci 0000:80:05.1: [8086:6f29] type 00 class 0x088000
[    5.557732] pci 0000:80:05.2: [8086:6f2a] type 00 class 0x088000
[    5.557816] pci 0000:80:05.4: [8086:6f2c] type 00 class 0x080020
[    5.557822] pci 0000:80:05.4: reg 0x10: [mem 0xf8200000-0xf8200fff]
[    5.558077] pci 0000:81:00.0: [10b5:8796] type 01 class 0x060400
[    5.558087] pci 0000:81:00.0: reg 0x10: [mem 0xf8100000-0xf813ffff]
[    5.558154] pci 0000:81:00.0: PME# supported from D0 D3hot D3cold
[    5.560738] pci 0000:80:02.0: PCI bridge to [bus 81-87]
[    5.560964] pci 0000:80:02.0:   bridge window [mem 0xf8100000-0xf81fffff]
[    5.561006] pci 0000:82:00.0: [10b5:8796] type 01 class 0x060400
[    5.561035] pci 0000:82:00.0: Max Payload Size set to 256 (was 128, max 2048)
[    5.561310] pci 0000:82:00.0: PME# supported from D0 D3hot D3cold
[    5.561364] pci 0000:82:08.0: [10b5:8796] type 01 class 0x060400
[    5.561393] pci 0000:82:08.0: Max Payload Size set to 256 (was 128, max 2048)
[    5.561668] pci 0000:82:08.0: PME# supported from D0 D3hot D3cold
[    5.561719] pci 0000:82:0c.0: [10b5:8796] type 01 class 0x060400
[    5.561750] pci 0000:82:0c.0: Max Payload Size set to 256 (was 128, max 2048)
[    5.562026] pci 0000:82:0c.0: PME# supported from D0 D3hot D3cold
[    5.562077] pci 0000:82:10.0: [10b5:8796] type 01 class 0x060400
[    5.562106] pci 0000:82:10.0: Max Payload Size set to 256 (was 128, max 2048)
[    5.562381] pci 0000:82:10.0: PME# supported from D0 D3hot D3cold
[    5.562433] pci 0000:82:14.0: [10b5:8796] type 01 class 0x060400
[    5.562463] pci 0000:82:14.0: Max Payload Size set to 256 (was 128, max 2048)
[    5.562742] pci 0000:82:14.0: PME# supported from D0 D3hot D3cold
[    5.562791] pci 0000:81:00.0: PCI bridge to [bus 82-87]
[    5.563049] pci 0000:82:00.0: PCI bridge to [bus 83]
[    5.563308] pci 0000:82:08.0: PCI bridge to [bus 84]
[    5.563565] pci 0000:82:0c.0: PCI bridge to [bus 85]
[    5.563824] pci 0000:82:10.0: PCI bridge to [bus 86]
[    5.564083] pci 0000:82:14.0: PCI bridge to [bus 87]
[    5.564496] pci 0000:88:00.0: [1c36:1031] type 00 class 0x018002
[    5.564523] pci 0000:88:00.0: reg 0x10: [mem 0xf8004000-0xf8007fff 64bit]
[    5.564557] pci 0000:88:00.0: reg 0x20: [mem 0xf0000000-0xf3ffffff]
[    5.564572] pci 0000:88:00.0: reg 0x24: [mem 0xf6000000-0xf7ffffff]
[    5.564663] pci 0000:88:00.0: PME# supported from D0
[    5.564759] pci 0000:88:00.1: [1c36:1031] type 00 class 0x018002
[    5.564786] pci 0000:88:00.1: reg 0x10: [mem 0xf8000000-0xf8003fff 64bit]
[    5.564821] pci 0000:88:00.1: reg 0x20: [mem 0xec000000-0xefffffff]
[    5.564834] pci 0000:88:00.1: reg 0x24: [mem 0xf4000000-0xf5ffffff]
[    5.564925] pci 0000:88:00.1: PME# supported from D0
[    5.567826] pci 0000:80:03.0: PCI bridge to [bus 88]
[    5.568068] pci 0000:80:03.0:   bridge window [mem 0xec000000-0xf80fffff]
[    5.568234] pci 0000:89:00.0: [1c36:1031] type 00 class 0x018002
[    5.568261] pci 0000:89:00.0: reg 0x10: [mem 0xe8004000-0xe8007fff 64bit]
[    5.568295] pci 0000:89:00.0: reg 0x20: [mem 0xe0000000-0xe3ffffff]
[    5.568310] pci 0000:89:00.0: reg 0x24: [mem 0xe6000000-0xe7ffffff]
[    5.568401] pci 0000:89:00.0: PME# supported from D0
[    5.568493] pci 0000:89:00.1: [1c36:1031] type 00 class 0x018002
[    5.568519] pci 0000:89:00.1: reg 0x10: [mem 0xe8000000-0xe8003fff 64bit]
[    5.568553] pci 0000:89:00.1: reg 0x20: [mem 0xdc000000-0xdfffffff]
[    5.568566] pci 0000:89:00.1: reg 0x24: [mem 0xe4000000-0xe5ffffff]
[    5.568656] pci 0000:89:00.1: PME# supported from D0
[    5.571815] pci 0000:80:03.2: PCI bridge to [bus 89]
[    5.572059] pci 0000:80:03.2:   bridge window [mem 0xdc000000-0xe80fffff]
[    5.572074] pci_bus 0000:80: on NUMA node 1
[    5.572353] ACPI: PCI Interrupt Link [LNKA] (IRQs 3 4 5 6 7 10 *11 12 14 15)
[    5.573360] ACPI: PCI Interrupt Link [LNKB] (IRQs 3 4 5 6 7 *10 11 12 14 15)
[    5.574363] ACPI: PCI Interrupt Link [LNKC] (IRQs 3 4 *5 6 10 11 12 14 15)
[    5.575303] ACPI: PCI Interrupt Link [LNKD] (IRQs 3 *4 5 6 10 11 12 14 15)
[    5.576242] ACPI: PCI Interrupt Link [LNKE] (IRQs 3 4 5 6 7 10 11 12 14 15) *0, disabled.
[    5.577517] ACPI: PCI Interrupt Link [LNKF] (IRQs 3 4 5 6 7 10 11 12 14 15) *0, disabled.
[    5.578792] ACPI: PCI Interrupt Link [LNKG] (IRQs 3 4 5 6 7 10 11 12 14 15) *0, disabled.
[    5.580069] ACPI: PCI Interrupt Link [LNKH] (IRQs 3 4 5 6 7 10 11 12 14 15) *0, disabled.
[    5.581364] ACPI: Enabled 3 GPEs in block 00 to 3F
[    5.586471] vgaarb: setting as boot device: PCI:0000:0b:00.0
[    5.586696] vgaarb: device added: PCI:0000:0b:00.0,decodes=io+mem,owns=io+mem,locks=none
[    5.587080] vgaarb: loaded
[    5.587296] vgaarb: bridge control possible 0000:0b:00.0
[    5.587612] SCSI subsystem initialized
[    5.587850] ACPI: bus type USB registered
[    5.588090] usbcore: registered new interface driver usbfs
[    5.588320] usbcore: registered new interface driver hub
[    5.588686] usbcore: registered new device driver usb
[    5.589201] PCI: Using ACPI for IRQ routing
[    5.593450] PCI: pci_cache_line_size set to 64 bytes
[    5.593691] e820: reserve RAM buffer [mem 0x0009ac00-0x0009ffff]
[    5.593692] e820: reserve RAM buffer [mem 0x790db000-0x7bffffff]
[    5.593800] NetLabel: Initializing
[    5.594019] NetLabel:  domain hash size = 128
[    5.594241] NetLabel:  protocols = UNLABELED CIPSOv4
[    5.594476] NetLabel:  unlabeled traffic allowed by default
[    5.594837] hpet0: at MMIO 0xfed00000, IRQs 2, 8, 0, 0, 0, 0, 0, 0
[    5.595616] hpet0: 8 comparators, 64-bit 14.318180 MHz counter
[    5.597971] clocksource: Switched to clocksource hpet
[    5.606428] VFS: Disk quotas dquot_6.6.0
[    5.606707] VFS: Dquot-cache hash table entries: 512 (order 0, 4096 bytes)
[    5.607074] pnp: PnP ACPI init
[    5.607608] pnp 00:00: Plug and Play ACPI device, IDs PNP0b00 (active)
[    5.607801] system 00:01: [io  0x0500-0x057f] has been reserved
[    5.608040] system 00:01: [io  0x0400-0x047f] has been reserved
[    5.608270] system 00:01: [io  0x0580-0x059f] has been reserved
[    5.608501] system 00:01: [io  0x0600-0x061f] has been reserved
[    5.608731] system 00:01: [io  0x0880-0x0883] has been reserved
[    5.608965] system 00:01: [io  0x0800-0x081f] has been reserved
[    5.609196] system 00:01: [mem 0xfed1c000-0xfed3ffff] has been reserved
[    5.609428] system 00:01: [mem 0xfed45000-0xfed8bfff] has been reserved
[    5.609659] system 00:01: [mem 0xff000000-0xffffffff] has been reserved
[    5.609891] system 00:01: [mem 0xfee00000-0xfeefffff] has been reserved
[    5.610143] system 00:01: [mem 0xfed12000-0xfed1200f] has been reserved
[    5.610374] system 00:01: [mem 0xfed12010-0xfed1201f] has been reserved
[    5.610605] system 00:01: [mem 0xfed1b000-0xfed1bfff] has been reserved
[    5.610847] system 00:01: Plug and Play ACPI device, IDs PNP0c02 (active)
[    5.611082] system 00:02: [io  0x0a00-0x0a0f] has been reserved
[    5.611312] system 00:02: [io  0x0a10-0x0a1f] has been reserved
[    5.611543] system 00:02: [io  0x0a20-0x0a2f] has been reserved
[    5.611772] system 00:02: [io  0x0a30-0x0a3f] has been reserved
[    5.612007] system 00:02: [io  0x0a40-0x0a4f] has been reserved
[    5.612238] system 00:02: Plug and Play ACPI device, IDs PNP0c02 (active)
[    5.612491] pnp 00:03: [dma 0 disabled]
[    5.612529] pnp 00:03: Plug and Play ACPI device, IDs PNP0501 (active)
[    5.613041] pnp 00:04: Plug and Play ACPI device, IDs PNP0c31 (active)
[    5.613135] pnp: PnP ACPI: found 5 devices
[    5.620561] clocksource: acpi_pm: mask: 0xffffff max_cycles: 0xffffff, max_idle_ns: 2085701024 ns
[    5.625111] pci 0000:00:1c.0: bridge window [io  0x1000-0x0fff] to [bus 09] add_size 1000
[    5.625114] pci 0000:00:1c.0: bridge window [mem 0x00100000-0x000fffff 64bit pref] to [bus 09] add_size 200000 add_align 100000
[    5.625115] pci 0000:00:1c.0: bridge window [mem 0x00100000-0x000fffff] to [bus 09] add_size 200000 add_align 100000
[    5.625137] pci 0000:00:1c.0: res[14]=[mem 0x00100000-0x000fffff] res_to_dev_res add_size 200000 min_align 100000
[    5.625138] pci 0000:00:1c.0: res[14]=[mem 0x00100000-0x002fffff] res_to_dev_res add_size 200000 min_align 100000
[    5.625139] pci 0000:00:1c.0: res[15]=[mem 0x00100000-0x000fffff 64bit pref] res_to_dev_res add_size 200000 min_align 100000
[    5.625140] pci 0000:00:1c.0: res[15]=[mem 0x00100000-0x002fffff 64bit pref] res_to_dev_res add_size 200000 min_align 100000
[    5.625141] pci 0000:00:1c.0: res[13]=[io  0x1000-0x0fff] res_to_dev_res add_size 1000 min_align 1000
[    5.625143] pci 0000:00:1c.0: res[13]=[io  0x1000-0x1fff] res_to_dev_res add_size 1000 min_align 1000
[    5.625146] pci 0000:00:1c.0: BAR 14: assigned [mem 0x90000000-0x901fffff]
[    5.625380] pci 0000:00:1c.0: BAR 15: assigned [mem 0x40000000000-0x400001fffff 64bit pref]
[    5.625769] pci 0000:00:1c.0: BAR 13: assigned [io  0x1000-0x1fff]
[    5.626004] pci 0000:00:02.0: PCI bridge to [bus 01]
[    5.626233] pci 0000:00:02.0:   bridge window [io  0x6000-0x6fff]
[    5.626464] pci 0000:00:02.0:   bridge window [mem 0xc7100000-0xc71fffff]
[    5.626700] pci 0000:03:04.0: PCI bridge to [bus 04]
[    5.626934] pci 0000:03:08.0: PCI bridge to [bus 05]
[    5.627167] pci 0000:03:08.0:   bridge window [mem 0xc4000000-0xc61fffff]
[    5.627401] pci 0000:03:08.0:   bridge window [mem 0x5c000000000-0x5e0004fffff 64bit pref]
[    5.627792] pci 0000:03:0c.0: PCI bridge to [bus 06]
[    5.628030] pci 0000:03:10.0: PCI bridge to [bus 07]
[    5.628264] pci 0000:03:14.0: PCI bridge to [bus 08]
[    5.628498] pci 0000:02:00.0: PCI bridge to [bus 03-08]
[    5.628728] pci 0000:02:00.0:   bridge window [mem 0xc4000000-0xc61fffff]
[    5.628964] pci 0000:02:00.0:   bridge window [mem 0x5c000000000-0x5e0004fffff 64bit pref]
[    5.629355] pci 0000:00:03.0: PCI bridge to [bus 02-08]
[    5.629585] pci 0000:00:03.0:   bridge window [mem 0xc4000000-0xc62fffff]
[    5.629817] pci 0000:00:03.0:   bridge window [mem 0x5c000000000-0x5e0004fffff 64bit pref]
[    5.630211] pci 0000:00:1c.0: PCI bridge to [bus 09]
[    5.630439] pci 0000:00:1c.0:   bridge window [io  0x1000-0x1fff]
[    5.630672] pci 0000:00:1c.0:   bridge window [mem 0x90000000-0x901fffff]
[    5.630905] pci 0000:00:1c.0:   bridge window [mem 0x40000000000-0x400001fffff 64bit pref]
[    5.631301] pci 0000:0a:00.0: PCI bridge to [bus 0b]
[    5.631531] pci 0000:0a:00.0:   bridge window [io  0x5000-0x5fff]
[    5.631765] pci 0000:0a:00.0:   bridge window [mem 0xc6800000-0xc70fffff]
[    5.632010] pci 0000:00:1c.4: PCI bridge to [bus 0a-0b]
[    5.632239] pci 0000:00:1c.4:   bridge window [io  0x5000-0x5fff]
[    5.632471] pci 0000:00:1c.4:   bridge window [mem 0xc6800000-0xc70fffff]
[    5.632709] pci_bus 0000:00: resource 4 [io  0x0000-0x0cf7 window]
[    5.632710] pci_bus 0000:00: resource 5 [io  0x1000-0x7fff window]
[    5.632711] pci_bus 0000:00: resource 6 [mem 0x000a0000-0x000bffff window]
[    5.632712] pci_bus 0000:00: resource 7 [mem 0x90000000-0xc7ffafff window]
[    5.632713] pci_bus 0000:00: resource 8 [mem 0x40000000000-0x5ffffffffff window]
[    5.632714] pci_bus 0000:01: resource 0 [io  0x6000-0x6fff]
[    5.632715] pci_bus 0000:01: resource 1 [mem 0xc7100000-0xc71fffff]
[    5.632716] pci_bus 0000:02: resource 1 [mem 0xc4000000-0xc62fffff]
[    5.632717] pci_bus 0000:02: resource 2 [mem 0x5c000000000-0x5e0004fffff 64bit pref]
[    5.632718] pci_bus 0000:03: resource 1 [mem 0xc4000000-0xc61fffff]
[    5.632719] pci_bus 0000:03: resource 2 [mem 0x5c000000000-0x5e0004fffff 64bit pref]
[    5.632720] pci_bus 0000:05: resource 1 [mem 0xc4000000-0xc61fffff]
[    5.632721] pci_bus 0000:05: resource 2 [mem 0x5c000000000-0x5e0004fffff 64bit pref]
[    5.632723] pci_bus 0000:09: resource 0 [io  0x1000-0x1fff]
[    5.632724] pci_bus 0000:09: resource 1 [mem 0x90000000-0x901fffff]
[    5.632725] pci_bus 0000:09: resource 2 [mem 0x40000000000-0x400001fffff 64bit pref]
[    5.632726] pci_bus 0000:0a: resource 0 [io  0x5000-0x5fff]
[    5.632726] pci_bus 0000:0a: resource 1 [mem 0xc6800000-0xc70fffff]
[    5.632727] pci_bus 0000:0b: resource 0 [io  0x5000-0x5fff]
[    5.632728] pci_bus 0000:0b: resource 1 [mem 0xc6800000-0xc70fffff]
[    5.632871] pci 0000:82:00.0: PCI bridge to [bus 83]
[    5.633110] pci 0000:82:08.0: PCI bridge to [bus 84]
[    5.633344] pci 0000:82:0c.0: PCI bridge to [bus 85]
[    5.633577] pci 0000:82:10.0: PCI bridge to [bus 86]
[    5.633810] pci 0000:82:14.0: PCI bridge to [bus 87]
[    5.634047] pci 0000:81:00.0: PCI bridge to [bus 82-87]
[    5.634281] pci 0000:80:02.0: PCI bridge to [bus 81-87]
[    5.634510] pci 0000:80:02.0:   bridge window [mem 0xf8100000-0xf81fffff]
[    5.634744] pci 0000:80:03.0: PCI bridge to [bus 88]
[    5.634977] pci 0000:80:03.0:   bridge window [mem 0xec000000-0xf80fffff]
[    5.635211] pci 0000:80:03.2: PCI bridge to [bus 89]
[    5.635441] pci 0000:80:03.2:   bridge window [mem 0xdc000000-0xe80fffff]
[    5.635676] pci_bus 0000:80: resource 4 [io  0x8000-0xffff window]
[    5.635677] pci_bus 0000:80: resource 5 [mem 0xc8000000-0xfbffbfff window]
[    5.635678] pci_bus 0000:80: resource 6 [mem 0x60000000000-0x7ffffffffff window]
[    5.635679] pci_bus 0000:81: resource 1 [mem 0xf8100000-0xf81fffff]
[    5.635681] pci_bus 0000:88: resource 1 [mem 0xec000000-0xf80fffff]
[    5.635682] pci_bus 0000:89: resource 1 [mem 0xdc000000-0xe80fffff]
[    5.635815] NET: Registered protocol family 2
[    5.636758] TCP established hash table entries: 524288 (order: 10, 4194304 bytes)
[    5.637855] TCP bind hash table entries: 65536 (order: 8, 1048576 bytes)
[    5.638264] TCP: Hash tables configured (established 524288 bind 65536)
[    5.638630] UDP hash table entries: 65536 (order: 9, 2097152 bytes)
[    5.639280] UDP-Lite hash table entries: 65536 (order: 9, 2097152 bytes)
[    5.640083] NET: Registered protocol family 1
[    5.640865] PCI: CLS mismatch (64 != 32), using 64 bytes
[    5.640883] pci 0000:0b:00.0: Video device with shadowed ROM at [mem 0x000c0000-0x000dffff]
[    5.641371] Unpacking initramfs...
[    6.007147] Freeing initrd memory: 23896K (ffff880035145000 - ffff88003689b000)
[    6.007705] PCI-DMA: Using software bounce buffering for IO (SWIOTLB)
[    6.007945] software IO TLB [mem 0x750db000-0x790db000] (64MB) mapped at [ffff8800750db000-ffff8800790dafff]
[    6.008388] Intel CQM monitoring enabled
[    6.008614] Intel MBM enabled
[    6.016721] futex hash table entries: 32768 (order: 9, 2097152 bytes)
[    6.017339] audit: initializing netlink subsys (disabled)
[    6.017596] audit: type=2000 audit(1523732428.569:1): initialized
[    6.018651] Initialise system trusted keyrings
[    6.019257] workingset: timestamp_bits=36 max_order=28 bucket_order=0
[    6.020955] zbud: loaded
[    6.021456] SELinux:  Registering netfilter hooks
[    6.337045] NET: Registered protocol family 38
[    6.337276] Key type asymmetric registered
[    6.337501] Asymmetric key parser 'x509' registered
[    6.337777] Block layer SCSI generic (bsg) driver version 0.4 loaded (major 248)
[    6.338323] io scheduler noop registered
[    6.338550] io scheduler deadline registered (default)
[    6.338785] io scheduler cfq registered
[    6.342169] pcieport 0000:00:02.0: Signaling PME through PCIe PME interrupt
[    6.342398] pci 0000:01:00.0: Signaling PME through PCIe PME interrupt
[    6.342624] pci 0000:01:00.1: Signaling PME through PCIe PME interrupt
[    6.342851] pcie_pme 0000:00:02.0:pcie001: service driver pcie_pme loaded
[    6.342866] pcieport 0000:00:03.0: Signaling PME through PCIe PME interrupt
[    6.343100] pcieport 0000:02:00.0: Signaling PME through PCIe PME interrupt
[    6.343327] pcieport 0000:03:04.0: Signaling PME through PCIe PME interrupt
[    6.343553] pcieport 0000:03:08.0: Signaling PME through PCIe PME interrupt
[    6.343779] pci 0000:05:00.0: Signaling PME through PCIe PME interrupt
[    6.344008] pci 0000:05:00.1: Signaling PME through PCIe PME interrupt
[    6.344235] pci 0000:05:00.2: Signaling PME through PCIe PME interrupt
[    6.344460] pcieport 0000:03:0c.0: Signaling PME through PCIe PME interrupt
[    6.344687] pcieport 0000:03:10.0: Signaling PME through PCIe PME interrupt
[    6.344914] pcieport 0000:03:14.0: Signaling PME through PCIe PME interrupt
[    6.345144] pcie_pme 0000:00:03.0:pcie001: service driver pcie_pme loaded
[    6.345161] pcieport 0000:00:1c.0: Signaling PME through PCIe PME interrupt
[    6.345389] pcie_pme 0000:00:1c.0:pcie001: service driver pcie_pme loaded
[    6.345405] pcieport 0000:00:1c.4: Signaling PME through PCIe PME interrupt
[    6.345631] pci 0000:0a:00.0: Signaling PME through PCIe PME interrupt
[    6.345856] pci 0000:0b:00.0: Signaling PME through PCIe PME interrupt
[    6.346090] pcie_pme 0000:00:1c.4:pcie001: service driver pcie_pme loaded
[    6.346110] pcieport 0000:80:02.0: Signaling PME through PCIe PME interrupt
[    6.346336] pcieport 0000:81:00.0: Signaling PME through PCIe PME interrupt
[    6.346563] pcieport 0000:82:00.0: Signaling PME through PCIe PME interrupt
[    6.346790] pcieport 0000:82:08.0: Signaling PME through PCIe PME interrupt
[    6.347020] pcieport 0000:82:0c.0: Signaling PME through PCIe PME interrupt
[    6.347247] pcieport 0000:82:10.0: Signaling PME through PCIe PME interrupt
[    6.347474] pcieport 0000:82:14.0: Signaling PME through PCIe PME interrupt
[    6.347702] pcie_pme 0000:80:02.0:pcie001: service driver pcie_pme loaded
[    6.347718] pcieport 0000:80:03.0: Signaling PME through PCIe PME interrupt
[    6.347949] pci 0000:88:00.0: Signaling PME through PCIe PME interrupt
[    6.348175] pci 0000:88:00.1: Signaling PME through PCIe PME interrupt
[    6.348401] pcie_pme 0000:80:03.0:pcie001: service driver pcie_pme loaded
[    6.348420] pcieport 0000:80:03.2: Signaling PME through PCIe PME interrupt
[    6.348647] pci 0000:89:00.0: Signaling PME through PCIe PME interrupt
[    6.348872] pci 0000:89:00.1: Signaling PME through PCIe PME interrupt
[    6.349103] pcie_pme 0000:80:03.2:pcie001: service driver pcie_pme loaded
[    6.349108] pci_hotplug: PCI Hot Plug PCI Core version: 0.5
[    6.349354] pciehp 0000:00:1c.0:pcie004: Slot #0 AttnBtn- PwrCtrl- MRL- AttnInd- PwrInd- HotPlug+ Surprise+ Interlock- NoCompl+ LLActRep+
[    6.349866] pciehp 0000:00:1c.0:pcie004: service driver pciehp loaded
[    6.349871] pciehp: PCI Express Hot Plug Controller Driver version: 0.4
[    6.350156] intel_idle: MWAIT substates: 0x2120
[    6.350157] intel_idle: v0.4.1 model 0x4F
[    6.352094] intel_idle: lapic_timer_reliable_states 0xffffffff
[    6.352226] input: Power Button as /devices/LNXSYSTM:00/LNXSYBUS:00/PNP0C0C:00/input/input0
[    6.352607] ACPI: Power Button [PWRB]
[    6.352856] input: Power Button as /devices/LNXSYSTM:00/LNXPWRBN:00/input/input1
[    6.353239] ACPI: Power Button [PWRF]
[    6.363624] ERST: Error Record Serialization Table (ERST) support is initialized.
[    6.364023] pstore: using zlib compression
[    6.364252] pstore: Registered erst as persistent store backend
[    6.364921] GHES: APEI firmware first mode is enabled by APEI bit and WHEA _OSC.
[    6.365440] Serial: 8250/16550 driver, 4 ports, IRQ sharing enabled
[    6.386348] 00:03: ttyS1 at I/O 0x2f8 (irq = 3, base_baud = 115200) is a 16550A
[    6.387313] Non-volatile memory driver v1.3
[    6.387563] Linux agpgart interface v0.103
[    6.423033] tpm_tis 00:04: 1.2 TPM (device-id 0xB, rev-id 16)
[    6.647063] rdac: device handler registered
[    6.647370] hp_sw: device handler registered
[    6.647608] emc: device handler registered
[    6.648221] alua: device handler registered
[    6.648495] libphy: Fixed MDIO Bus: probed
[    6.648808] ehci_hcd: USB 2.0 'Enhanced' Host Controller (EHCI) Driver
[    6.649062] ehci-pci: EHCI PCI platform driver
[    6.649752] ehci-pci 0000:00:1a.0: EHCI Host Controller
[    6.650112] ehci-pci 0000:00:1a.0: new USB bus registered, assigned bus number 1
[    6.650511] ehci-pci 0000:00:1a.0: debug port 2
[    6.654660] ehci-pci 0000:00:1a.0: cache line size of 64 is not supported
[    6.654675] ehci-pci 0000:00:1a.0: irq 18, io mem 0xc7202000
[    6.661002] ehci-pci 0000:00:1a.0: USB 2.0 started, EHCI 1.00
[    6.661290] usb usb1: New USB device found, idVendor=1d6b, idProduct=0002
[    6.661523] usb usb1: New USB device strings: Mfr=3, Product=2, SerialNumber=1
[    6.661910] usb usb1: Product: EHCI Host Controller
[    6.662143] usb usb1: Manufacturer: Linux 4.9.5-1.el7.elrepo.x86_64 ehci_hcd
[    6.662375] usb usb1: SerialNumber: 0000:00:1a.0
[    6.662767] hub 1-0:1.0: USB hub found
[    6.663007] hub 1-0:1.0: 2 ports detected
[    6.663521] ehci-pci 0000:00:1d.0: EHCI Host Controller
[    6.663851] ehci-pci 0000:00:1d.0: new USB bus registered, assigned bus number 2
[    6.664254] ehci-pci 0000:00:1d.0: debug port 2
[    6.668391] ehci-pci 0000:00:1d.0: cache line size of 64 is not supported
[    6.668396] ehci-pci 0000:00:1d.0: irq 18, io mem 0xc7201000
[    6.674990] ehci-pci 0000:00:1d.0: USB 2.0 started, EHCI 1.00
[    6.675293] usb usb2: New USB device found, idVendor=1d6b, idProduct=0002
[    6.675540] usb usb2: New USB device strings: Mfr=3, Product=2, SerialNumber=1
[    6.675923] usb usb2: Product: EHCI Host Controller
[    6.676154] usb usb2: Manufacturer: Linux 4.9.5-1.el7.elrepo.x86_64 ehci_hcd
[    6.676385] usb usb2: SerialNumber: 0000:00:1d.0
[    6.676750] hub 2-0:1.0: USB hub found
[    6.676987] hub 2-0:1.0: 2 ports detected
[    6.677353] ohci_hcd: USB 1.1 'Open' Host Controller (OHCI) Driver
[    6.677596] ohci-pci: OHCI PCI platform driver
[    6.677866] uhci_hcd: USB Universal Host Controller Interface driver
[    6.678180] usbcore: registered new interface driver usbserial
[    6.678420] usbcore: registered new interface driver usbserial_generic
[    6.678661] usbserial: USB Serial support registered for generic
[    6.678901] usbcore: registered new interface driver wishbone_serial
[    6.679146] usbserial: USB Serial support registered for wishbone_serial
[    6.679403] i8042: PNP: No PS/2 controller found. Probing ports directly.
[    6.973982] usb 1-1: new high-speed USB device number 2 using ehci-pci
[    6.989983] usb 2-1: new high-speed USB device number 2 using ehci-pci
[    7.069969] tsc: Refined TSC clocksource calibration: 2299.999 MHz
[    7.070222] clocksource: tsc: mask: 0xffffffffffffffff max_cycles: 0x2127345424d, max_idle_ns: 440795318347 ns
[    7.092312] usb 1-1: New USB device found, idVendor=8087, idProduct=800a
[    7.092548] usb 1-1: New USB device strings: Mfr=0, Product=0, SerialNumber=0
[    7.092957] hub 1-1:1.0: USB hub found
[    7.093306] hub 1-1:1.0: 6 ports detected
[    7.109314] usb 2-1: New USB device found, idVendor=8087, idProduct=8002
[    7.109564] usb 2-1: New USB device strings: Mfr=0, Product=0, SerialNumber=0
[    7.109956] hub 2-1:1.0: USB hub found
[    7.110309] hub 2-1:1.0: 8 ports detected
[    7.365974] usb 1-1.2: new high-speed USB device number 3 using ehci-pci
[    7.381928] usb 2-1.3: new high-speed USB device number 3 using ehci-pci
[    7.444961] usb 1-1.2: New USB device found, idVendor=046b, idProduct=ff01
[    7.445195] usb 1-1.2: New USB device strings: Mfr=1, Product=2, SerialNumber=3
[    7.445579] usb 1-1.2: Product: Virtual Hub
[    7.445806] usb 1-1.2: Manufacturer: American Megatrends Inc.
[    7.446046] usb 1-1.2: SerialNumber: serial
[    7.446686] hub 1-1.2:1.0: USB hub found
[    7.447054] hub 1-1.2:1.0: 5 ports detected
[    7.465234] usb 2-1.3: New USB device found, idVendor=2109, idProduct=2812
[    7.465476] usb 2-1.3: New USB device strings: Mfr=1, Product=2, SerialNumber=0
[    7.465879] usb 2-1.3: Product: USB2.0 Hub             
[    7.466118] usb 2-1.3: Manufacturer: VIA Labs, Inc.         
[    7.466699] hub 2-1.3:1.0: USB hub found
[    7.467177] hub 2-1.3:1.0: 4 ports detected
[    7.717021] i8042: No controller found
[    7.717322] mousedev: PS/2 mouse device common for all mice
[    7.717694] rtc_cmos 00:00: RTC can wake from S4
[    7.718117] rtc_cmos 00:00: rtc core: registered rtc_cmos as rtc0
[    7.718380] rtc_cmos 00:00: alarms up to one month, y3k, 114 bytes nvram, hpet irqs
[    7.718781] intel_pstate: Intel P-state driver initializing
[    7.729267] ledtrig-cpu: registered to indicate activity on CPUs
[    7.729995] hidraw: raw HID events driver (C) Jiri Kosina
[    7.730382] usbcore: registered new interface driver usbhid
[    7.730616] usbhid: USB HID core driver
[    7.731133] drop_monitor: Initializing network drop monitor service
[    7.731550] Initializing XFRM netlink socket
[    7.732043] NET: Registered protocol family 10
[    7.732996] NET: Registered protocol family 17
[    7.733251] Bridge firewalling registered
[    7.736494] microcode: sig=0x406f1, pf=0x1, revision=0xb00001b
[    7.739135] microcode: Microcode Update Driver: v2.01 <tigran@aivazian.fsnet.co.uk>, Peter Oruba
[    7.739747] registered taskstats version 1
[    7.739991] Loading compiled-in X.509 certificates
[    7.740332] zswap: loaded using pool lzo/zbud
[    7.743836] Key type big_key registered
[    7.746786] Key type trusted registered
[    7.749641] Key type encrypted registered
[    7.762928] usb 2-1.3.4: new high-speed USB device number 4 using ehci-pci
[    7.856926] usb 2-1.3.4: New USB device found, idVendor=2109, idProduct=2812
[    7.857164] usb 2-1.3.4: New USB device strings: Mfr=1, Product=2, SerialNumber=0
[    7.857554] usb 2-1.3.4: Product: USB2.0 Hub             
[    7.857785] usb 2-1.3.4: Manufacturer: VIA Labs, Inc.         
[    7.858338] hub 2-1.3.4:1.0: USB hub found
[    7.858798] hub 2-1.3.4:1.0: 4 ports detected
[    8.094157] clocksource: Switched to clocksource tsc
[    8.120002] evm: HMAC attrs: 0x1
[    8.122050] rtc_cmos 00:00: setting system clock to 2018-04-14 19:00:31 UTC (1523732431)
[    8.125362] Freeing unused kernel memory: 2072K (ffffffff81d87000 - ffffffff81f8d000)
[    8.125780] Write protecting the kernel read-only data: 12288k
[    8.126853] Freeing unused kernel memory: 644K (ffff88000175f000 - ffff880001800000)
[    8.131538] Freeing unused kernel memory: 888K (ffff880001b22000 - ffff880001c00000)
[    8.154917] usb 2-1.3.4.1: new high-speed USB device number 5 using ehci-pci
[    8.155687] systemd[1]: systemd 219 running in system mode. (+PAM +AUDIT +SELINUX +IMA -APPARMOR +SMACK +SYSVINIT +UTMP +LIBCRYPTSETUP +GCRYPT +GNUTLS +ACL +XZ -LZ4 -SECCOMP +BLKID +ELFUTILS +KMOD +IDN)
[    8.158268] systemd[1]: Detected architecture x86-64.
[    8.158504] systemd[1]: Running in initial RAM disk.
[    8.159725] systemd[1]: Set hostname to <xsjpegasus1>.
[    8.210552] systemd[1]: Created slice -.slice.
[    8.210813] systemd[1]: Starting -.slice.
[    8.211726] systemd[1]: Reached target Local File Systems.
[    8.211998] systemd[1]: Starting Local File Systems.
[    8.212917] systemd[1]: Reached target Timers.
[    8.213168] systemd[1]: Starting Timers.
[    8.251041] usb 2-1.3.4.1: New USB device found, idVendor=0403, idProduct=6014
[    8.251433] usb 2-1.3.4.1: New USB device strings: Mfr=1, Product=2, SerialNumber=3
[    8.251824] usb 2-1.3.4.1: Product: Digilent USB Device
[    8.252061] usb 2-1.3.4.1: Manufacturer: Digilent
[    8.252290] usb 2-1.3.4.1: SerialNumber: 210251A1D90E
[    8.331938] usb 2-1.3.4.2: new high-speed USB device number 6 using ehci-pci
[    8.392363] device-mapper: uevent: version 1.0.3
[    8.392771] device-mapper: ioctl: 4.35.0-ioctl (2016-06-23) initialised: dm-devel@redhat.com
[    8.429167] usb 2-1.3.4.2: New USB device found, idVendor=0403, idProduct=6014
[    8.429572] usb 2-1.3.4.2: New USB device strings: Mfr=1, Product=2, SerialNumber=3
[    8.429573] usb 2-1.3.4.2: Product: Digilent USB Device
[    8.429575] usb 2-1.3.4.2: Manufacturer: Digilent
[    8.429576] usb 2-1.3.4.2: SerialNumber: 210251A1DE86
[    8.512904] usb 2-1.3.4.3: new high-speed USB device number 7 using ehci-pci
[    8.521014] FUJITSU Extended Socket Network Device Driver - version 1.1 - Copyright (c) 2015 FUJITSU LIMITED
[    8.564312] pps_core: LinuxPPS API ver. 1 registered
[    8.564547] pps_core: Software ver. 5.3.6 - Copyright 2005-2007 Rodolfo Giometti <giometti@linux.it>
[    8.565527] PTP clock support registered
[    8.567705] e1000e: Intel(R) PRO/1000 Network Driver - 3.2.6-k
[    8.567948] e1000e: Copyright(c) 1999 - 2015 Intel Corporation.
[    8.568291] libata version 3.00 loaded.
[    8.568496] e1000e 0000:01:00.0: Interrupt Throttling Rate (ints/sec) set to dynamic conservative mode
[    8.571009] ahci 0000:00:11.4: version 3.0
[    8.571090] [drm] Initialized
[    8.571301] ahci 0000:00:11.4: AHCI 0001.0300 32 slots 4 ports 6 Gbps 0xf impl SATA mode
[    8.571303] ahci 0000:00:11.4: flags: 64bit ncq pm led clo pio slum part ems apst 
[    8.579183] [drm] AST 2400 detected
[    8.579440] [drm] Analog VGA only
[    8.579690] [drm] dram 1632000000 6 16 00800000
[    8.580052] [TTM] Zone  kernel: Available graphics memory: 528378690 kiB
[    8.580312] [TTM] Zone   dma32: Available graphics memory: 2097152 kiB
[    8.580525] scsi host0: ahci
[    8.580666] scsi host1: ahci
[    8.580808] scsi host2: ahci
[    8.580968] scsi host3: ahci
[    8.581047] ata1: SATA max UDMA/133 abar m2048@0xc7204000 port 0xc7204100 irq 48
[    8.581050] ata2: SATA max UDMA/133 abar m2048@0xc7204000 port 0xc7204180 irq 48
[    8.581052] ata3: SATA max UDMA/133 abar m2048@0xc7204000 port 0xc7204200 irq 48
[    8.581055] ata4: SATA max UDMA/133 abar m2048@0xc7204000 port 0xc7204280 irq 48
[    8.581425] ahci 0000:00:1f.2: AHCI 0001.0300 32 slots 6 ports 6 Gbps 0x3f impl SATA mode
[    8.581428] ahci 0000:00:1f.2: flags: 64bit ncq pm led clo pio slum part ems apst 
[    8.583923] [TTM] Initializing pool allocator
[    8.584182] [TTM] Initializing DMA pool allocator
[    8.588922] fbcon: astdrmfb (fb0) is primary device
[    8.601548] scsi host4: ahci
[    8.601993] scsi host5: ahci
[    8.602514] scsi host6: ahci
[    8.602862] scsi host7: ahci
[    8.605707] scsi host8: ahci
[    8.606271] scsi host9: ahci
[    8.606781] ata5: SATA max UDMA/133 abar m2048@0xc7200000 port 0xc7200100 irq 49
[    8.606789] ata6: SATA max UDMA/133 abar m2048@0xc7200000 port 0xc7200180 irq 49
[    8.606796] ata7: SATA max UDMA/133 abar m2048@0xc7200000 port 0xc7200200 irq 49
[    8.606803] ata8: SATA max UDMA/133 abar m2048@0xc7200000 port 0xc7200280 irq 49
[    8.606811] ata9: SATA max UDMA/133 abar m2048@0xc7200000 port 0xc7200300 irq 49
[    8.606818] ata10: SATA max UDMA/133 abar m2048@0xc7200000 port 0xc7200380 irq 49
[    8.611190] usb 2-1.3.4.3: New USB device found, idVendor=0403, idProduct=6014
[    8.611191] usb 2-1.3.4.3: New USB device strings: Mfr=1, Product=2, SerialNumber=3
[    8.611192] usb 2-1.3.4.3: Product: Digilent USB Device
[    8.611193] usb 2-1.3.4.3: Manufacturer: Digilent
[    8.611194] usb 2-1.3.4.3: SerialNumber: 210251A1DEAF
[    8.635735] Console: switching to colour frame buffer device 128x48
[    8.661621] ast 0000:0b:00.0: fb0: astdrmfb frame buffer device
[    8.691949] usb 2-1.3.4.4: new high-speed USB device number 8 using ehci-pci
[    8.694134] [drm] Initialized ast 0.1.0 20120228 for 0000:0b:00.0 on minor 0
[    8.738717] e1000e 0000:01:00.0 eth0: (PCI Express:2.5GT/s:Width x4) 00:15:17:3d:ec:d8
[    8.738751] e1000e 0000:01:00.0 eth0: Intel(R) PRO/1000 Network Connection
[    8.739500] e1000e 0000:01:00.0 eth0: MAC: 0, PHY: 4, PBA No: D50868-003
[    8.740347] e1000e 0000:01:00.1: Interrupt Throttling Rate (ints/sec) set to dynamic conservative mode
[    8.785800] usb 2-1.3.4.4: New USB device found, idVendor=2109, idProduct=2812
[    8.786753] usb 2-1.3.4.4: New USB device strings: Mfr=1, Product=2, SerialNumber=0
[    8.787457] usb 2-1.3.4.4: Product: USB2.0 Hub             
[    8.788161] usb 2-1.3.4.4: Manufacturer: VIA Labs, Inc.         
[    8.789206] hub 2-1.3.4.4:1.0: USB hub found
[    8.790282] hub 2-1.3.4.4:1.0: 4 ports detected
[    8.891936] ata4: SATA link down (SStatus 0 SControl 300)
[    8.893502] ata1: SATA link down (SStatus 0 SControl 300)
[    8.894888] ata3: SATA link down (SStatus 0 SControl 300)
[    8.896360] ata2: SATA link down (SStatus 0 SControl 300)
[    8.914718] e1000e 0000:01:00.1 eth1: (PCI Express:2.5GT/s:Width x4) 00:15:17:3d:ec:d9
[    8.915478] e1000e 0000:01:00.1 eth1: Intel(R) PRO/1000 Network Connection
[    8.915951] ata9: SATA link down (SStatus 0 SControl 300)
[    8.916022] ata6: SATA link down (SStatus 0 SControl 300)
[    8.916132] ata10: SATA link down (SStatus 0 SControl 300)
[    8.916152] ata7: SATA link down (SStatus 0 SControl 300)
[    8.916180] ata8: SATA link down (SStatus 0 SControl 300)
[    8.916203] ata5: SATA link up 6.0 Gbps (SStatus 133 SControl 300)
[    8.917007] ata5.00: ATA-10: INTEL SSDSC2BB150G7, N2A1MD20, max UDMA/133
[    8.917010] ata5.00: 293046768 sectors, multi 1: LBA48 NCQ (depth 31/32)
[    8.919090] ata5.00: configured for UDMA/133
[    8.919618] scsi 4:0:0:0: Direct-Access     ATA      INTEL SSDSC2BB15 MD20 PQ: 0 ANSI: 5
[    8.922762] e1000e 0000:01:00.1 eth1: MAC: 0, PHY: 4, PBA No: D50868-003
[    8.953921] ata5.00: Enabling discard_zeroes_data
[    8.955146] sd 4:0:0:0: [sda] 293046768 512-byte logical blocks: (150 GB/140 GiB)
[    8.956340] sd 4:0:0:0: [sda] 4096-byte physical blocks
[    8.957538] sd 4:0:0:0: [sda] Write Protect is off
[    8.958705] sd 4:0:0:0: [sda] Mode Sense: 00 3a 00 00
[    8.958722] sd 4:0:0:0: [sda] Write cache: enabled, read cache: enabled, doesn't support DPO or FUA
[    8.960161] ata5.00: Enabling discard_zeroes_data
[    8.961690]  sda: sda1 sda2
[    8.962651] ata5.00: Enabling discard_zeroes_data
[    8.963432] sd 4:0:0:0: [sda] Attached SCSI disk
[    9.082896] usb 2-1.3.4.4.1: new high-speed USB device number 9 using ehci-pci
[    9.180026] usb 2-1.3.4.4.1: New USB device found, idVendor=0403, idProduct=6014
[    9.180847] usb 2-1.3.4.4.1: New USB device strings: Mfr=1, Product=2, SerialNumber=3
[    9.181601] usb 2-1.3.4.4.1: Product: Digilent USB Device
[    9.182348] usb 2-1.3.4.4.1: Manufacturer: Digilent
[    9.183082] usb 2-1.3.4.4.1: SerialNumber: 210251A1D976
[    9.263894] usb 2-1.3.4.4.3: new high-speed USB device number 10 using ehci-pci
[    9.363146] usb 2-1.3.4.4.3: New USB device found, idVendor=0403, idProduct=6014
[    9.363993] usb 2-1.3.4.4.3: New USB device strings: Mfr=1, Product=2, SerialNumber=3
[    9.364744] usb 2-1.3.4.4.3: Product: Digilent USB Device
[    9.365485] usb 2-1.3.4.4.3: Manufacturer: Digilent
[    9.366215] usb 2-1.3.4.4.3: SerialNumber: 210251A1DEB5
[    9.454894] usb 2-1.3.4.4.4: new high-speed USB device number 11 using ehci-pci
[    9.557152] usb 2-1.3.4.4.4: New USB device found, idVendor=0403, idProduct=6014
[    9.558234] usb 2-1.3.4.4.4: New USB device strings: Mfr=1, Product=2, SerialNumber=3
[    9.559266] usb 2-1.3.4.4.4: Product: Digilent USB Device
[    9.560267] usb 2-1.3.4.4.4: Manufacturer: Digilent
[    9.561266] usb 2-1.3.4.4.4: SerialNumber: 210251A1DE87
[    9.987497] EXT4-fs (dm-3): mounted filesystem with ordered data mode. Opts: (null)
[   10.466750] systemd-journald[760]: Received SIGTERM from PID 1 (systemd).
[   10.498253] systemd: 26 output lines suppressed due to ratelimiting
[   10.569750] SELinux:  Disabled at runtime.
[   10.570932] SELinux:  Unregistering netfilter hooks
[   10.587894] audit: type=1404 audit(1523732433.965:2): selinux=0 auid=4294967295 ses=4294967295
[   10.599899] systemd[1]: RTC configured in localtime, applying delta of -420 minutes to system time.
[   10.625886] ip_tables: (C) 2000-2006 Netfilter Core Team
[   10.626948] systemd[1]: Inserted module 'ip_tables'
[   10.869807] RPC: Registered named UNIX socket transport module.
[   10.869808] RPC: Registered udp transport module.
[   10.869808] RPC: Registered tcp transport module.
[   10.869809] RPC: Registered tcp NFSv4.1 backchannel transport module.
[   10.894054] Installing knfsd (copyright (C) 1996 okir@monad.swb.de).
[   10.925158] random: crng init done
[   11.208866] EXT4-fs (dm-3): re-mounted. Opts: (null)
[   12.107240] systemd-journald[1197]: Received request to flush runtime journal from PID 1
[   12.216807] wmi: Mapper loaded
[   12.324310] ipmi message handler version 39.2
[   12.327913] ipmi_si IPI0001:00: ipmi_si: probing via ACPI
[   12.327947] ipmi_si IPI0001:00: [io  0x0ca2] regsize 1 spacing 1 irq 0
[   12.327949] ipmi_si: Adding ACPI-specified kcs state machine
[   12.328002] IPMI System Interface driver.
[   12.328170] ipmi_si: probing via SMBIOS
[   12.328171] ipmi_si: SMBIOS: io 0xca2 regsize 1 spacing 1 irq 0
[   12.328172] ipmi_si: Adding SMBIOS-specified kcs state machine duplicate interface
[   12.328174] ipmi_si: probing via SPMI
[   12.328175] ipmi_si: SPMI: io 0xca2 regsize 1 spacing 1 irq 0
[   12.328175] ipmi_si: Adding SPMI-specified kcs state machine duplicate interface
[   12.328177] ipmi_si: Trying ACPI-specified kcs state machine at i/o address 0xca2, slave address 0x0, irq 0
[   12.444454] dca service started, version 1.12.1
[   12.448335] sd 4:0:0:0: Attached scsi generic sg0 type 0
[   12.448408] shpchp: Standard Hot Plug PCI Controller Driver version: 0.4
[   12.450377] mei_me 0000:00:16.0: Device doesn't have valid ME Interface
[   12.451933] ioatdma: Intel(R) QuickData Technology Driver 4.00
[   12.452449] i801_smbus 0000:00:1f.3: SMBus using PCI interrupt
[   12.454141] input: PC Speaker as /devices/platform/pcspkr/input/input2
[   12.476721] awsmgmt: loading out-of-tree module taints kernel.
[   12.478397] awsmgmt init()
[   12.479627] probe(pdev = 0xffff88fe4bdef000, pci_id = 0xffffffffa04761a0)
[   12.480843] probe() lro = 0xffff887e40522600
[   12.480844] pci_indevice()
[   12.480844] pci_request_regions()
[   12.480849] map_bars()
[   12.480850] awsmgmt: map_bars 
[   12.481992] awsmgmt: map_bars Idx: 0, bar len: 65536 
[   12.483103] awsmgmt: map_bars Idx: 1, bar len: 0 
[   12.483850] awsmgmt: create_char 
[   12.484587] awsmgmt: create_char major no: 241, instance: 0
[   12.485320] awsmgmt: create_char cdev_add done
[   12.486135] awsmgmt: create_char device_create done
[   12.486983] Initialized AWS Management Function Version 71417d3
[   12.487714] awsmgmt: enable_ddrs 
[   12.488462] Card 0 Resetting MIGs
[   12.488464] Card 0 MIG A config status 1
[   12.488465] Card 0 MIG B config status 1
[   12.488467] Card 0 MIG C config status 1
[   12.488468] Card 0 MIG D config status 1
[   12.506570] ipmi_si IPI0001:00: Found new BMC (man_id: 0x001c4c, prod_id: 0x3256, dev_id: 0x20)
[   12.506584] ipmi_si IPI0001:00: IPMI kcs interface initialized
[   12.539836] Card 0 MIG A config status 0
[   12.539837] Card 0 MIG B config status 0
[   12.539838] Card 0 MIG C config status 0
[   12.539840] Card 0 MIG D config status 0
[   12.591829] Card 0 MIG A config status 1
[   12.591830] Card 0 MIG B config status 1
[   12.591831] Card 0 MIG C config status 1
[   12.591833] Card 0 MIG D config status 1
[   12.620788] iTCO_vendor_support: vendor-support=0
[   12.622632] ipmi device interface
[   12.624562] iTCO_wdt: Intel TCO WatchDog Timer Driver v1.11
[   12.625755] iTCO_wdt: unable to reset NO_REBOOT flag, device disabled by hardware/BIOS
[   12.643873] Card 0 MIG A config status 0
[   12.643875] Card 0 MIG B config status 0
[   12.643876] Card 0 MIG C config status 0
[   12.643877] Card 0 MIG D config status 0
[   12.803464] Adding 33554428k swap on /dev/mapper/vg00-swaplv.  Priority:-1 extents:1 across:33554428k SSFS
[   12.824787] RAPL PMU: API unit is 2^-32 Joules, 4 fixed counters, 655360 ms ovfl timer
[   12.824788] RAPL PMU: hw unit of domain pp0-core 2^-14 Joules
[   12.824789] RAPL PMU: hw unit of domain package 2^-14 Joules
[   12.824790] RAPL PMU: hw unit of domain dram 2^-14 Joules
[   12.824791] RAPL PMU: hw unit of domain pp1-gpu 2^-14 Joules
[   12.850914] AVX2 version of gcm_enc/dec engaged.
[   12.850915] AES CTR mode by8 optimization enabled
[   12.918373] EXT4-fs (sda1): mounted filesystem with ordered data mode. Opts: (null)
[   12.918750] EXT4-fs (dm-1): mounted filesystem with ordered data mode. Opts: (null)
[   12.921803] EDAC MC: Ver: 3.0.0
[   12.925652] EDAC sbridge: Seeking for: PCI ID 8086:6fa0
[   12.925660] EDAC sbridge: Seeking for: PCI ID 8086:6fa0
[   12.925665] EDAC sbridge: Seeking for: PCI ID 8086:6fa0
[   12.925676] EDAC sbridge: Seeking for: PCI ID 8086:6ffc
[   12.925679] EDAC sbridge: Seeking for: PCI ID 8086:6ffc
[   12.925684] EDAC sbridge: Seeking for: PCI ID 8086:6ffc
[   12.925688] EDAC sbridge: Seeking for: PCI ID 8086:6ffd
[   12.925691] EDAC sbridge: Seeking for: PCI ID 8086:6ffd
[   12.925696] EDAC sbridge: Seeking for: PCI ID 8086:6ffd
[   12.925700] EDAC sbridge: Seeking for: PCI ID 8086:6f60
[   12.925703] EDAC sbridge: Seeking for: PCI ID 8086:6f60
[   12.925707] EDAC sbridge: Seeking for: PCI ID 8086:6f60
[   12.925711] EDAC sbridge: Seeking for: PCI ID 8086:6fa8
[   12.925718] EDAC sbridge: Seeking for: PCI ID 8086:6fa8
[   12.925722] EDAC sbridge: Seeking for: PCI ID 8086:6fa8
[   12.925726] EDAC sbridge: Seeking for: PCI ID 8086:6f71
[   12.925729] EDAC sbridge: Seeking for: PCI ID 8086:6f71
[   12.925734] EDAC sbridge: Seeking for: PCI ID 8086:6f71
[   12.925737] EDAC sbridge: Seeking for: PCI ID 8086:6faa
[   12.925741] EDAC sbridge: Seeking for: PCI ID 8086:6faa
[   12.925745] EDAC sbridge: Seeking for: PCI ID 8086:6faa
[   12.925749] EDAC sbridge: Seeking for: PCI ID 8086:6fab
[   12.925752] EDAC sbridge: Seeking for: PCI ID 8086:6fab
[   12.925759] EDAC sbridge: Seeking for: PCI ID 8086:6fab
[   12.925765] EDAC sbridge: Seeking for: PCI ID 8086:6fac
[   12.925773] EDAC sbridge: Seeking for: PCI ID 8086:6fad
[   12.925787] EDAC sbridge: Seeking for: PCI ID 8086:6faf
[   12.925790] EDAC sbridge: Seeking for: PCI ID 8086:6faf
[   12.925795] EDAC sbridge: Seeking for: PCI ID 8086:6faf
[   12.925798] EDAC sbridge: Seeking for: PCI ID 8086:6f68
[   12.925808] EDAC sbridge: Seeking for: PCI ID 8086:6f68
[   12.925817] EDAC sbridge: Seeking for: PCI ID 8086:6f68
[   12.925821] EDAC sbridge: Seeking for: PCI ID 8086:6f79
[   12.925824] EDAC sbridge: Seeking for: PCI ID 8086:6f79
[   12.925832] EDAC sbridge: Seeking for: PCI ID 8086:6f79
[   12.925835] EDAC sbridge: Seeking for: PCI ID 8086:6f6a
[   12.925839] EDAC sbridge: Seeking for: PCI ID 8086:6f6a
[   12.925851] EDAC sbridge: Seeking for: PCI ID 8086:6f6a
[   12.925855] EDAC sbridge: Seeking for: PCI ID 8086:6f6b
[   12.925859] EDAC sbridge: Seeking for: PCI ID 8086:6f6b
[   12.925863] EDAC sbridge: Seeking for: PCI ID 8086:6f6b
[   12.925879] EDAC sbridge: Seeking for: PCI ID 8086:6f6c
[   12.925901] EDAC sbridge: Seeking for: PCI ID 8086:6f6d
[   12.926225] EDAC MC0: Giving out device to module sbridge_edac.c controller Broadwell Socket#0: DEV 0000:ff:12.0 (INTERRUPT)
[   12.927273] EDAC MC1: Giving out device to module sbridge_edac.c controller Broadwell Socket#1: DEV 0000:7f:12.0 (INTERRUPT)
[   12.927274] EDAC sbridge:  Ver: 1.1.1 
[   13.243383] EXT4-fs (dm-2): mounted filesystem with ordered data mode. Opts: (null)
[   13.429056] usbcore: registered new interface driver ftdi_sio
[   13.430598] usbserial: USB Serial support registered for FTDI USB Serial Device
[   13.432235] ftdi_sio 2-1.3.4.1:1.0: FTDI USB Serial Device converter detected
[   13.433850] usb 2-1.3.4.1: Detected FT232H
[   13.435654] usb 2-1.3.4.1: FTDI USB Serial Device converter now attached to ttyUSB0
[   13.437288] ftdi_sio 2-1.3.4.2:1.0: FTDI USB Serial Device converter detected
[   13.438847] usb 2-1.3.4.2: Detected FT232H
[   13.440633] usb 2-1.3.4.2: FTDI USB Serial Device converter now attached to ttyUSB1
[   13.442199] ftdi_sio 2-1.3.4.3:1.0: FTDI USB Serial Device converter detected
[   13.443811] usb 2-1.3.4.3: Detected FT232H
[   13.445677] usb 2-1.3.4.3: FTDI USB Serial Device converter now attached to ttyUSB2
[   13.447325] ftdi_sio 2-1.3.4.4.1:1.0: FTDI USB Serial Device converter detected
[   13.448848] usb 2-1.3.4.4.1: Detected FT232H
[   13.450645] usb 2-1.3.4.4.1: FTDI USB Serial Device converter now attached to ttyUSB3
[   13.452147] ftdi_sio 2-1.3.4.4.3:1.0: FTDI USB Serial Device converter detected
[   13.453642] usb 2-1.3.4.4.3: Detected FT232H
[   13.455394] usb 2-1.3.4.4.3: FTDI USB Serial Device converter now attached to ttyUSB4
[   13.456852] ftdi_sio 2-1.3.4.4.4:1.0: FTDI USB Serial Device converter detected
[   13.458321] usb 2-1.3.4.4.4: Detected FT232H
[   13.460020] usb 2-1.3.4.4.4: FTDI USB Serial Device converter now attached to ttyUSB5
[   17.685820] Initialized 4 Memory Controllers
[   17.687553] Card 0 Programming device timeout configuration registers...
[   17.689300] [0]	0xec:	old[0x40000000]	new[0x40000000]
[   17.691040] [1]	0x260:	old[0x1388]	new[0x7d0]
[   17.692772] [2]	0x294:	old[0x271]	new[0x271]
[   17.694493] [3]	0x308:	old[0x1388]	new[0x7d0]
[   17.696198] [4]	0x31c:	old[0x1388]	new[0x7d0]
[   17.697774] [5]	0x330:	old[0x1388]	new[0x7d0]
[   17.699281] [6]	0x3a0:	old[0x271]	new[0x271]
[   17.700756] [7]	0x3b0:	old[0x1388]	new[0x7d0]
[   17.702221] [8]	0x1e08:	old[0x10]	new[0x10]
[   17.703665] [9]	0x1e0c:	old[0x7a120]	new[0x7a120]
[   17.705106] Card 0 Programming device timeout moderation registers...
[   17.706548] [0]	0x3cc:	old[0x400]	new[0x400]
[   17.707910] [1]	0x3d0:	old[0x400000]	new[0x400000]
[   17.709240] [2]	0x3d4:	old[0xf4240]	new[0xf4240]
[   17.710550] [3]	0x3f4:	old[0xaaa72710]	new[0xfff72710]
[   17.711857] [4]	0x3fc:	old[0xa0]	new[0xa0]
[   17.713272] init_health_thread.
[   17.713426] [drm] /tmp/38158/0/driver/xclng/drm/xocl/xocl_drv.c:662:xocl_pci_probe()
[   17.715097] [drm] /tmp/38158/0/driver/xclng/drm/xocl/xocl_drv.c:624:xocl_driver_load()
[   17.715207] [drm] /tmp/38158/0/driver/xclng/drm/xocl/xocl_drv.c:630:xocl_driver_load()
[   17.718175] [drm] /tmp/38158/0/driver/xclng/drm/xocl/xocl_drv.c:635:xocl_driver_load()
[   17.718217] [drm] /tmp/38158/0/driver/xclng/drm/xocl/xocl_drv.c:639:xocl_driver_load()
[   17.721660] XOCL: Found AWS VU9P Device without featureROM
[   17.723218] XOCL: Enabling AWS dynamic 5.0 DSA
[   17.724752] XOCL: ROM magic : xlnx
[   17.726256] XOCL: VBNV: xilinx_aws-vu9p-f1_dynamic_5_0
[   17.726290] XOCL: DDR channel count : 4
[   17.727712] XOCL: DDR channel size: 16 GB
[   17.729118] XOCL: Major Version: 4 
[   17.730518] XOCL: Minor Version: 0 
[   17.731872] XOCL: IPBuildID: 43981
[   17.733205] XOCL: TimeSinceEpoch: abcd
[   17.734528] XOCL: FeatureBitMap: 1
[   17.735826] [drm] Enable XDMA core
[   17.737106] xocl:xdma_device_open: xocl device 0000:05:00.0, 0xffff88fe4bded000.
[   17.738399] xocl:map_single_bar: BAR0 at 0xc4000000 mapped at 0xffffc90082000000, length=33554432(/33554432)
[   17.739736] xocl:map_single_bar: BAR1 at 0xc6000000 mapped at 0xffffc9006e200000, length=2097152(/2097152)
[   17.741031] xocl:map_single_bar: BAR2 at 0x5e000410000 mapped at 0xffffc9006a0e0000, length=65536(/65536)
[   17.742257] xocl:map_bars: config bar 2, pos 2.
[   17.743459] xocl:map_single_bar: Limit BAR 4 mapping from 137438953472 to 2147483647 bytes
[   17.744719] pmd_set_huge: Cannot satisfy [mem 0x5c000000000-0x5c000200000] with a huge-page mapping due to MTRR override.
[   17.749569] xocl:map_single_bar: BAR4 at 0x5c000000000 mapped at 0xffffc900c0000000, length=2147483647(/137438953472)
[   17.750758] xocl:identify_bars: 4 BARs: config 2, user 0, bypass 4.
[   17.752770] xocl:pci_keep_intx_enabled: 0000:05:00.0: clear INTX_DISABLE, 0x547 -> 0x147.
[   17.753988] xocl:irq_msix_channel_setup: engine 0-H2C0-MM, irq#74.
