[    0.000000] microcode: microcode updated early to revision 0x3a, date = 2017-01-30
[    0.000000] Initializing cgroup subsys cpuset
[    0.000000] Initializing cgroup subsys cpu
[    0.000000] Initializing cgroup subsys cpuacct
[    0.000000] Linux version 3.10.0-693.el7.x86_64 (mockbuild@x86-038.build.eng.bos.redhat.com) (gcc version 4.8.5 20150623 (Red Hat 4.8.5-16) (GCC) ) #1 SMP Thu Jul 6 19:56:57 EDT 2017
[    0.000000] Command line: BOOT_IMAGE=/vmlinuz-3.10.0-693.el7.x86_64 root=/dev/mapper/vg00-rootlv ro net.ifnames=0
[    0.000000] e820: BIOS-provided physical RAM map:
[    0.000000] BIOS-e820: [mem 0x0000000000000000-0x000000000009cfff] usable
[    0.000000] BIOS-e820: [mem 0x000000000009d000-0x000000000009ffff] reserved
[    0.000000] BIOS-e820: [mem 0x00000000000e0000-0x00000000000fffff] reserved
[    0.000000] BIOS-e820: [mem 0x0000000000100000-0x000000007a288fff] usable
[    0.000000] BIOS-e820: [mem 0x000000007a289000-0x000000007af0afff] reserved
[    0.000000] BIOS-e820: [mem 0x000000007af0b000-0x000000007b93afff] ACPI NVS
[    0.000000] BIOS-e820: [mem 0x000000007b93b000-0x000000007bab6fff] ACPI data
[    0.000000] BIOS-e820: [mem 0x000000007bab7000-0x000000007bafffff] usable
[    0.000000] BIOS-e820: [mem 0x000000007bb00000-0x000000008fffffff] reserved
[    0.000000] BIOS-e820: [mem 0x00000000feda8000-0x00000000fedabfff] reserved
[    0.000000] BIOS-e820: [mem 0x00000000ff310000-0x00000000ffffffff] reserved
[    0.000000] BIOS-e820: [mem 0x0000000100000000-0x000000087fffffff] usable
[    0.000000] NX (Execute Disable) protection: active
[    0.000000] SMBIOS 2.8 present.
[    0.000000] DMI: Dell Inc. PowerEdge R730/, BIOS 2.0.1 02/12/2016
[    0.000000] e820: update [mem 0x00000000-0x00000fff] usable ==> reserved
[    0.000000] e820: remove [mem 0x000a0000-0x000fffff] usable
[    0.000000] e820: last_pfn = 0x880000 max_arch_pfn = 0x400000000
[    0.000000] MTRR default type: uncachable
[    0.000000] MTRR fixed ranges enabled:
[    0.000000]   00000-9FFFF write-back
[    0.000000]   A0000-BFFFF uncachable
[    0.000000]   C0000-FFFFF write-protect
[    0.000000] MTRR variable ranges enabled:
[    0.000000]   0 base 000000000000 mask 3FFF80000000 write-back
[    0.000000]   1 base 000100000000 mask 3FFF00000000 write-back
[    0.000000]   2 base 000200000000 mask 3FFE00000000 write-back
[    0.000000]   3 base 000400000000 mask 3FFC00000000 write-back
[    0.000000]   4 base 000800000000 mask 3FFF80000000 write-back
[    0.000000]   5 base 0000FF000000 mask 3FFFFF000000 write-protect
[    0.000000]   6 disabled
[    0.000000]   7 disabled
[    0.000000]   8 disabled
[    0.000000]   9 disabled
[    0.000000] x86 PAT enabled: cpu 0, old 0x7040600070406, new 0x7010600070106
[    0.000000] e820: last_pfn = 0x7bb00 max_arch_pfn = 0x400000000
[    0.000000] Base memory trampoline at [ffff880000097000] 97000 size 24576
[    0.000000] Using GB pages for direct mapping
[    0.000000] BRK [0x01fe9000, 0x01fe9fff] PGTABLE
[    0.000000] BRK [0x01fea000, 0x01feafff] PGTABLE
[    0.000000] BRK [0x01feb000, 0x01febfff] PGTABLE
[    0.000000] BRK [0x01fec000, 0x01fecfff] PGTABLE
[    0.000000] RAMDISK: [mem 0x34eca000-0x3675cfff]
[    0.000000] Early table checksum verification disabled
[    0.000000] ACPI: RSDP 00000000000fe320 00024 (v02 DELL  )
[    0.000000] ACPI: XSDT 000000007bab50e8 000BC (v01 DELL   PE_SC3   00000000      01000013)
[    0.000000] ACPI: FACP 000000007bab1000 000F4 (v04 DELL   PE_SC3   00000000 DELL 00000001)
[    0.000000] ACPI: DSDT 000000007ba99000 1052C (v02 DELL   PE_SC3   00000003 DELL 00000001)
[    0.000000] ACPI: FACS 000000007b91b000 00040
[    0.000000] ACPI: MCEJ 000000007bab4000 00130 (v01 INTEL           00000001 INTL 0100000D)
[    0.000000] ACPI: WD__ 000000007bab3000 00134 (v01 DELL   PE_SC3   00000001 DELL 00000001)
[    0.000000] ACPI: SLIC 000000007bab2000 00176 (v01 DELL   PE_SC3   00000001 DELL 00000001)
[    0.000000] ACPI: HPET 000000007bab0000 00038 (v01 DELL   PE_SC3   00000001 DELL 00000001)
[    0.000000] ACPI: APIC 000000007baaf000 00AFC (v02 DELL   PE_SC3   00000000 DELL 00000001)
[    0.000000] ACPI: MCFG 000000007baae000 0003C (v01 DELL   PE_SC3   00000001 DELL 00000001)
[    0.000000] ACPI: MSCT 000000007baad000 00090 (v01 DELL   PE_SC3   00000001 DELL 00000001)
[    0.000000] ACPI: SLIT 000000007baac000 0006C (v01 DELL   PE_SC3   00000001 DELL 00000001)
[    0.000000] ACPI: SRAT 000000007baaa000 01130 (v03 DELL   PE_SC3   00000001 DELL 00000001)
[    0.000000] ACPI: SSDT 000000007b956000 1424A9 (v02 DELL   PE_SC3   00004000 INTL 20121114)
[    0.000000] ACPI: SSDT 000000007b953000 02198 (v02 DELL   PE_SC3   00000002 INTL 20121114)
[    0.000000] ACPI: SSDT 000000007b952000 0006E (v02 DELL   PE_SC3   00000002 INTL 20121114)
[    0.000000] ACPI: PRAD 000000007b951000 00132 (v02   DELL PE_SC3   00000002 INTL 20121114)
[    0.000000] ACPI: DMAR 000000007b950000 00128 (v01 DELL   PE_SC3   00000001 DELL 00000001)
[    0.000000] ACPI: HEST 000000007b94f000 0017C (v01 DELL   PE_SC3   00000002 DELL 00000001)
[    0.000000] ACPI: BERT 000000007b94e000 00030 (v01 DELL   PE_SC3   00000002 DELL 00000001)
[    0.000000] ACPI: ERST 000000007b94d000 00230 (v01 DELL   PE_SC3   00000002 DELL 00000001)
[    0.000000] ACPI: EINJ 000000007b94c000 00150 (v01 DELL   PE_SC3   00000002 DELL 00000001)
[    0.000000] ACPI: Local APIC address 0xfee00000
[    0.000000] SRAT: PXM 0 -> APIC 0x00 -> Node 0
[    0.000000] SRAT: PXM 1 -> APIC 0x10 -> Node 1
[    0.000000] SRAT: PXM 0 -> APIC 0x02 -> Node 0
[    0.000000] SRAT: PXM 1 -> APIC 0x12 -> Node 1
[    0.000000] SRAT: PXM 0 -> APIC 0x04 -> Node 0
[    0.000000] SRAT: PXM 1 -> APIC 0x14 -> Node 1
[    0.000000] SRAT: PXM 0 -> APIC 0x06 -> Node 0
[    0.000000] SRAT: PXM 1 -> APIC 0x16 -> Node 1
[    0.000000] SRAT: PXM 0 -> APIC 0x08 -> Node 0
[    0.000000] SRAT: PXM 1 -> APIC 0x18 -> Node 1
[    0.000000] SRAT: PXM 0 -> APIC 0x0a -> Node 0
[    0.000000] SRAT: PXM 1 -> APIC 0x1a -> Node 1
[    0.000000] SRAT: Node 0 PXM 0 [mem 0x00000000-0x47fffffff]
[    0.000000] SRAT: Node 1 PXM 1 [mem 0x480000000-0x87fffffff]
[    0.000000] NUMA: Initialized distance table, cnt=2
[    0.000000] NODE_DATA(0) allocated [mem 0x47ffd9000-0x47fffffff]
[    0.000000] NODE_DATA(1) allocated [mem 0x87ffd6000-0x87fffcfff]
[    0.000000] Zone ranges:
[    0.000000]   DMA      [mem 0x00001000-0x00ffffff]
[    0.000000]   DMA32    [mem 0x01000000-0xffffffff]
[    0.000000]   Normal   [mem 0x100000000-0x87fffffff]
[    0.000000] Movable zone start for each node
[    0.000000] Early memory node ranges
[    0.000000]   node   0: [mem 0x00001000-0x0009cfff]
[    0.000000]   node   0: [mem 0x00100000-0x7a288fff]
[    0.000000]   node   0: [mem 0x7bab7000-0x7bafffff]
[    0.000000]   node   0: [mem 0x100000000-0x47fffffff]
[    0.000000]   node   1: [mem 0x480000000-0x87fffffff]
[    0.000000] Initmem setup node 0 [mem 0x00001000-0x47fffffff]
[    0.000000] On node 0 totalpages: 4170350
[    0.000000]   DMA zone: 64 pages used for memmap
[    0.000000]   DMA zone: 21 pages reserved
[    0.000000]   DMA zone: 3996 pages, LIFO batch:0
[    0.000000]   DMA32 zone: 7756 pages used for memmap
[    0.000000]   DMA32 zone: 496338 pages, LIFO batch:31
[    0.000000]   Normal zone: 57344 pages used for memmap
[    0.000000]   Normal zone: 3670016 pages, LIFO batch:31
[    0.000000] Initmem setup node 1 [mem 0x480000000-0x87fffffff]
[    0.000000] On node 1 totalpages: 4194304
[    0.000000]   Normal zone: 65536 pages used for memmap
[    0.000000]   Normal zone: 4194304 pages, LIFO batch:31
[    0.000000] ACPI: PM-Timer IO Port: 0x408
[    0.000000] ACPI: Local APIC address 0xfee00000
[    0.000000] ACPI: LAPIC (acpi_id[0x00] lapic_id[0x00] enabled)
[    0.000000] ACPI: LAPIC (acpi_id[0x30] lapic_id[0x10] enabled)
[    0.000000] ACPI: LAPIC (acpi_id[0x01] lapic_id[0x02] enabled)
[    0.000000] ACPI: LAPIC (acpi_id[0x31] lapic_id[0x12] enabled)
[    0.000000] ACPI: LAPIC (acpi_id[0x02] lapic_id[0x04] enabled)
[    0.000000] ACPI: LAPIC (acpi_id[0x32] lapic_id[0x14] enabled)
[    0.000000] ACPI: LAPIC (acpi_id[0x03] lapic_id[0x06] enabled)
[    0.000000] ACPI: LAPIC (acpi_id[0x33] lapic_id[0x16] enabled)
[    0.000000] ACPI: LAPIC (acpi_id[0x04] lapic_id[0x08] enabled)
[    0.000000] ACPI: LAPIC (acpi_id[0x34] lapic_id[0x18] enabled)
[    0.000000] ACPI: LAPIC (acpi_id[0x05] lapic_id[0x0a] enabled)
[    0.000000] ACPI: LAPIC (acpi_id[0x35] lapic_id[0x1a] enabled)
[    0.000000] ACPI: LAPIC (acpi_id[0xff] lapic_id[0xff] disabled)
[    0.000000] ACPI: LAPIC (acpi_id[0xff] lapic_id[0xff] disabled)
[    0.000000] ACPI: LAPIC (acpi_id[0xff] lapic_id[0xff] disabled)
[    0.000000] ACPI: LAPIC (acpi_id[0xff] lapic_id[0xff] disabled)
[    0.000000] ACPI: LAPIC (acpi_id[0xff] lapic_id[0xff] disabled)
[    0.000000] ACPI: LAPIC (acpi_id[0xff] lapic_id[0xff] disabled)
[    0.000000] ACPI: LAPIC (acpi_id[0xff] lapic_id[0xff] disabled)
[    0.000000] ACPI: LAPIC (acpi_id[0xff] lapic_id[0xff] disabled)
[    0.000000] ACPI: LAPIC (acpi_id[0xff] lapic_id[0xff] disabled)
[    0.000000] ACPI: LAPIC (acpi_id[0xff] lapic_id[0xff] disabled)
[    0.000000] ACPI: LAPIC (acpi_id[0xff] lapic_id[0xff] disabled)
[    0.000000] ACPI: LAPIC (acpi_id[0xff] lapic_id[0xff] disabled)
[    0.000000] ACPI: LAPIC (acpi_id[0xff] lapic_id[0xff] disabled)
[    0.000000] ACPI: LAPIC (acpi_id[0xff] lapic_id[0xff] disabled)
[    0.000000] ACPI: LAPIC (acpi_id[0xff] lapic_id[0xff] disabled)
[    0.000000] ACPI: LAPIC (acpi_id[0xff] lapic_id[0xff] disabled)
[    0.000000] ACPI: LAPIC (acpi_id[0xff] lapic_id[0xff] disabled)
[    0.000000] ACPI: LAPIC (acpi_id[0xff] lapic_id[0xff] disabled)
[    0.000000] ACPI: LAPIC (acpi_id[0xff] lapic_id[0xff] disabled)
[    0.000000] ACPI: LAPIC (acpi_id[0xff] lapic_id[0xff] disabled)
[    0.000000] ACPI: LAPIC (acpi_id[0xff] lapic_id[0xff] disabled)
[    0.000000] ACPI: LAPIC (acpi_id[0xff] lapic_id[0xff] disabled)
[    0.000000] ACPI: LAPIC (acpi_id[0xff] lapic_id[0xff] disabled)
[    0.000000] ACPI: LAPIC (acpi_id[0xff] lapic_id[0xff] disabled)
[    0.000000] ACPI: LAPIC (acpi_id[0xff] lapic_id[0xff] disabled)
[    0.000000] ACPI: LAPIC (acpi_id[0xff] lapic_id[0xff] disabled)
[    0.000000] ACPI: LAPIC (acpi_id[0xff] lapic_id[0xff] disabled)
[    0.000000] ACPI: LAPIC (acpi_id[0xff] lapic_id[0xff] disabled)
[    0.000000] ACPI: LAPIC (acpi_id[0xff] lapic_id[0xff] disabled)
[    0.000000] ACPI: LAPIC (acpi_id[0xff] lapic_id[0xff] disabled)
[    0.000000] ACPI: LAPIC (acpi_id[0xff] lapic_id[0xff] disabled)
[    0.000000] ACPI: LAPIC (acpi_id[0xff] lapic_id[0xff] disabled)
[    0.000000] ACPI: LAPIC (acpi_id[0xff] lapic_id[0xff] disabled)
[    0.000000] ACPI: LAPIC (acpi_id[0xff] lapic_id[0xff] disabled)
[    0.000000] ACPI: LAPIC (acpi_id[0xff] lapic_id[0xff] disabled)
[    0.000000] ACPI: LAPIC (acpi_id[0xff] lapic_id[0xff] disabled)
[    0.000000] ACPI: LAPIC (acpi_id[0xff] lapic_id[0xff] disabled)
[    0.000000] ACPI: LAPIC (acpi_id[0xff] lapic_id[0xff] disabled)
[    0.000000] ACPI: LAPIC (acpi_id[0xff] lapic_id[0xff] disabled)
[    0.000000] ACPI: LAPIC (acpi_id[0xff] lapic_id[0xff] disabled)
[    0.000000] ACPI: LAPIC (acpi_id[0xff] lapic_id[0xff] disabled)
[    0.000000] ACPI: LAPIC (acpi_id[0xff] lapic_id[0xff] disabled)
[    0.000000] ACPI: LAPIC (acpi_id[0xff] lapic_id[0xff] disabled)
[    0.000000] ACPI: LAPIC (acpi_id[0xff] lapic_id[0xff] disabled)
[    0.000000] ACPI: LAPIC (acpi_id[0xff] lapic_id[0xff] disabled)
[    0.000000] ACPI: LAPIC (acpi_id[0xff] lapic_id[0xff] disabled)
[    0.000000] ACPI: LAPIC (acpi_id[0xff] lapic_id[0xff] disabled)
[    0.000000] ACPI: LAPIC (acpi_id[0xff] lapic_id[0xff] disabled)
[    0.000000] ACPI: LAPIC (acpi_id[0xff] lapic_id[0xff] disabled)
[    0.000000] ACPI: LAPIC (acpi_id[0xff] lapic_id[0xff] disabled)
[    0.000000] ACPI: LAPIC (acpi_id[0xff] lapic_id[0xff] disabled)
[    0.000000] ACPI: LAPIC (acpi_id[0xff] lapic_id[0xff] disabled)
[    0.000000] ACPI: LAPIC (acpi_id[0xff] lapic_id[0xff] disabled)
[    0.000000] ACPI: LAPIC (acpi_id[0xff] lapic_id[0xff] disabled)
[    0.000000] ACPI: LAPIC (acpi_id[0xff] lapic_id[0xff] disabled)
[    0.000000] ACPI: LAPIC (acpi_id[0xff] lapic_id[0xff] disabled)
[    0.000000] ACPI: LAPIC (acpi_id[0xff] lapic_id[0xff] disabled)
[    0.000000] ACPI: LAPIC (acpi_id[0xff] lapic_id[0xff] disabled)
[    0.000000] ACPI: LAPIC (acpi_id[0xff] lapic_id[0xff] disabled)
[    0.000000] ACPI: LAPIC (acpi_id[0xff] lapic_id[0xff] disabled)
[    0.000000] ACPI: LAPIC (acpi_id[0xff] lapic_id[0xff] disabled)
[    0.000000] ACPI: LAPIC (acpi_id[0xff] lapic_id[0xff] disabled)
[    0.000000] ACPI: LAPIC (acpi_id[0xff] lapic_id[0xff] disabled)
[    0.000000] ACPI: LAPIC (acpi_id[0xff] lapic_id[0xff] disabled)
[    0.000000] ACPI: LAPIC (acpi_id[0xff] lapic_id[0xff] disabled)
[    0.000000] ACPI: LAPIC (acpi_id[0xff] lapic_id[0xff] disabled)
[    0.000000] ACPI: LAPIC (acpi_id[0xff] lapic_id[0xff] disabled)
[    0.000000] ACPI: LAPIC (acpi_id[0xff] lapic_id[0xff] disabled)
[    0.000000] ACPI: LAPIC (acpi_id[0xff] lapic_id[0xff] disabled)
[    0.000000] ACPI: LAPIC (acpi_id[0xff] lapic_id[0xff] disabled)
[    0.000000] ACPI: LAPIC (acpi_id[0xff] lapic_id[0xff] disabled)
[    0.000000] ACPI: LAPIC (acpi_id[0xff] lapic_id[0xff] disabled)
[    0.000000] ACPI: LAPIC (acpi_id[0xff] lapic_id[0xff] disabled)
[    0.000000] ACPI: LAPIC (acpi_id[0xff] lapic_id[0xff] disabled)
[    0.000000] ACPI: LAPIC (acpi_id[0xff] lapic_id[0xff] disabled)
[    0.000000] ACPI: LAPIC (acpi_id[0xff] lapic_id[0xff] disabled)
[    0.000000] ACPI: LAPIC (acpi_id[0xff] lapic_id[0xff] disabled)
[    0.000000] ACPI: LAPIC (acpi_id[0xff] lapic_id[0xff] disabled)
[    0.000000] ACPI: LAPIC (acpi_id[0xff] lapic_id[0xff] disabled)
[    0.000000] ACPI: LAPIC (acpi_id[0xff] lapic_id[0xff] disabled)
[    0.000000] ACPI: LAPIC (acpi_id[0xff] lapic_id[0xff] disabled)
[    0.000000] ACPI: LAPIC (acpi_id[0xff] lapic_id[0xff] disabled)
[    0.000000] ACPI: LAPIC (acpi_id[0xff] lapic_id[0xff] disabled)
[    0.000000] ACPI: LAPIC (acpi_id[0xff] lapic_id[0xff] disabled)
[    0.000000] ACPI: LAPIC (acpi_id[0xff] lapic_id[0xff] disabled)
[    0.000000] ACPI: LAPIC (acpi_id[0xff] lapic_id[0xff] disabled)
[    0.000000] ACPI: LAPIC (acpi_id[0xff] lapic_id[0xff] disabled)
[    0.000000] ACPI: LAPIC (acpi_id[0xff] lapic_id[0xff] disabled)
[    0.000000] ACPI: LAPIC (acpi_id[0xff] lapic_id[0xff] disabled)
[    0.000000] ACPI: LAPIC (acpi_id[0xff] lapic_id[0xff] disabled)
[    0.000000] ACPI: LAPIC (acpi_id[0xff] lapic_id[0xff] disabled)
[    0.000000] ACPI: LAPIC (acpi_id[0xff] lapic_id[0xff] disabled)
[    0.000000] ACPI: LAPIC (acpi_id[0xff] lapic_id[0xff] disabled)
[    0.000000] ACPI: LAPIC (acpi_id[0xff] lapic_id[0xff] disabled)
[    0.000000] ACPI: LAPIC (acpi_id[0xff] lapic_id[0xff] disabled)
[    0.000000] ACPI: LAPIC (acpi_id[0xff] lapic_id[0xff] disabled)
[    0.000000] ACPI: LAPIC (acpi_id[0xff] lapic_id[0xff] disabled)
[    0.000000] ACPI: LAPIC (acpi_id[0xff] lapic_id[0xff] disabled)
[    0.000000] ACPI: LAPIC (acpi_id[0xff] lapic_id[0xff] disabled)
[    0.000000] ACPI: LAPIC (acpi_id[0xff] lapic_id[0xff] disabled)
[    0.000000] ACPI: LAPIC (acpi_id[0xff] lapic_id[0xff] disabled)
[    0.000000] ACPI: LAPIC (acpi_id[0xff] lapic_id[0xff] disabled)
[    0.000000] ACPI: LAPIC (acpi_id[0xff] lapic_id[0xff] disabled)
[    0.000000] ACPI: LAPIC (acpi_id[0xff] lapic_id[0xff] disabled)
[    0.000000] ACPI: LAPIC (acpi_id[0xff] lapic_id[0xff] disabled)
[    0.000000] ACPI: LAPIC (acpi_id[0xff] lapic_id[0xff] disabled)
[    0.000000] ACPI: LAPIC (acpi_id[0xff] lapic_id[0xff] disabled)
[    0.000000] ACPI: LAPIC (acpi_id[0xff] lapic_id[0xff] disabled)
[    0.000000] ACPI: LAPIC (acpi_id[0xff] lapic_id[0xff] disabled)
[    0.000000] ACPI: LAPIC (acpi_id[0xff] lapic_id[0xff] disabled)
[    0.000000] ACPI: LAPIC (acpi_id[0xff] lapic_id[0xff] disabled)
[    0.000000] ACPI: LAPIC (acpi_id[0xff] lapic_id[0xff] disabled)
[    0.000000] ACPI: LAPIC (acpi_id[0xff] lapic_id[0xff] disabled)
[    0.000000] ACPI: LAPIC (acpi_id[0xff] lapic_id[0xff] disabled)
[    0.000000] ACPI: LAPIC (acpi_id[0xff] lapic_id[0xff] disabled)
[    0.000000] ACPI: LAPIC (acpi_id[0xff] lapic_id[0xff] disabled)
[    0.000000] ACPI: LAPIC (acpi_id[0xff] lapic_id[0xff] disabled)
[    0.000000] ACPI: LAPIC (acpi_id[0xff] lapic_id[0xff] disabled)
[    0.000000] ACPI: LAPIC (acpi_id[0xff] lapic_id[0xff] disabled)
[    0.000000] ACPI: LAPIC (acpi_id[0xff] lapic_id[0xff] disabled)
[    0.000000] ACPI: LAPIC (acpi_id[0xff] lapic_id[0xff] disabled)
[    0.000000] ACPI: LAPIC (acpi_id[0xff] lapic_id[0xff] disabled)
[    0.000000] ACPI: LAPIC (acpi_id[0xff] lapic_id[0xff] disabled)
[    0.000000] ACPI: LAPIC (acpi_id[0xff] lapic_id[0xff] disabled)
[    0.000000] ACPI: LAPIC (acpi_id[0xff] lapic_id[0xff] disabled)
[    0.000000] ACPI: LAPIC (acpi_id[0xff] lapic_id[0xff] disabled)
[    0.000000] ACPI: LAPIC (acpi_id[0xff] lapic_id[0xff] disabled)
[    0.000000] ACPI: LAPIC (acpi_id[0xff] lapic_id[0xff] disabled)
[    0.000000] ACPI: LAPIC (acpi_id[0xff] lapic_id[0xff] disabled)
[    0.000000] ACPI: LAPIC (acpi_id[0xff] lapic_id[0xff] disabled)
[    0.000000] ACPI: LAPIC (acpi_id[0xff] lapic_id[0xff] disabled)
[    0.000000] ACPI: LAPIC (acpi_id[0xff] lapic_id[0xff] disabled)
[    0.000000] ACPI: LAPIC (acpi_id[0xff] lapic_id[0xff] disabled)
[    0.000000] ACPI: LAPIC (acpi_id[0xff] lapic_id[0xff] disabled)
[    0.000000] ACPI: LAPIC (acpi_id[0xff] lapic_id[0xff] disabled)
[    0.000000] ACPI: LAPIC (acpi_id[0xff] lapic_id[0xff] disabled)
[    0.000000] ACPI: LAPIC (acpi_id[0xff] lapic_id[0xff] disabled)
[    0.000000] ACPI: LAPIC (acpi_id[0xff] lapic_id[0xff] disabled)
[    0.000000] ACPI: LAPIC (acpi_id[0xff] lapic_id[0xff] disabled)
[    0.000000] ACPI: LAPIC (acpi_id[0xff] lapic_id[0xff] disabled)
[    0.000000] ACPI: LAPIC (acpi_id[0xff] lapic_id[0xff] disabled)
[    0.000000] ACPI: LAPIC (acpi_id[0xff] lapic_id[0xff] disabled)
[    0.000000] ACPI: LAPIC (acpi_id[0xff] lapic_id[0xff] disabled)
[    0.000000] ACPI: LAPIC (acpi_id[0xff] lapic_id[0xff] disabled)
[    0.000000] ACPI: LAPIC (acpi_id[0xff] lapic_id[0xff] disabled)
[    0.000000] ACPI: LAPIC (acpi_id[0xff] lapic_id[0xff] disabled)
[    0.000000] ACPI: LAPIC (acpi_id[0xff] lapic_id[0xff] disabled)
[    0.000000] ACPI: LAPIC (acpi_id[0xff] lapic_id[0xff] disabled)
[    0.000000] ACPI: LAPIC (acpi_id[0xff] lapic_id[0xff] disabled)
[    0.000000] ACPI: LAPIC (acpi_id[0xff] lapic_id[0xff] disabled)
[    0.000000] ACPI: LAPIC (acpi_id[0xff] lapic_id[0xff] disabled)
[    0.000000] ACPI: LAPIC (acpi_id[0xff] lapic_id[0xff] disabled)
[    0.000000] ACPI: LAPIC (acpi_id[0xff] lapic_id[0xff] disabled)
[    0.000000] ACPI: LAPIC (acpi_id[0xff] lapic_id[0xff] disabled)
[    0.000000] ACPI: LAPIC (acpi_id[0xff] lapic_id[0xff] disabled)
[    0.000000] ACPI: LAPIC (acpi_id[0xff] lapic_id[0xff] disabled)
[    0.000000] ACPI: LAPIC (acpi_id[0xff] lapic_id[0xff] disabled)
[    0.000000] ACPI: LAPIC (acpi_id[0xff] lapic_id[0xff] disabled)
[    0.000000] ACPI: LAPIC (acpi_id[0xff] lapic_id[0xff] disabled)
[    0.000000] ACPI: LAPIC (acpi_id[0xff] lapic_id[0xff] disabled)
[    0.000000] ACPI: LAPIC (acpi_id[0xff] lapic_id[0xff] disabled)
[    0.000000] ACPI: LAPIC (acpi_id[0xff] lapic_id[0xff] disabled)
[    0.000000] ACPI: LAPIC (acpi_id[0xff] lapic_id[0xff] disabled)
[    0.000000] ACPI: LAPIC (acpi_id[0xff] lapic_id[0xff] disabled)
[    0.000000] ACPI: LAPIC (acpi_id[0xff] lapic_id[0xff] disabled)
[    0.000000] ACPI: LAPIC (acpi_id[0xff] lapic_id[0xff] disabled)
[    0.000000] ACPI: LAPIC (acpi_id[0xff] lapic_id[0xff] disabled)
[    0.000000] ACPI: LAPIC (acpi_id[0xff] lapic_id[0xff] disabled)
[    0.000000] ACPI: LAPIC (acpi_id[0xff] lapic_id[0xff] disabled)
[    0.000000] ACPI: LAPIC (acpi_id[0xff] lapic_id[0xff] disabled)
[    0.000000] ACPI: LAPIC (acpi_id[0xff] lapic_id[0xff] disabled)
[    0.000000] ACPI: LAPIC (acpi_id[0xff] lapic_id[0xff] disabled)
[    0.000000] ACPI: LAPIC (acpi_id[0xff] lapic_id[0xff] disabled)
[    0.000000] ACPI: LAPIC (acpi_id[0xff] lapic_id[0xff] disabled)
[    0.000000] ACPI: LAPIC (acpi_id[0xff] lapic_id[0xff] disabled)
[    0.000000] ACPI: LAPIC (acpi_id[0xff] lapic_id[0xff] disabled)
[    0.000000] ACPI: LAPIC (acpi_id[0xff] lapic_id[0xff] disabled)
[    0.000000] ACPI: LAPIC (acpi_id[0xff] lapic_id[0xff] disabled)
[    0.000000] ACPI: LAPIC (acpi_id[0xff] lapic_id[0xff] disabled)
[    0.000000] ACPI: LAPIC (acpi_id[0xff] lapic_id[0xff] disabled)
[    0.000000] ACPI: LAPIC_NMI (acpi_id[0x00] high level lint[0x1])
[    0.000000] ACPI: LAPIC_NMI (acpi_id[0x01] high level lint[0x1])
[    0.000000] ACPI: LAPIC_NMI (acpi_id[0x02] high level lint[0x1])
[    0.000000] ACPI: LAPIC_NMI (acpi_id[0x03] high level lint[0x1])
[    0.000000] ACPI: LAPIC_NMI (acpi_id[0x04] high level lint[0x1])
[    0.000000] ACPI: LAPIC_NMI (acpi_id[0x05] high level lint[0x1])
[    0.000000] ACPI: LAPIC_NMI (acpi_id[0x06] high level lint[0x1])
[    0.000000] ACPI: LAPIC_NMI (acpi_id[0x07] high level lint[0x1])
[    0.000000] ACPI: LAPIC_NMI (acpi_id[0x08] high level lint[0x1])
[    0.000000] ACPI: LAPIC_NMI (acpi_id[0x09] high level lint[0x1])
[    0.000000] ACPI: LAPIC_NMI (acpi_id[0x0a] high level lint[0x1])
[    0.000000] ACPI: LAPIC_NMI (acpi_id[0x0b] high level lint[0x1])
[    0.000000] ACPI: LAPIC_NMI (acpi_id[0x0c] high level lint[0x1])
[    0.000000] ACPI: LAPIC_NMI (acpi_id[0x0d] high level lint[0x1])
[    0.000000] ACPI: LAPIC_NMI (acpi_id[0x0e] high level lint[0x1])
[    0.000000] ACPI: LAPIC_NMI (acpi_id[0x0f] high level lint[0x1])
[    0.000000] ACPI: LAPIC_NMI (acpi_id[0x10] high level lint[0x1])
[    0.000000] ACPI: LAPIC_NMI (acpi_id[0x11] high level lint[0x1])
[    0.000000] ACPI: LAPIC_NMI (acpi_id[0x12] high level lint[0x1])
[    0.000000] ACPI: LAPIC_NMI (acpi_id[0x13] high level lint[0x1])
[    0.000000] ACPI: LAPIC_NMI (acpi_id[0x14] high level lint[0x1])
[    0.000000] ACPI: LAPIC_NMI (acpi_id[0x15] high level lint[0x1])
[    0.000000] ACPI: LAPIC_NMI (acpi_id[0x16] high level lint[0x1])
[    0.000000] ACPI: LAPIC_NMI (acpi_id[0x17] high level lint[0x1])
[    0.000000] ACPI: LAPIC_NMI (acpi_id[0x18] high level lint[0x1])
[    0.000000] ACPI: LAPIC_NMI (acpi_id[0x19] high level lint[0x1])
[    0.000000] ACPI: LAPIC_NMI (acpi_id[0x1a] high level lint[0x1])
[    0.000000] ACPI: LAPIC_NMI (acpi_id[0x1b] high level lint[0x1])
[    0.000000] ACPI: LAPIC_NMI (acpi_id[0x1c] high level lint[0x1])
[    0.000000] ACPI: LAPIC_NMI (acpi_id[0x1d] high level lint[0x1])
[    0.000000] ACPI: LAPIC_NMI (acpi_id[0x1e] high level lint[0x1])
[    0.000000] ACPI: LAPIC_NMI (acpi_id[0x1f] high level lint[0x1])
[    0.000000] ACPI: LAPIC_NMI (acpi_id[0x20] high level lint[0x1])
[    0.000000] ACPI: LAPIC_NMI (acpi_id[0x21] high level lint[0x1])
[    0.000000] ACPI: LAPIC_NMI (acpi_id[0x22] high level lint[0x1])
[    0.000000] ACPI: LAPIC_NMI (acpi_id[0x23] high level lint[0x1])
[    0.000000] ACPI: LAPIC_NMI (acpi_id[0x24] high level lint[0x1])
[    0.000000] ACPI: LAPIC_NMI (acpi_id[0x25] high level lint[0x1])
[    0.000000] ACPI: LAPIC_NMI (acpi_id[0x26] high level lint[0x1])
[    0.000000] ACPI: LAPIC_NMI (acpi_id[0x27] high level lint[0x1])
[    0.000000] ACPI: LAPIC_NMI (acpi_id[0x28] high level lint[0x1])
[    0.000000] ACPI: LAPIC_NMI (acpi_id[0x29] high level lint[0x1])
[    0.000000] ACPI: LAPIC_NMI (acpi_id[0x2a] high level lint[0x1])
[    0.000000] ACPI: LAPIC_NMI (acpi_id[0x2b] high level lint[0x1])
[    0.000000] ACPI: LAPIC_NMI (acpi_id[0x2c] high level lint[0x1])
[    0.000000] ACPI: LAPIC_NMI (acpi_id[0x2d] high level lint[0x1])
[    0.000000] ACPI: LAPIC_NMI (acpi_id[0x2e] high level lint[0x1])
[    0.000000] ACPI: LAPIC_NMI (acpi_id[0x2f] high level lint[0x1])
[    0.000000] ACPI: LAPIC_NMI (acpi_id[0x30] high level lint[0x1])
[    0.000000] ACPI: LAPIC_NMI (acpi_id[0x31] high level lint[0x1])
[    0.000000] ACPI: LAPIC_NMI (acpi_id[0x32] high level lint[0x1])
[    0.000000] ACPI: LAPIC_NMI (acpi_id[0x33] high level lint[0x1])
[    0.000000] ACPI: LAPIC_NMI (acpi_id[0x34] high level lint[0x1])
[    0.000000] ACPI: LAPIC_NMI (acpi_id[0x35] high level lint[0x1])
[    0.000000] ACPI: LAPIC_NMI (acpi_id[0x36] high level lint[0x1])
[    0.000000] ACPI: LAPIC_NMI (acpi_id[0x37] high level lint[0x1])
[    0.000000] ACPI: LAPIC_NMI (acpi_id[0x38] high level lint[0x1])
[    0.000000] ACPI: LAPIC_NMI (acpi_id[0x39] high level lint[0x1])
[    0.000000] ACPI: LAPIC_NMI (acpi_id[0x3a] high level lint[0x1])
[    0.000000] ACPI: LAPIC_NMI (acpi_id[0x3b] high level lint[0x1])
[    0.000000] ACPI: LAPIC_NMI (acpi_id[0x3c] high level lint[0x1])
[    0.000000] ACPI: LAPIC_NMI (acpi_id[0x3d] high level lint[0x1])
[    0.000000] ACPI: LAPIC_NMI (acpi_id[0x3e] high level lint[0x1])
[    0.000000] ACPI: LAPIC_NMI (acpi_id[0x3f] high level lint[0x1])
[    0.000000] ACPI: LAPIC_NMI (acpi_id[0x40] high level lint[0x1])
[    0.000000] ACPI: LAPIC_NMI (acpi_id[0x41] high level lint[0x1])
[    0.000000] ACPI: LAPIC_NMI (acpi_id[0x42] high level lint[0x1])
[    0.000000] ACPI: LAPIC_NMI (acpi_id[0x43] high level lint[0x1])
[    0.000000] ACPI: LAPIC_NMI (acpi_id[0x44] high level lint[0x1])
[    0.000000] ACPI: LAPIC_NMI (acpi_id[0x45] high level lint[0x1])
[    0.000000] ACPI: LAPIC_NMI (acpi_id[0x46] high level lint[0x1])
[    0.000000] ACPI: LAPIC_NMI (acpi_id[0x47] high level lint[0x1])
[    0.000000] ACPI: LAPIC_NMI (acpi_id[0x48] high level lint[0x1])
[    0.000000] ACPI: LAPIC_NMI (acpi_id[0x49] high level lint[0x1])
[    0.000000] ACPI: LAPIC_NMI (acpi_id[0x4a] high level lint[0x1])
[    0.000000] ACPI: LAPIC_NMI (acpi_id[0x4b] high level lint[0x1])
[    0.000000] ACPI: LAPIC_NMI (acpi_id[0x4c] high level lint[0x1])
[    0.000000] ACPI: LAPIC_NMI (acpi_id[0x4d] high level lint[0x1])
[    0.000000] ACPI: LAPIC_NMI (acpi_id[0x4e] high level lint[0x1])
[    0.000000] ACPI: LAPIC_NMI (acpi_id[0x4f] high level lint[0x1])
[    0.000000] ACPI: LAPIC_NMI (acpi_id[0x50] high level lint[0x1])
[    0.000000] ACPI: LAPIC_NMI (acpi_id[0x51] high level lint[0x1])
[    0.000000] ACPI: LAPIC_NMI (acpi_id[0x52] high level lint[0x1])
[    0.000000] ACPI: LAPIC_NMI (acpi_id[0x53] high level lint[0x1])
[    0.000000] ACPI: LAPIC_NMI (acpi_id[0x54] high level lint[0x1])
[    0.000000] ACPI: LAPIC_NMI (acpi_id[0x55] high level lint[0x1])
[    0.000000] ACPI: LAPIC_NMI (acpi_id[0x56] high level lint[0x1])
[    0.000000] ACPI: LAPIC_NMI (acpi_id[0x57] high level lint[0x1])
[    0.000000] ACPI: LAPIC_NMI (acpi_id[0x58] high level lint[0x1])
[    0.000000] ACPI: LAPIC_NMI (acpi_id[0x59] high level lint[0x1])
[    0.000000] ACPI: LAPIC_NMI (acpi_id[0x5a] high level lint[0x1])
[    0.000000] ACPI: LAPIC_NMI (acpi_id[0x5b] high level lint[0x1])
[    0.000000] ACPI: LAPIC_NMI (acpi_id[0x5c] high level lint[0x1])
[    0.000000] ACPI: LAPIC_NMI (acpi_id[0x5d] high level lint[0x1])
[    0.000000] ACPI: LAPIC_NMI (acpi_id[0x5e] high level lint[0x1])
[    0.000000] ACPI: LAPIC_NMI (acpi_id[0x5f] high level lint[0x1])
[    0.000000] ACPI: LAPIC_NMI (acpi_id[0x60] high level lint[0x1])
[    0.000000] ACPI: LAPIC_NMI (acpi_id[0x61] high level lint[0x1])
[    0.000000] ACPI: LAPIC_NMI (acpi_id[0x62] high level lint[0x1])
[    0.000000] ACPI: LAPIC_NMI (acpi_id[0x63] high level lint[0x1])
[    0.000000] ACPI: LAPIC_NMI (acpi_id[0x64] high level lint[0x1])
[    0.000000] ACPI: LAPIC_NMI (acpi_id[0x65] high level lint[0x1])
[    0.000000] ACPI: LAPIC_NMI (acpi_id[0x66] high level lint[0x1])
[    0.000000] ACPI: LAPIC_NMI (acpi_id[0x67] high level lint[0x1])
[    0.000000] ACPI: LAPIC_NMI (acpi_id[0x68] high level lint[0x1])
[    0.000000] ACPI: LAPIC_NMI (acpi_id[0x69] high level lint[0x1])
[    0.000000] ACPI: LAPIC_NMI (acpi_id[0x6a] high level lint[0x1])
[    0.000000] ACPI: LAPIC_NMI (acpi_id[0x6b] high level lint[0x1])
[    0.000000] ACPI: LAPIC_NMI (acpi_id[0x6c] high level lint[0x1])
[    0.000000] ACPI: LAPIC_NMI (acpi_id[0x6d] high level lint[0x1])
[    0.000000] ACPI: LAPIC_NMI (acpi_id[0x6e] high level lint[0x1])
[    0.000000] ACPI: LAPIC_NMI (acpi_id[0x6f] high level lint[0x1])
[    0.000000] ACPI: LAPIC_NMI (acpi_id[0x70] high level lint[0x1])
[    0.000000] ACPI: LAPIC_NMI (acpi_id[0x71] high level lint[0x1])
[    0.000000] ACPI: LAPIC_NMI (acpi_id[0x72] high level lint[0x1])
[    0.000000] ACPI: LAPIC_NMI (acpi_id[0x73] high level lint[0x1])
[    0.000000] ACPI: LAPIC_NMI (acpi_id[0x74] high level lint[0x1])
[    0.000000] ACPI: LAPIC_NMI (acpi_id[0x75] high level lint[0x1])
[    0.000000] ACPI: LAPIC_NMI (acpi_id[0x76] high level lint[0x1])
[    0.000000] ACPI: LAPIC_NMI (acpi_id[0x77] high level lint[0x1])
[    0.000000] ACPI: LAPIC_NMI (acpi_id[0x78] high level lint[0x1])
[    0.000000] ACPI: LAPIC_NMI (acpi_id[0x79] high level lint[0x1])
[    0.000000] ACPI: LAPIC_NMI (acpi_id[0x7a] high level lint[0x1])
[    0.000000] ACPI: LAPIC_NMI (acpi_id[0x7b] high level lint[0x1])
[    0.000000] ACPI: LAPIC_NMI (acpi_id[0x7c] high level lint[0x1])
[    0.000000] ACPI: LAPIC_NMI (acpi_id[0x7d] high level lint[0x1])
[    0.000000] ACPI: LAPIC_NMI (acpi_id[0x7e] high level lint[0x1])
[    0.000000] ACPI: LAPIC_NMI (acpi_id[0x7f] high level lint[0x1])
[    0.000000] ACPI: LAPIC_NMI (acpi_id[0x80] high level lint[0x1])
[    0.000000] ACPI: LAPIC_NMI (acpi_id[0x81] high level lint[0x1])
[    0.000000] ACPI: LAPIC_NMI (acpi_id[0x82] high level lint[0x1])
[    0.000000] ACPI: LAPIC_NMI (acpi_id[0x83] high level lint[0x1])
[    0.000000] ACPI: LAPIC_NMI (acpi_id[0x84] high level lint[0x1])
[    0.000000] ACPI: LAPIC_NMI (acpi_id[0x85] high level lint[0x1])
[    0.000000] ACPI: LAPIC_NMI (acpi_id[0x86] high level lint[0x1])
[    0.000000] ACPI: LAPIC_NMI (acpi_id[0x87] high level lint[0x1])
[    0.000000] ACPI: LAPIC_NMI (acpi_id[0x88] high level lint[0x1])
[    0.000000] ACPI: LAPIC_NMI (acpi_id[0x89] high level lint[0x1])
[    0.000000] ACPI: LAPIC_NMI (acpi_id[0x8a] high level lint[0x1])
[    0.000000] ACPI: LAPIC_NMI (acpi_id[0x8b] high level lint[0x1])
[    0.000000] ACPI: LAPIC_NMI (acpi_id[0x8c] high level lint[0x1])
[    0.000000] ACPI: LAPIC_NMI (acpi_id[0x8d] high level lint[0x1])
[    0.000000] ACPI: LAPIC_NMI (acpi_id[0x8e] high level lint[0x1])
[    0.000000] ACPI: LAPIC_NMI (acpi_id[0x8f] high level lint[0x1])
[    0.000000] ACPI: LAPIC_NMI (acpi_id[0x90] high level lint[0x1])
[    0.000000] ACPI: LAPIC_NMI (acpi_id[0x91] high level lint[0x1])
[    0.000000] ACPI: LAPIC_NMI (acpi_id[0x92] high level lint[0x1])
[    0.000000] ACPI: LAPIC_NMI (acpi_id[0x93] high level lint[0x1])
[    0.000000] ACPI: LAPIC_NMI (acpi_id[0x94] high level lint[0x1])
[    0.000000] ACPI: LAPIC_NMI (acpi_id[0x95] high level lint[0x1])
[    0.000000] ACPI: LAPIC_NMI (acpi_id[0x96] high level lint[0x1])
[    0.000000] ACPI: LAPIC_NMI (acpi_id[0x97] high level lint[0x1])
[    0.000000] ACPI: LAPIC_NMI (acpi_id[0x98] high level lint[0x1])
[    0.000000] ACPI: LAPIC_NMI (acpi_id[0x99] high level lint[0x1])
[    0.000000] ACPI: LAPIC_NMI (acpi_id[0x9a] high level lint[0x1])
[    0.000000] ACPI: LAPIC_NMI (acpi_id[0x9b] high level lint[0x1])
[    0.000000] ACPI: LAPIC_NMI (acpi_id[0x9c] high level lint[0x1])
[    0.000000] ACPI: LAPIC_NMI (acpi_id[0x9d] high level lint[0x1])
[    0.000000] ACPI: LAPIC_NMI (acpi_id[0x9e] high level lint[0x1])
[    0.000000] ACPI: LAPIC_NMI (acpi_id[0x9f] high level lint[0x1])
[    0.000000] ACPI: LAPIC_NMI (acpi_id[0xa0] high level lint[0x1])
[    0.000000] ACPI: LAPIC_NMI (acpi_id[0xa1] high level lint[0x1])
[    0.000000] ACPI: LAPIC_NMI (acpi_id[0xa2] high level lint[0x1])
[    0.000000] ACPI: LAPIC_NMI (acpi_id[0xa3] high level lint[0x1])
[    0.000000] ACPI: LAPIC_NMI (acpi_id[0xa4] high level lint[0x1])
[    0.000000] ACPI: LAPIC_NMI (acpi_id[0xa5] high level lint[0x1])
[    0.000000] ACPI: LAPIC_NMI (acpi_id[0xa6] high level lint[0x1])
[    0.000000] ACPI: LAPIC_NMI (acpi_id[0xa7] high level lint[0x1])
[    0.000000] ACPI: LAPIC_NMI (acpi_id[0xa8] high level lint[0x1])
[    0.000000] ACPI: LAPIC_NMI (acpi_id[0xa9] high level lint[0x1])
[    0.000000] ACPI: LAPIC_NMI (acpi_id[0xaa] high level lint[0x1])
[    0.000000] ACPI: LAPIC_NMI (acpi_id[0xab] high level lint[0x1])
[    0.000000] ACPI: LAPIC_NMI (acpi_id[0xac] high level lint[0x1])
[    0.000000] ACPI: LAPIC_NMI (acpi_id[0xad] high level lint[0x1])
[    0.000000] ACPI: LAPIC_NMI (acpi_id[0xae] high level lint[0x1])
[    0.000000] ACPI: LAPIC_NMI (acpi_id[0xaf] high level lint[0x1])
[    0.000000] ACPI: LAPIC_NMI (acpi_id[0xb0] high level lint[0x1])
[    0.000000] ACPI: LAPIC_NMI (acpi_id[0xb1] high level lint[0x1])
[    0.000000] ACPI: LAPIC_NMI (acpi_id[0xb2] high level lint[0x1])
[    0.000000] ACPI: LAPIC_NMI (acpi_id[0xb3] high level lint[0x1])
[    0.000000] ACPI: LAPIC_NMI (acpi_id[0xb4] high level lint[0x1])
[    0.000000] ACPI: LAPIC_NMI (acpi_id[0xb5] high level lint[0x1])
[    0.000000] ACPI: LAPIC_NMI (acpi_id[0xb6] high level lint[0x1])
[    0.000000] ACPI: LAPIC_NMI (acpi_id[0xb7] high level lint[0x1])
[    0.000000] ACPI: LAPIC_NMI (acpi_id[0xb8] high level lint[0x1])
[    0.000000] ACPI: LAPIC_NMI (acpi_id[0xb9] high level lint[0x1])
[    0.000000] ACPI: LAPIC_NMI (acpi_id[0xba] high level lint[0x1])
[    0.000000] ACPI: LAPIC_NMI (acpi_id[0xbb] high level lint[0x1])
[    0.000000] ACPI: LAPIC_NMI (acpi_id[0xbc] high level lint[0x1])
[    0.000000] ACPI: LAPIC_NMI (acpi_id[0xbd] high level lint[0x1])
[    0.000000] ACPI: LAPIC_NMI (acpi_id[0xbe] high level lint[0x1])
[    0.000000] ACPI: LAPIC_NMI (acpi_id[0xbf] high level lint[0x1])
[    0.000000] ACPI: IOAPIC (id[0x08] address[0xfec00000] gsi_base[0])
[    0.000000] IOAPIC[0]: apic_id 8, version 32, address 0xfec00000, GSI 0-23
[    0.000000] ACPI: IOAPIC (id[0x09] address[0xfec01000] gsi_base[24])
[    0.000000] IOAPIC[1]: apic_id 9, version 32, address 0xfec01000, GSI 24-47
[    0.000000] ACPI: IOAPIC (id[0x0a] address[0xfec40000] gsi_base[48])
[    0.000000] IOAPIC[2]: apic_id 10, version 32, address 0xfec40000, GSI 48-71
[    0.000000] ACPI: INT_SRC_OVR (bus 0 bus_irq 0 global_irq 2 dfl dfl)
[    0.000000] ACPI: INT_SRC_OVR (bus 0 bus_irq 9 global_irq 9 high level)
[    0.000000] ACPI: IRQ0 used by override.
[    0.000000] ACPI: IRQ9 used by override.
[    0.000000] Using ACPI (MADT) for SMP configuration information
[    0.000000] ACPI: HPET id: 0x8086a701 base: 0xfed00000
[    0.000000] smpboot: Allowing 192 CPUs, 180 hotplug CPUs
[    0.000000] PM: Registered nosave memory: [mem 0x0009d000-0x0009ffff]
[    0.000000] PM: Registered nosave memory: [mem 0x000a0000-0x000dffff]
[    0.000000] PM: Registered nosave memory: [mem 0x000e0000-0x000fffff]
[    0.000000] PM: Registered nosave memory: [mem 0x7a289000-0x7af0afff]
[    0.000000] PM: Registered nosave memory: [mem 0x7af0b000-0x7b93afff]
[    0.000000] PM: Registered nosave memory: [mem 0x7b93b000-0x7bab6fff]
[    0.000000] PM: Registered nosave memory: [mem 0x7bb00000-0x8fffffff]
[    0.000000] PM: Registered nosave memory: [mem 0x90000000-0xfeda7fff]
[    0.000000] PM: Registered nosave memory: [mem 0xfeda8000-0xfedabfff]
[    0.000000] PM: Registered nosave memory: [mem 0xfedac000-0xff30ffff]
[    0.000000] PM: Registered nosave memory: [mem 0xff310000-0xffffffff]
[    0.000000] e820: [mem 0x90000000-0xfeda7fff] available for PCI devices
[    0.000000] Booting paravirtualized kernel on bare hardware
[    0.000000] setup_percpu: NR_CPUS:5120 nr_cpumask_bits:192 nr_cpu_ids:192 nr_node_ids:2
[    0.000000] PERCPU: Embedded 33 pages/cpu @ffff88046e600000 s97048 r8192 d29928 u262144
[    0.000000] pcpu-alloc: s97048 r8192 d29928 u262144 alloc=1*2097152
[    0.000000] pcpu-alloc: [0] 000 002 004 006 008 010 012 014 
[    0.000000] pcpu-alloc: [0] 016 018 020 022 024 026 028 030 
[    0.000000] pcpu-alloc: [0] 032 034 036 038 040 042 044 046 
[    0.000000] pcpu-alloc: [0] 048 050 052 054 056 058 060 062 
[    0.000000] pcpu-alloc: [0] 064 066 068 070 072 074 076 078 
[    0.000000] pcpu-alloc: [0] 080 082 084 086 088 090 092 094 
[    0.000000] pcpu-alloc: [0] 096 098 100 102 104 106 108 110 
[    0.000000] pcpu-alloc: [0] 112 114 116 118 120 122 124 126 
[    0.000000] pcpu-alloc: [0] 128 130 132 134 136 138 140 142 
[    0.000000] pcpu-alloc: [0] 144 146 148 150 152 154 156 158 
[    0.000000] pcpu-alloc: [0] 160 162 164 166 168 170 172 174 
[    0.000000] pcpu-alloc: [0] 176 178 180 182 184 186 188 190 
[    0.000000] pcpu-alloc: [1] 001 003 005 007 009 011 013 015 
[    0.000000] pcpu-alloc: [1] 017 019 021 023 025 027 029 031 
[    0.000000] pcpu-alloc: [1] 033 035 037 039 041 043 045 047 
[    0.000000] pcpu-alloc: [1] 049 051 053 055 057 059 061 063 
[    0.000000] pcpu-alloc: [1] 065 067 069 071 073 075 077 079 
[    0.000000] pcpu-alloc: [1] 081 083 085 087 089 091 093 095 
[    0.000000] pcpu-alloc: [1] 097 099 101 103 105 107 109 111 
[    0.000000] pcpu-alloc: [1] 113 115 117 119 121 123 125 127 
[    0.000000] pcpu-alloc: [1] 129 131 133 135 137 139 141 143 
[    0.000000] pcpu-alloc: [1] 145 147 149 151 153 155 157 159 
[    0.000000] pcpu-alloc: [1] 161 163 165 167 169 171 173 175 
[    0.000000] pcpu-alloc: [1] 177 179 181 183 185 187 189 191 
[    0.000000] Built 2 zonelists in Zone order, mobility grouping on.  Total pages: 8233933
[    0.000000] Policy zone: Normal
[    0.000000] Kernel command line: BOOT_IMAGE=/vmlinuz-3.10.0-693.el7.x86_64 root=/dev/mapper/vg00-rootlv ro net.ifnames=0
[    0.000000] PID hash table entries: 4096 (order: 3, 32768 bytes)
[    0.000000] x86/fpu: xstate_offset[2]: 0240, xstate_sizes[2]: 0100
[    0.000000] xsave: enabled xstate_bv 0x7, cntxt size 0x340 using standard form
[    0.000000] Memory: 6088484k/35651584k available (6886k kernel code, 2192968k absent, 657964k reserved, 4545k data, 1764k init)
[    0.000000] SLUB: HWalign=64, Order=0-3, MinObjects=0, CPUs=192, Nodes=2
[    0.000000] Hierarchical RCU implementation.
[    0.000000] 	RCU restricting CPUs from NR_CPUS=5120 to nr_cpu_ids=192.
[    0.000000] NR_IRQS:327936 nr_irqs:2776 0
[    0.000000] Console: colour VGA+ 80x25
[    0.000000] console [tty0] enabled
[    0.000000] allocated 134217728 bytes of page_cgroup
[    0.000000] please try 'cgroup_disable=memory' option if you don't want memory cgroups
[    0.000000] Enabling automatic NUMA balancing. Configure with numa_balancing= or the kernel.numa_balancing sysctl
[    0.000000] hpet clockevent registered
[    0.000000] tsc: Fast TSC calibration using PIT
[    0.000000] tsc: Detected 1600.024 MHz processor
[    0.000108] Calibrating delay loop (skipped), value calculated using timer frequency.. 3200.04 BogoMIPS (lpj=1600024)
[    0.000739] pid_max: default: 196608 minimum: 1536
[    0.001722] Security Framework initialized
[    0.002031] SELinux:  Initializing.
[    0.002503] SELinux:  Starting in permissive mode
[    0.002504] Yama: becoming mindful.
[    0.006255] Dentry cache hash table entries: 4194304 (order: 13, 33554432 bytes)
[    0.018341] Inode-cache hash table entries: 2097152 (order: 12, 16777216 bytes)
[    0.023719] Mount-cache hash table entries: 65536 (order: 7, 524288 bytes)
[    0.024092] Mountpoint-cache hash table entries: 65536 (order: 7, 524288 bytes)
[    0.026658] Initializing cgroup subsys memory
[    0.027024] Initializing cgroup subsys devices
[    0.027334] Initializing cgroup subsys freezer
[    0.027643] Initializing cgroup subsys net_cls
[    0.027961] Initializing cgroup subsys blkio
[    0.028271] Initializing cgroup subsys perf_event
[    0.028613] Initializing cgroup subsys hugetlb
[    0.028930] Initializing cgroup subsys pids
[    0.029238] Initializing cgroup subsys net_prio
[    0.035145] CPU: Physical Processor ID: 0
[    0.035450] CPU: Processor Core ID: 0
[    0.035769] ENERGY_PERF_BIAS: Set to 'normal', was 'performance'
[    0.036079] ENERGY_PERF_BIAS: View and update with x86_energy_perf_policy(8)
[    0.037561] mce: CPU supports 22 MCE banks
[    0.037897] CPU0: Thermal monitoring enabled (TM1)
[    0.038274] Last level iTLB entries: 4KB 0, 2MB 0, 4MB 0
[    0.038582] Last level dTLB entries: 4KB 64, 2MB 0, 4MB 0
[    0.038900] tlb_flushall_shift: 6
[    0.039377] Freeing SMP alternatives: 24k freed
[    0.042045] ACPI: Core revision 20130517
[    0.173937] ACPI: All ACPI Tables successfully acquired
[    0.175799] ftrace: allocating 26584 entries in 104 pages
[    0.192307] smpboot: Max logical packages: 32
[    0.193110] DMAR: Host address width 46
[    0.193419] DMAR: DRHD base: 0x000000fbffc000 flags: 0x0
[    0.193745] DMAR: dmar0: reg_base_addr fbffc000 ver 1:0 cap d2078c106f0466 ecap f020df
[    0.194286] DMAR: DRHD base: 0x000000c7ffc000 flags: 0x1
[    0.194600] DMAR: dmar1: reg_base_addr c7ffc000 ver 1:0 cap d2078c106f0466 ecap f020df
[    0.195146] DMAR: RMRR base: 0x0000007ae07000 end: 0x0000007af06fff
[    0.195460] DMAR: ATSR flags: 0x0
[    0.195773] DMAR: ATSR flags: 0x0
[    0.196083] DMAR-IR: IOAPIC id 10 under DRHD base  0xfbffc000 IOMMU 0
[    0.196395] DMAR-IR: IOAPIC id 8 under DRHD base  0xc7ffc000 IOMMU 1
[    0.196715] DMAR-IR: IOAPIC id 9 under DRHD base  0xc7ffc000 IOMMU 1
[    0.197026] DMAR-IR: HPET id 0 under DRHD base 0xc7ffc000
[    0.197338] DMAR-IR: x2apic is disabled because BIOS sets x2apic opt out bit.
[    0.197430] DMAR-IR: Use 'intremap=no_x2apic_optout' to override the BIOS setting.
[    0.199014] DMAR-IR: Enabled IRQ remapping in xapic mode
[    0.199323] IRQ remapping doesn't support X2APIC mode, disable x2apic.
[    0.199638] Switched APIC routing to physical flat.
[    0.200770] ..TIMER: vector=0x30 apic1=0 pin1=2 apic2=-1 pin2=-1
[    0.211082] smpboot: CPU0: Intel(R) Xeon(R) CPU E5-2603 v3 @ 1.60GHz (fam: 06, model: 3f, stepping: 02)
[    0.211853] TSC deadline timer enabled
[    0.211891] Performance Events: PEBS fmt2+, 16-deep LBR, Haswell events, full-width counters, Intel PMU driver.
[    0.212830] ... version:                3
[    0.213137] ... bit width:              48
[    0.213446] ... generic registers:      8
[    0.213751] ... value mask:             0000ffffffffffff
[    0.214061] ... max period:             00007fffffffffff
[    0.214373] ... fixed-purpose events:   3
[    0.214680] ... event mask:             00000007000000ff
[    0.312226] NMI watchdog: enabled on all CPUs, permanently consumes one hw-PMU counter.
[    0.220694] smpboot: Booting Node   1, Processors  #1 OK
[    0.313325] smpboot: Booting Node   0, Processors  #2 OK
[    0.321261] smpboot: Booting Node   1, Processors  #3 OK
[    0.329026] smpboot: Booting Node   0, Processors  #4 OK
[    0.336737] smpboot: Booting Node   1, Processors  #5 OK
[    0.344497] smpboot: Booting Node   0, Processors  #6 OK
[    0.352110] smpboot: Booting Node   1, Processors  #7 OK
[    0.359872] smpboot: Booting Node   0, Processors  #8 OK
[    0.367474] smpboot: Booting Node   1, Processors  #9 OK
[    0.375343] smpboot: Booting Node   0, Processors  #10 OK
[    0.383043] smpboot: Booting Node   1, Processors  #11
[    0.390368] Brought up 12 CPUs
[    0.390973] smpboot: Total of 12 processors activated (38426.22 BogoMIPS)
[    0.507525] node 0 initialised, 3076907 pages in 88ms
[    0.522566] node 1 initialised, 3601133 pages in 103ms
[    0.523845] devtmpfs: initialized
[    0.529592] EVM: security.selinux
[    0.529893] EVM: security.ima
[    0.530198] EVM: security.capability
[    0.530680] PM: Registering ACPI NVS region [mem 0x7af0b000-0x7b93afff] (10682368 bytes)
[    0.532995] atomic64 test passed for x86-64 platform with CX8 and with SSE
[    0.533314] pinctrl core: initialized pinctrl subsystem
[    0.533835] RTC time:  9:55:25, date: 05/04/18
[    0.534561] NET: Registered protocol family 16
[    0.535137] ACPI FADT declares the system doesn't support PCIe ASPM, so disable it
[    0.535695] ACPI: bus type PCI registered
[    0.536001] acpiphp: ACPI Hot Plug PCI Controller Driver version: 0.5
[    0.536802] PCI: MMCONFIG for domain 0000 [bus 00-ff] at [mem 0x80000000-0x8fffffff] (base 0x80000000)
[    0.537344] PCI: MMCONFIG at [mem 0x80000000-0x8fffffff] reserved in E820
[    0.537671] PCI: Using configuration type 1 for base access
[    0.537999] PCI: Dell System detected, enabling pci=bfsort.
[    0.541992] core: PMU erratum BJ122, BV98, HSD29 workaround disabled, HT off
[    0.543462] NMI watchdog: enabled on all CPUs, permanently consumes one hw-PMU counter.
[    0.552966] ACPI: Added _OSI(Module Device)
[    0.553289] ACPI: Added _OSI(Processor Device)
[    0.553605] ACPI: Added _OSI(3.0 _SCP Extensions)
[    0.553920] ACPI: Added _OSI(Processor Aggregator Device)
[    0.566172] ACPI: EC: Look up EC in DSDT
[    0.773209] [Firmware Bug]: ACPI: BIOS _OSI(Linux) query ignored
[    0.777212] ACPI: Interpreter enabled
[    0.777539] ACPI: (supports S0 S5)
[    0.777852] ACPI: Using IOAPIC for interrupt routing
[    0.778247] HEST: Table parsing has been initialized.
[    0.778566] PCI: Using host bridge windows from ACPI; if necessary, use "pci=nocrs" and report a bug
[    0.805472] ACPI: PCI Root Bridge [UNC1] (domain 0000 [bus ff])
[    0.805799] acpi PNP0A03:02: _OSC: OS supports [ExtendedConfig ASPM ClockPM Segments MSI]
[    0.806465] acpi PNP0A03:02: PCIe AER handled by firmware
[    0.806975] acpi PNP0A03:02: _OSC: OS now controls [PCIeHotplug PME PCIeCapability]
[    0.807526] acpi PNP0A03:02: FADT indicates ASPM is unsupported, using BIOS configuration
[    0.808119] PCI host bridge to bus 0000:ff
[    0.808437] pci_bus 0000:ff: root bus resource [bus ff]
[    0.808770] pci 0000:ff:08.0: [8086:2f80] type 00 class 0x088000
[    0.808843] pci 0000:ff:08.2: [8086:2f32] type 00 class 0x110100
[    0.808900] pci 0000:ff:08.3: [8086:2f83] type 00 class 0x088000
[    0.808961] pci 0000:ff:09.0: [8086:2f90] type 00 class 0x088000
[    0.809015] pci 0000:ff:09.2: [8086:2f33] type 00 class 0x110100
[    0.809065] pci 0000:ff:09.3: [8086:2f93] type 00 class 0x088000
[    0.809128] pci 0000:ff:0b.0: [8086:2f81] type 00 class 0x088000
[    0.809177] pci 0000:ff:0b.1: [8086:2f36] type 00 class 0x110100
[    0.809227] pci 0000:ff:0b.2: [8086:2f37] type 00 class 0x110100
[    0.809279] pci 0000:ff:0c.0: [8086:2fe0] type 00 class 0x088000
[    0.809326] pci 0000:ff:0c.1: [8086:2fe1] type 00 class 0x088000
[    0.809374] pci 0000:ff:0c.2: [8086:2fe2] type 00 class 0x088000
[    0.809422] pci 0000:ff:0c.3: [8086:2fe3] type 00 class 0x088000
[    0.809472] pci 0000:ff:0c.4: [8086:2fe4] type 00 class 0x088000
[    0.809530] pci 0000:ff:0c.5: [8086:2fe5] type 00 class 0x088000
[    0.809582] pci 0000:ff:0f.0: [8086:2ff8] type 00 class 0x088000
[    0.809633] pci 0000:ff:0f.1: [8086:2ff9] type 00 class 0x088000
[    0.809683] pci 0000:ff:0f.4: [8086:2ffc] type 00 class 0x088000
[    0.809730] pci 0000:ff:0f.5: [8086:2ffd] type 00 class 0x088000
[    0.809782] pci 0000:ff:0f.6: [8086:2ffe] type 00 class 0x088000
[    0.809838] pci 0000:ff:10.0: [8086:2f1d] type 00 class 0x088000
[    0.809888] pci 0000:ff:10.1: [8086:2f34] type 00 class 0x110100
[    0.809940] pci 0000:ff:10.5: [8086:2f1e] type 00 class 0x088000
[    0.809986] pci 0000:ff:10.6: [8086:2f7d] type 00 class 0x110100
[    0.810037] pci 0000:ff:10.7: [8086:2f1f] type 00 class 0x088000
[    0.810085] pci 0000:ff:12.0: [8086:2fa0] type 00 class 0x088000
[    0.810136] pci 0000:ff:12.1: [8086:2f30] type 00 class 0x110100
[    0.810189] pci 0000:ff:12.2: [8086:2f70] type 00 class 0x088000
[    0.810245] pci 0000:ff:13.0: [8086:2fa8] type 00 class 0x088000
[    0.810301] pci 0000:ff:13.1: [8086:2f71] type 00 class 0x088000
[    0.810357] pci 0000:ff:13.2: [8086:2faa] type 00 class 0x088000
[    0.810412] pci 0000:ff:13.3: [8086:2fab] type 00 class 0x088000
[    0.810469] pci 0000:ff:13.4: [8086:2fac] type 00 class 0x088000
[    0.810525] pci 0000:ff:13.5: [8086:2fad] type 00 class 0x088000
[    0.810581] pci 0000:ff:13.6: [8086:2fae] type 00 class 0x088000
[    0.810634] pci 0000:ff:13.7: [8086:2faf] type 00 class 0x088000
[    0.810687] pci 0000:ff:14.0: [8086:2fb0] type 00 class 0x088000
[    0.810743] pci 0000:ff:14.1: [8086:2fb1] type 00 class 0x088000
[    0.810802] pci 0000:ff:14.2: [8086:2fb2] type 00 class 0x088000
[    0.810860] pci 0000:ff:14.3: [8086:2fb3] type 00 class 0x088000
[    0.810918] pci 0000:ff:14.4: [8086:2fbc] type 00 class 0x088000
[    0.810972] pci 0000:ff:14.5: [8086:2fbd] type 00 class 0x088000
[    0.811028] pci 0000:ff:14.6: [8086:2fbe] type 00 class 0x088000
[    0.811082] pci 0000:ff:14.7: [8086:2fbf] type 00 class 0x088000
[    0.811135] pci 0000:ff:15.0: [8086:2fb4] type 00 class 0x088000
[    0.811192] pci 0000:ff:15.1: [8086:2fb5] type 00 class 0x088000
[    0.811249] pci 0000:ff:15.2: [8086:2fb6] type 00 class 0x088000
[    0.811307] pci 0000:ff:15.3: [8086:2fb7] type 00 class 0x088000
[    0.811370] pci 0000:ff:16.0: [8086:2f68] type 00 class 0x088000
[    0.811430] pci 0000:ff:16.6: [8086:2f6e] type 00 class 0x088000
[    0.811483] pci 0000:ff:16.7: [8086:2f6f] type 00 class 0x088000
[    0.811537] pci 0000:ff:17.0: [8086:2fd0] type 00 class 0x088000
[    0.811598] pci 0000:ff:17.4: [8086:2fb8] type 00 class 0x088000
[    0.811652] pci 0000:ff:17.5: [8086:2fb9] type 00 class 0x088000
[    0.811706] pci 0000:ff:17.6: [8086:2fba] type 00 class 0x088000
[    0.811763] pci 0000:ff:17.7: [8086:2fbb] type 00 class 0x088000
[    0.811840] pci 0000:ff:1e.0: [8086:2f98] type 00 class 0x088000
[    0.811893] pci 0000:ff:1e.1: [8086:2f99] type 00 class 0x088000
[    0.811946] pci 0000:ff:1e.2: [8086:2f9a] type 00 class 0x088000
[    0.811994] pci 0000:ff:1e.3: [8086:2fc0] type 00 class 0x088000
[    0.812031] pci 0000:ff:1e.4: [8086:2f9c] type 00 class 0x088000
[    0.812089] pci 0000:ff:1f.0: [8086:2f88] type 00 class 0x088000
[    0.812143] pci 0000:ff:1f.2: [8086:2f8a] type 00 class 0x088000
[    0.812258] ACPI: PCI Root Bridge [UNC0] (domain 0000 [bus 7f])
[    0.812580] acpi PNP0A03:03: _OSC: OS supports [ExtendedConfig ASPM ClockPM Segments MSI]
[    0.813246] acpi PNP0A03:03: PCIe AER handled by firmware
[    0.813758] acpi PNP0A03:03: _OSC: OS now controls [PCIeHotplug PME PCIeCapability]
[    0.814298] acpi PNP0A03:03: FADT indicates ASPM is unsupported, using BIOS configuration
[    0.814886] PCI host bridge to bus 0000:7f
[    0.815199] pci_bus 0000:7f: root bus resource [bus 7f]
[    0.815526] pci 0000:7f:08.0: [8086:2f80] type 00 class 0x088000
[    0.815592] pci 0000:7f:08.2: [8086:2f32] type 00 class 0x110100
[    0.815652] pci 0000:7f:08.3: [8086:2f83] type 00 class 0x088000
[    0.815717] pci 0000:7f:09.0: [8086:2f90] type 00 class 0x088000
[    0.815776] pci 0000:7f:09.2: [8086:2f33] type 00 class 0x110100
[    0.815835] pci 0000:7f:09.3: [8086:2f93] type 00 class 0x088000
[    0.815906] pci 0000:7f:0b.0: [8086:2f81] type 00 class 0x088000
[    0.815962] pci 0000:7f:0b.1: [8086:2f36] type 00 class 0x110100
[    0.816015] pci 0000:7f:0b.2: [8086:2f37] type 00 class 0x110100
[    0.816074] pci 0000:7f:0c.0: [8086:2fe0] type 00 class 0x088000
[    0.816127] pci 0000:7f:0c.1: [8086:2fe1] type 00 class 0x088000
[    0.816179] pci 0000:7f:0c.2: [8086:2fe2] type 00 class 0x088000
[    0.816230] pci 0000:7f:0c.3: [8086:2fe3] type 00 class 0x088000
[    0.816283] pci 0000:7f:0c.4: [8086:2fe4] type 00 class 0x088000
[    0.816335] pci 0000:7f:0c.5: [8086:2fe5] type 00 class 0x088000
[    0.816391] pci 0000:7f:0f.0: [8086:2ff8] type 00 class 0x088000
[    0.816443] pci 0000:7f:0f.1: [8086:2ff9] type 00 class 0x088000
[    0.816500] pci 0000:7f:0f.4: [8086:2ffc] type 00 class 0x088000
[    0.816557] pci 0000:7f:0f.5: [8086:2ffd] type 00 class 0x088000
[    0.816612] pci 0000:7f:0f.6: [8086:2ffe] type 00 class 0x088000
[    0.816668] pci 0000:7f:10.0: [8086:2f1d] type 00 class 0x088000
[    0.816721] pci 0000:7f:10.1: [8086:2f34] type 00 class 0x110100
[    0.816778] pci 0000:7f:10.5: [8086:2f1e] type 00 class 0x088000
[    0.816830] pci 0000:7f:10.6: [8086:2f7d] type 00 class 0x110100
[    0.816882] pci 0000:7f:10.7: [8086:2f1f] type 00 class 0x088000
[    0.816944] pci 0000:7f:12.0: [8086:2fa0] type 00 class 0x088000
[    0.817003] pci 0000:7f:12.1: [8086:2f30] type 00 class 0x110100
[    0.817061] pci 0000:7f:12.2: [8086:2f70] type 00 class 0x088000
[    0.817123] pci 0000:7f:13.0: [8086:2fa8] type 00 class 0x088000
[    0.817187] pci 0000:7f:13.1: [8086:2f71] type 00 class 0x088000
[    0.817248] pci 0000:7f:13.2: [8086:2faa] type 00 class 0x088000
[    0.817307] pci 0000:7f:13.3: [8086:2fab] type 00 class 0x088000
[    0.817370] pci 0000:7f:13.4: [8086:2fac] type 00 class 0x088000
[    0.817444] pci 0000:7f:13.5: [8086:2fad] type 00 class 0x088000
[    0.817507] pci 0000:7f:13.6: [8086:2fae] type 00 class 0x088000
[    0.817571] pci 0000:7f:13.7: [8086:2faf] type 00 class 0x088000
[    0.817630] pci 0000:7f:14.0: [8086:2fb0] type 00 class 0x088000
[    0.817694] pci 0000:7f:14.1: [8086:2fb1] type 00 class 0x088000
[    0.817757] pci 0000:7f:14.2: [8086:2fb2] type 00 class 0x088000
[    0.817821] pci 0000:7f:14.3: [8086:2fb3] type 00 class 0x088000
[    0.817888] pci 0000:7f:14.4: [8086:2fbc] type 00 class 0x088000
[    0.817949] pci 0000:7f:14.5: [8086:2fbd] type 00 class 0x088000
[    0.818012] pci 0000:7f:14.6: [8086:2fbe] type 00 class 0x088000
[    0.818071] pci 0000:7f:14.7: [8086:2fbf] type 00 class 0x088000
[    0.818131] pci 0000:7f:15.0: [8086:2fb4] type 00 class 0x088000
[    0.818194] pci 0000:7f:15.1: [8086:2fb5] type 00 class 0x088000
[    0.818258] pci 0000:7f:15.2: [8086:2fb6] type 00 class 0x088000
[    0.818322] pci 0000:7f:15.3: [8086:2fb7] type 00 class 0x088000
[    0.818391] pci 0000:7f:16.0: [8086:2f68] type 00 class 0x088000
[    0.818456] pci 0000:7f:16.6: [8086:2f6e] type 00 class 0x088000
[    0.818515] pci 0000:7f:16.7: [8086:2f6f] type 00 class 0x088000
[    0.818578] pci 0000:7f:17.0: [8086:2fd0] type 00 class 0x088000
[    0.818642] pci 0000:7f:17.4: [8086:2fb8] type 00 class 0x088000
[    0.818701] pci 0000:7f:17.5: [8086:2fb9] type 00 class 0x088000
[    0.818761] pci 0000:7f:17.6: [8086:2fba] type 00 class 0x088000
[    0.818821] pci 0000:7f:17.7: [8086:2fbb] type 00 class 0x088000
[    0.818888] pci 0000:7f:1e.0: [8086:2f98] type 00 class 0x088000
[    0.818948] pci 0000:7f:1e.1: [8086:2f99] type 00 class 0x088000
[    0.819006] pci 0000:7f:1e.2: [8086:2f9a] type 00 class 0x088000
[    0.819064] pci 0000:7f:1e.3: [8086:2fc0] type 00 class 0x088000
[    0.819104] pci 0000:7f:1e.4: [8086:2f9c] type 00 class 0x088000
[    0.819166] pci 0000:7f:1f.0: [8086:2f88] type 00 class 0x088000
[    0.819225] pci 0000:7f:1f.2: [8086:2f8a] type 00 class 0x088000
[    0.820747] ACPI: PCI Root Bridge [PCI0] (domain 0000 [bus 00-7e])
[    0.821070] acpi PNP0A08:00: _OSC: OS supports [ExtendedConfig ASPM ClockPM Segments MSI]
[    0.821727] acpi PNP0A08:00: PCIe AER handled by firmware
[    0.822243] acpi PNP0A08:00: _OSC: OS now controls [PCIeHotplug PME PCIeCapability]
[    0.822795] acpi PNP0A08:00: FADT indicates ASPM is unsupported, using BIOS configuration
[    0.823561] PCI host bridge to bus 0000:00
[    0.823879] pci_bus 0000:00: root bus resource [bus 00-7e]
[    0.824197] pci_bus 0000:00: root bus resource [io  0x0000-0x03bb window]
[    0.824517] pci_bus 0000:00: root bus resource [io  0x03bc-0x03df window]
[    0.824834] pci_bus 0000:00: root bus resource [io  0x03e0-0x0cf7 window]
[    0.825156] pci_bus 0000:00: root bus resource [io  0x1000-0x7fff window]
[    0.825476] pci_bus 0000:00: root bus resource [mem 0x000a0000-0x000bffff window]
[    0.826021] pci_bus 0000:00: root bus resource [mem 0x90000000-0xc7ffbfff window]
[    0.826567] pci_bus 0000:00: root bus resource [mem 0x30000000000-0x33fffffffff window]
[    0.827125] pci 0000:00:00.0: [8086:2f00] type 00 class 0x060000
[    0.827303] pci 0000:00:01.0: [8086:2f02] type 01 class 0x060400
[    0.827408] pci 0000:00:01.0: PME# supported from D0 D3hot D3cold
[    0.831626] pci 0000:00:01.0: System wakeup disabled by ACPI
[    0.832001] pci 0000:00:02.0: [8086:2f04] type 01 class 0x060400
[    0.832108] pci 0000:00:02.0: PME# supported from D0 D3hot D3cold
[    0.832193] pci 0000:00:02.0: System wakeup disabled by ACPI
[    0.832544] pci 0000:00:03.0: [8086:2f08] type 01 class 0x060400
[    0.832650] pci 0000:00:03.0: PME# supported from D0 D3hot D3cold
[    0.832722] pci 0000:00:03.0: System wakeup disabled by ACPI
[    0.833081] pci 0000:00:03.2: [8086:2f0a] type 01 class 0x060400
[    0.833189] pci 0000:00:03.2: PME# supported from D0 D3hot D3cold
[    0.833270] pci 0000:00:03.2: System wakeup disabled by ACPI
[    0.833634] pci 0000:00:05.0: [8086:2f28] type 00 class 0x088000
[    0.833785] pci 0000:00:05.1: [8086:2f29] type 00 class 0x088000
[    0.833940] pci 0000:00:05.2: [8086:2f2a] type 00 class 0x088000
[    0.834077] pci 0000:00:05.4: [8086:2f2c] type 00 class 0x080020
[    0.834088] pci 0000:00:05.4: reg 0x10: [mem 0x96104000-0x96104fff]
[    0.834246] pci 0000:00:11.0: [8086:8d7c] type 00 class 0xff0000
[    0.834316] pci 0000:00:11.0: reg 0x30: [mem 0xffff0000-0xffffffff pref]
[    0.834465] pci 0000:00:11.4: [8086:8d62] type 00 class 0x010601
[    0.834484] pci 0000:00:11.4: reg 0x10: [io  0x2078-0x207f]
[    0.834494] pci 0000:00:11.4: reg 0x14: [io  0x208c-0x208f]
[    0.834504] pci 0000:00:11.4: reg 0x18: [io  0x2070-0x2077]
[    0.834514] pci 0000:00:11.4: reg 0x1c: [io  0x2088-0x208b]
[    0.834524] pci 0000:00:11.4: reg 0x20: [io  0x2040-0x205f]
[    0.834534] pci 0000:00:11.4: reg 0x24: [mem 0x96101000-0x961017ff]
[    0.834621] pci 0000:00:11.4: PME# supported from D3hot
[    0.834698] pci 0000:00:16.0: [8086:8d3a] type 00 class 0x078000
[    0.834720] pci 0000:00:16.0: reg 0x10: [mem 0x33ffff03000-0x33ffff0300f 64bit]
[    0.834826] pci 0000:00:16.0: PME# supported from D0 D3hot D3cold
[    0.834900] pci 0000:00:16.1: [8086:8d3b] type 00 class 0x078000
[    0.834921] pci 0000:00:16.1: reg 0x10: [mem 0x33ffff02000-0x33ffff0200f 64bit]
[    0.835027] pci 0000:00:16.1: PME# supported from D0 D3hot D3cold
[    0.835112] pci 0000:00:1a.0: [8086:8d2d] type 00 class 0x0c0320
[    0.835131] pci 0000:00:1a.0: reg 0x10: [mem 0x96103000-0x961033ff]
[    0.835260] pci 0000:00:1a.0: PME# supported from D0 D3hot D3cold
[    0.835335] pci 0000:00:1c.0: [8086:8d10] type 01 class 0x060400
[    0.835454] pci 0000:00:1c.0: PME# supported from D0 D3hot D3cold
[    0.835533] pci 0000:00:1c.7: [8086:8d1e] type 01 class 0x060400
[    0.835661] pci 0000:00:1c.7: PME# supported from D0 D3hot D3cold
[    0.835709] pci 0000:00:1c.7: System wakeup disabled by ACPI
[    0.836069] pci 0000:00:1d.0: [8086:8d26] type 00 class 0x0c0320
[    0.836089] pci 0000:00:1d.0: reg 0x10: [mem 0x96102000-0x961023ff]
[    0.836219] pci 0000:00:1d.0: PME# supported from D0 D3hot D3cold
[    0.836295] pci 0000:00:1f.0: [8086:8d44] type 00 class 0x060100
[    0.836514] pci 0000:00:1f.2: [8086:8d02] type 00 class 0x010601
[    0.836530] pci 0000:00:1f.2: reg 0x10: [io  0x2068-0x206f]
[    0.836539] pci 0000:00:1f.2: reg 0x14: [io  0x2084-0x2087]
[    0.836548] pci 0000:00:1f.2: reg 0x18: [io  0x2060-0x2067]
[    0.836556] pci 0000:00:1f.2: reg 0x1c: [io  0x2080-0x2083]
[    0.836565] pci 0000:00:1f.2: reg 0x20: [io  0x2020-0x203f]
[    0.836574] pci 0000:00:1f.2: reg 0x24: [mem 0x96100000-0x961007ff]
[    0.836653] pci 0000:00:1f.2: PME# supported from D3hot
[    0.836766] pci 0000:00:01.0: PCI bridge to [bus 02]
[    0.837147] pci 0000:00:02.0: PCI bridge to [bus 03]
[    0.837621] pci 0000:01:00.0: [14e4:168a] type 00 class 0x020000
[    0.837639] pci 0000:01:00.0: reg 0x10: [mem 0x95000000-0x957fffff 64bit pref]
[    0.837651] pci 0000:01:00.0: reg 0x18: [mem 0x95800000-0x95ffffff 64bit pref]
[    0.837664] pci 0000:01:00.0: reg 0x20: [mem 0x96030000-0x9603ffff 64bit pref]
[    0.837672] pci 0000:01:00.0: reg 0x30: [mem 0xfff80000-0xffffffff pref]
[    0.837783] pci 0000:01:00.0: PME# supported from D0 D3hot D3cold
[    0.837916] pci 0000:01:00.1: [14e4:168a] type 00 class 0x020000
[    0.837933] pci 0000:01:00.1: reg 0x10: [mem 0x94000000-0x947fffff 64bit pref]
[    0.837945] pci 0000:01:00.1: reg 0x18: [mem 0x94800000-0x94ffffff 64bit pref]
[    0.837958] pci 0000:01:00.1: reg 0x20: [mem 0x96020000-0x9602ffff 64bit pref]
[    0.837966] pci 0000:01:00.1: reg 0x30: [mem 0xfff80000-0xffffffff pref]
[    0.838072] pci 0000:01:00.1: PME# supported from D0 D3hot D3cold
[    0.838190] pci 0000:01:00.2: [14e4:168a] type 00 class 0x020000
[    0.838207] pci 0000:01:00.2: reg 0x10: [mem 0x93000000-0x937fffff 64bit pref]
[    0.838219] pci 0000:01:00.2: reg 0x18: [mem 0x93800000-0x93ffffff 64bit pref]
[    0.838232] pci 0000:01:00.2: reg 0x20: [mem 0x96010000-0x9601ffff 64bit pref]
[    0.838240] pci 0000:01:00.2: reg 0x30: [mem 0xfff80000-0xffffffff pref]
[    0.838345] pci 0000:01:00.2: PME# supported from D0 D3hot D3cold
[    0.838462] pci 0000:01:00.3: [14e4:168a] type 00 class 0x020000
[    0.838479] pci 0000:01:00.3: reg 0x10: [mem 0x92000000-0x927fffff 64bit pref]
[    0.838492] pci 0000:01:00.3: reg 0x18: [mem 0x92800000-0x92ffffff 64bit pref]
[    0.838504] pci 0000:01:00.3: reg 0x20: [mem 0x96000000-0x9600ffff 64bit pref]
[    0.838512] pci 0000:01:00.3: reg 0x30: [mem 0xfff80000-0xffffffff pref]
[    0.838619] pci 0000:01:00.3: PME# supported from D0 D3hot D3cold
[    0.840626] pci 0000:00:03.0: PCI bridge to [bus 01]
[    0.840950] pci 0000:00:03.0:   bridge window [mem 0x92000000-0x960fffff 64bit pref]
[    0.840988] pci 0000:00:03.2: PCI bridge to [bus 04]
[    0.841358] pci 0000:00:1c.0: PCI bridge to [bus 05]
[    0.842048] pci 0000:06:00.0: [1912:001d] type 01 class 0x060400
[    0.845380] pci 0000:06:00.0: PME# supported from D0 D3hot D3cold
[    0.847865] pci 0000:00:1c.7: PCI bridge to [bus 06-0a]
[    0.848197] pci 0000:00:1c.7:   bridge window [mem 0x91000000-0x919fffff]
[    0.848203] pci 0000:00:1c.7:   bridge window [mem 0x90000000-0x90ffffff 64bit pref]
[    0.849422] pci 0000:07:00.0: [1912:001d] type 01 class 0x060400
[    0.853284] pci 0000:07:00.0: PME# supported from D0 D3hot D3cold
[    0.855798] pci 0000:06:00.0: PCI bridge to [bus 07-0a]
[    0.856314] pci 0000:06:00.0:   bridge window [mem 0x91000000-0x919fffff]
[    0.856446] pci 0000:06:00.0:   bridge window [mem 0x90000000-0x90ffffff 64bit pref]
[    0.857762] pci 0000:08:00.0: [1912:001a] type 01 class 0x060400
[    0.862787] pci 0000:07:00.0: PCI bridge to [bus 08-09]
[    0.863336] pci 0000:07:00.0:   bridge window [mem 0x91000000-0x918fffff]
[    0.863492] pci 0000:07:00.0:   bridge window [mem 0x90000000-0x90ffffff 64bit pref]
[    0.864656] pci 0000:09:00.0: [102b:0534] type 00 class 0x030000
[    0.865137] pci 0000:09:00.0: reg 0x10: [mem 0x90000000-0x90ffffff pref]
[    0.865418] pci 0000:09:00.0: reg 0x14: [mem 0x91800000-0x91803fff]
[    0.865699] pci 0000:09:00.0: reg 0x18: [mem 0x91000000-0x917fffff]
[    0.870169] pci 0000:08:00.0: PCI bridge to [bus 09]
[    0.870721] pci 0000:08:00.0:   bridge window [mem 0x91000000-0x918fffff]
[    0.870877] pci 0000:08:00.0:   bridge window [mem 0x90000000-0x90ffffff 64bit pref]
[    0.871728] pci_bus 0000:00: on NUMA node 0
[    0.871932] ACPI: PCI Interrupt Link [LNKA] (IRQs 3 4 5 6 7 9 10 11 12 14 *15)
[    0.873533] ACPI: PCI Interrupt Link [LNKB] (IRQs 3 4 5 6 7 9 10 11 12 *14 15)
[    0.875128] ACPI: PCI Interrupt Link [LNKC] (IRQs 3 4 5 6 7 9 10 *11 12 14 15)
[    0.876724] ACPI: PCI Interrupt Link [LNKD] (IRQs 3 4 5 *6 7 9 10 11 12 14 15)
[    0.878316] ACPI: PCI Interrupt Link [LNKE] (IRQs 3 4 5 6 7 9 10 11 12 14 15) *0, disabled.
[    0.880061] ACPI: PCI Interrupt Link [LNKF] (IRQs 3 4 5 6 7 9 10 11 12 14 15) *0, disabled.
[    0.881803] ACPI: PCI Interrupt Link [LNKG] (IRQs 3 4 5 6 7 9 10 11 12 14 15) *0, disabled.
[    0.883552] ACPI: PCI Interrupt Link [LNKH] (IRQs 3 4 5 6 7 9 10 11 12 14 15) *0, disabled.
[    0.885670] ACPI: PCI Root Bridge [PCI1] (domain 0000 [bus 80-fe])
[    0.885987] acpi PNP0A08:01: _OSC: OS supports [ExtendedConfig ASPM ClockPM Segments MSI]
[    0.886646] acpi PNP0A08:01: PCIe AER handled by firmware
[    0.887157] acpi PNP0A08:01: _OSC: OS now controls [PCIeHotplug PME PCIeCapability]
[    0.887708] acpi PNP0A08:01: FADT indicates ASPM is unsupported, using BIOS configuration
[    0.888421] PCI host bridge to bus 0000:80
[    0.888737] pci_bus 0000:80: root bus resource [bus 80-fe]
[    0.889057] pci_bus 0000:80: root bus resource [io  0x8000-0xffff window]
[    0.889378] pci_bus 0000:80: root bus resource [mem 0xc8000000-0xfbffbfff window]
[    0.889928] pci_bus 0000:80: root bus resource [mem 0x34000000000-0x37fffffffff window]
[    0.896045] pci 0000:80:00.0: [8086:2f01] type 01 class 0x060400
[    0.896144] pci 0000:80:00.0: PME# supported from D0 D3hot D3cold
[    0.896229] pci 0000:80:01.0: [8086:2f02] type 01 class 0x060400
[    0.896336] pci 0000:80:01.0: PME# supported from D0 D3hot D3cold
[    0.896408] pci 0000:80:01.0: System wakeup disabled by ACPI
[    0.896761] pci 0000:80:02.0: [8086:2f04] type 01 class 0x060400
[    0.896857] pci 0000:80:02.0: PME# supported from D0 D3hot D3cold
[    0.896924] pci 0000:80:02.0: System wakeup disabled by ACPI
[    0.897280] pci 0000:80:03.0: [8086:2f08] type 01 class 0x060400
[    0.897377] pci 0000:80:03.0: PME# supported from D0 D3hot D3cold
[    0.897447] pci 0000:80:03.0: System wakeup disabled by ACPI
[    0.897801] pci 0000:80:03.2: [8086:2f0a] type 01 class 0x060400
[    0.897896] pci 0000:80:03.2: PME# supported from D0 D3hot D3cold
[    0.897960] pci 0000:80:03.2: System wakeup disabled by ACPI
[    0.898320] pci 0000:80:05.0: [8086:2f28] type 00 class 0x088000
[    0.898444] pci 0000:80:05.1: [8086:2f29] type 00 class 0x088000
[    0.898582] pci 0000:80:05.2: [8086:2f2a] type 00 class 0x088000
[    0.898703] pci 0000:80:05.4: [8086:2f2c] type 00 class 0x080020
[    0.898712] pci 0000:80:05.4: reg 0x10: [mem 0xcc100000-0xcc100fff]
[    0.898884] pci 0000:80:00.0: PCI bridge to [bus 81]
[    0.899336] pci 0000:80:01.0: PCI bridge to [bus 82]
[    0.899697] pci 0000:83:00.0: [10ee:6a90] type 00 class 0x070001
[    0.899708] pci 0000:83:00.0: reg 0x10: [mem 0xca000000-0xcbffffff]
[    0.899715] pci 0000:83:00.0: reg 0x14: [mem 0xcc040000-0xcc04ffff]
[    0.899876] pci 0000:83:00.1: [10ee:6a8f] type 00 class 0x070001
[    0.899887] pci 0000:83:00.1: reg 0x10: [mem 0xc8000000-0xc9ffffff]
[    0.899900] pci 0000:83:00.1: reg 0x18: [mem 0xcc020000-0xcc03ffff]
[    0.899912] pci 0000:83:00.1: reg 0x20: [mem 0xcc000000-0xcc01ffff]
[    0.901314] pci 0000:80:02.0: PCI bridge to [bus 83]
[    0.901635] pci 0000:80:02.0:   bridge window [mem 0xc8000000-0xcc0fffff]
[    0.901707] pci 0000:80:03.0: PCI bridge to [bus 84]
[    0.902060] pci 0000:80:03.2: PCI bridge to [bus 85]
[    0.902407] pci_bus 0000:80: on NUMA node 1
[    0.902475] ACPI: Enabled 2 GPEs in block 00 to 3F
[    0.903263] vgaarb: device added: PCI:0000:09:00.0,decodes=io+mem,owns=io+mem,locks=none
[    0.903825] vgaarb: loaded
[    0.904136] vgaarb: bridge control possible 0000:09:00.0
[    0.904631] SCSI subsystem initialized
[    0.904984] ACPI: bus type USB registered
[    0.905320] usbcore: registered new interface driver usbfs
[    0.905643] usbcore: registered new interface driver hub
[    0.906138] usbcore: registered new device driver usb
[    0.906877] PCI: Using ACPI for IRQ routing
[    0.914246] PCI: pci_cache_line_size set to 64 bytes
[    0.914764] e820: reserve RAM buffer [mem 0x0009d000-0x0009ffff]
[    0.914766] e820: reserve RAM buffer [mem 0x7a289000-0x7bffffff]
[    0.914768] e820: reserve RAM buffer [mem 0x7bb00000-0x7bffffff]
[    0.915113] NetLabel: Initializing
[    0.915427] NetLabel:  domain hash size = 128
[    0.915739] NetLabel:  protocols = UNLABELED CIPSOv4
[    0.916067] NetLabel:  unlabeled traffic allowed by default
[    0.916427] hpet0: at MMIO 0xfed00000, IRQs 2, 8, 0, 0, 0, 0, 0, 0
[    0.917441] hpet0: 8 comparators, 64-bit 14.318180 MHz counter
[    0.919796] amd_nb: Cannot enumerate AMD northbridges
[    0.920247] Switched to clocksource hpet
[    0.930357] pnp: PnP ACPI init
[    0.930686] ACPI: bus type PNP registered
[    0.931552] pnp 00:00: Plug and Play ACPI device, IDs PNP0b00 (active)
[    0.931687] system 00:01: [io  0x0500-0x053f] has been reserved
[    0.932010] system 00:01: [io  0x0400-0x047f] could not be reserved
[    0.932338] system 00:01: [io  0x0540-0x057f] has been reserved
[    0.932653] system 00:01: [io  0x0600-0x061f] has been reserved
[    0.932968] system 00:01: [io  0x0ca0-0x0ca5] has been reserved
[    0.933289] system 00:01: [io  0x0880-0x0883] has been reserved
[    0.933608] system 00:01: [io  0x0800-0x081f] has been reserved
[    0.933929] system 00:01: [mem 0xfeda8000-0xfedcbfff] could not be reserved
[    0.934255] system 00:01: [mem 0xff000000-0xffffffff] could not be reserved
[    0.934579] system 00:01: [mem 0xfee00000-0xfeefffff] has been reserved
[    0.934896] system 00:01: [mem 0xfed12000-0xfed1200f] has been reserved
[    0.935221] system 00:01: [mem 0xfed12010-0xfed1201f] has been reserved
[    0.935540] system 00:01: [mem 0xfed1b000-0xfed1bfff] has been reserved
[    0.935865] system 00:01: Plug and Play ACPI device, IDs PNP0c02 (active)
[    0.936103] pnp 00:02: Plug and Play ACPI device, IDs PNP0501 (active)
[    0.936332] pnp 00:03: Plug and Play ACPI device, IDs PNP0501 (active)
[    0.936420] system 00:04: [io  0x0ca8] has been reserved
[    0.936735] system 00:04: [io  0x0cac] has been reserved
[    0.937054] system 00:04: Plug and Play ACPI device, IDs IPI0001 PNP0c01 (active)
[    0.937169] pnp: PnP ACPI: found 5 devices
[    0.937487] ACPI: bus type PNP unregistered
[    0.944372] pci 0000:01:00.0: can't claim BAR 6 [mem 0xfff80000-0xffffffff pref]: no compatible bridge window
[    0.944929] pci 0000:01:00.1: can't claim BAR 6 [mem 0xfff80000-0xffffffff pref]: no compatible bridge window
[    0.945487] pci 0000:01:00.2: can't claim BAR 6 [mem 0xfff80000-0xffffffff pref]: no compatible bridge window
[    0.946039] pci 0000:01:00.3: can't claim BAR 6 [mem 0xfff80000-0xffffffff pref]: no compatible bridge window
[    0.946596] pci 0000:00:11.0: can't claim BAR 6 [mem 0xffff0000-0xffffffff pref]: no compatible bridge window
[    0.947955] pci 0000:00:03.0: BAR 14: assigned [mem 0x91a00000-0x91bfffff]
[    0.948280] pci 0000:00:11.0: BAR 6: assigned [mem 0x91c00000-0x91c0ffff pref]
[    0.948830] pci 0000:00:01.0: PCI bridge to [bus 02]
[    0.949153] pci 0000:00:02.0: PCI bridge to [bus 03]
[    0.949482] pci 0000:01:00.0: BAR 6: assigned [mem 0x91a00000-0x91a7ffff pref]
[    0.950029] pci 0000:01:00.1: BAR 6: assigned [mem 0x91a80000-0x91afffff pref]
[    0.950579] pci 0000:01:00.2: BAR 6: assigned [mem 0x91b00000-0x91b7ffff pref]
[    0.951129] pci 0000:01:00.3: BAR 6: assigned [mem 0x91b80000-0x91bfffff pref]
[    0.951683] pci 0000:00:03.0: PCI bridge to [bus 01]
[    0.952000] pci 0000:00:03.0:   bridge window [mem 0x91a00000-0x91bfffff]
[    0.952327] pci 0000:00:03.0:   bridge window [mem 0x92000000-0x960fffff 64bit pref]
[    0.952883] pci 0000:00:03.2: PCI bridge to [bus 04]
[    0.953209] pci 0000:00:1c.0: PCI bridge to [bus 05]
[    0.953536] pci 0000:08:00.0: PCI bridge to [bus 09]
[    0.954000] pci 0000:08:00.0:   bridge window [mem 0x91000000-0x918fffff]
[    0.954423] pci 0000:08:00.0:   bridge window [mem 0x90000000-0x90ffffff 64bit pref]
[    0.955176] pci 0000:07:00.0: PCI bridge to [bus 08-09]
[    0.955647] pci 0000:07:00.0:   bridge window [mem 0x91000000-0x918fffff]
[    0.956154] pci 0000:07:00.0:   bridge window [mem 0x90000000-0x90ffffff 64bit pref]
[    0.956901] pci 0000:06:00.0: PCI bridge to [bus 07-0a]
[    0.957350] pci 0000:06:00.0:   bridge window [mem 0x91000000-0x919fffff]
[    0.957752] pci 0000:06:00.0:   bridge window [mem 0x90000000-0x90ffffff 64bit pref]
[    0.958528] pci 0000:00:1c.7: PCI bridge to [bus 06-0a]
[    0.958850] pci 0000:00:1c.7:   bridge window [mem 0x91000000-0x919fffff]
[    0.959172] pci 0000:00:1c.7:   bridge window [mem 0x90000000-0x90ffffff 64bit pref]
[    0.959732] pci_bus 0000:00: resource 4 [io  0x0000-0x03bb window]
[    0.959734] pci_bus 0000:00: resource 5 [io  0x03bc-0x03df window]
[    0.959736] pci_bus 0000:00: resource 6 [io  0x03e0-0x0cf7 window]
[    0.959738] pci_bus 0000:00: resource 7 [io  0x1000-0x7fff window]
[    0.959740] pci_bus 0000:00: resource 8 [mem 0x000a0000-0x000bffff window]
[    0.959742] pci_bus 0000:00: resource 9 [mem 0x90000000-0xc7ffbfff window]
[    0.959744] pci_bus 0000:00: resource 10 [mem 0x30000000000-0x33fffffffff window]
[    0.959746] pci_bus 0000:01: resource 1 [mem 0x91a00000-0x91bfffff]
[    0.959748] pci_bus 0000:01: resource 2 [mem 0x92000000-0x960fffff 64bit pref]
[    0.959751] pci_bus 0000:06: resource 1 [mem 0x91000000-0x919fffff]
[    0.959753] pci_bus 0000:06: resource 2 [mem 0x90000000-0x90ffffff 64bit pref]
[    0.959755] pci_bus 0000:07: resource 1 [mem 0x91000000-0x919fffff]
[    0.959756] pci_bus 0000:07: resource 2 [mem 0x90000000-0x90ffffff 64bit pref]
[    0.959758] pci_bus 0000:08: resource 1 [mem 0x91000000-0x918fffff]
[    0.959760] pci_bus 0000:08: resource 2 [mem 0x90000000-0x90ffffff 64bit pref]
[    0.959762] pci_bus 0000:09: resource 1 [mem 0x91000000-0x918fffff]
[    0.959764] pci_bus 0000:09: resource 2 [mem 0x90000000-0x90ffffff 64bit pref]
[    0.959788] pci 0000:80:00.0: PCI bridge to [bus 81]
[    0.960111] pci 0000:80:01.0: PCI bridge to [bus 82]
[    0.960439] pci 0000:80:02.0: PCI bridge to [bus 83]
[    0.960753] pci 0000:80:02.0:   bridge window [mem 0xc8000000-0xcc0fffff]
[    0.961078] pci 0000:80:03.0: PCI bridge to [bus 84]
[    0.961405] pci 0000:80:03.2: PCI bridge to [bus 85]
[    0.961727] pci_bus 0000:80: resource 4 [io  0x8000-0xffff window]
[    0.961729] pci_bus 0000:80: resource 5 [mem 0xc8000000-0xfbffbfff window]
[    0.961731] pci_bus 0000:80: resource 6 [mem 0x34000000000-0x37fffffffff window]
[    0.961733] pci_bus 0000:83: resource 1 [mem 0xc8000000-0xcc0fffff]
[    0.961988] NET: Registered protocol family 2
[    0.963872] TCP established hash table entries: 262144 (order: 9, 2097152 bytes)
[    0.965089] TCP bind hash table entries: 65536 (order: 8, 1048576 bytes)
[    0.965680] TCP: Hash tables configured (established 262144 bind 65536)
[    0.966052] TCP: reno registered
[    0.966452] UDP hash table entries: 16384 (order: 7, 524288 bytes)
[    0.966950] UDP-Lite hash table entries: 16384 (order: 7, 524288 bytes)
[    0.968212] NET: Registered protocol family 1
[    0.984905] pci 0000:09:00.0: Boot video device
[    0.985195] PCI: CLS 32 bytes, default 64
[    0.985256] Unpacking initramfs...
[    1.492263] Freeing initrd memory: 25164k freed
[    1.502840] PCI-DMA: Using software bounce buffering for IO (SWIOTLB)
[    1.503168] software IO TLB [mem 0x76289000-0x7a289000] (64MB) mapped at [ffff880076289000-ffff88007a288fff]
[    1.503826] Intel CQM monitoring enabled
[    1.504455] RAPL PMU: API unit is 2^-32 Joules, 4 fixed counters, 655360 ms ovfl timer
[    1.505004] RAPL PMU: hw unit of domain pp0-core 2^-14 Joules
[    1.505327] RAPL PMU: hw unit of domain package 2^-14 Joules
[    1.505643] RAPL PMU: hw unit of domain dram 2^-14 Joules
[    1.505958] RAPL PMU: hw unit of domain pp1-gpu 2^-14 Joules
[    1.514250] sha1_ssse3: Using AVX optimized SHA-1 implementation
[    1.514639] sha256_ssse3: Using AVX2 optimized SHA-256 implementation
[    1.517700] futex hash table entries: 65536 (order: 10, 4194304 bytes)
[    1.519225] Initialise system trusted keyring
[    1.519639] audit: initializing netlink socket (disabled)
[    1.519975] type=2000 audit(1525427725.441:1): initialized
[    1.555446] HugeTLB registered 1 GB page size, pre-allocated 0 pages
[    1.555766] HugeTLB registered 2 MB page size, pre-allocated 0 pages
[    1.557530] zpool: loaded
[    1.557842] zbud: loaded
[    1.558830] VFS: Disk quotas dquot_6.5.2
[    1.559524] Dquot-cache hash table entries: 512 (order 0, 4096 bytes)
[    1.560882] msgmni has been set to 32768
[    1.561484] Key type big_key registered
[    1.561802] SELinux:  Registering netfilter hooks
[    1.563178] NET: Registered protocol family 38
[    1.563508] Key type asymmetric registered
[    1.563824] Asymmetric key parser 'x509' registered
[    1.564250] Block layer SCSI generic (bsg) driver version 0.4 loaded (major 250)
[    1.564986] io scheduler noop registered
[    1.565306] io scheduler deadline registered (default)
[    1.565814] io scheduler cfq registered
[    1.566808] pcieport 0000:00:01.0: irq 25 for MSI/MSI-X
[    1.567077] pcieport 0000:00:02.0: irq 26 for MSI/MSI-X
[    1.567347] pcieport 0000:00:03.0: irq 27 for MSI/MSI-X
[    1.567594] pcieport 0000:00:03.2: irq 28 for MSI/MSI-X
[    1.567914] pcieport 0000:00:1c.0: irq 29 for MSI/MSI-X
[    1.568244] pcieport 0000:00:1c.7: irq 30 for MSI/MSI-X
[    1.571157] pcieport 0000:80:00.0: irq 32 for MSI/MSI-X
[    1.571403] pcieport 0000:80:01.0: irq 33 for MSI/MSI-X
[    1.571603] pcieport 0000:80:02.0: irq 34 for MSI/MSI-X
[    1.571790] pcieport 0000:80:03.0: irq 35 for MSI/MSI-X
[    1.571977] pcieport 0000:80:03.2: irq 36 for MSI/MSI-X
[    1.572072] pcieport 0000:00:01.0: Signaling PME through PCIe PME interrupt
[    1.572407] pcie_pme 0000:00:01.0:pcie01: service driver pcie_pme loaded
[    1.572437] pcieport 0000:00:02.0: Signaling PME through PCIe PME interrupt
[    1.572759] pcie_pme 0000:00:02.0:pcie01: service driver pcie_pme loaded
[    1.572778] pcieport 0000:00:03.0: Signaling PME through PCIe PME interrupt
[    1.573101] pci 0000:01:00.0: Signaling PME through PCIe PME interrupt
[    1.573424] pci 0000:01:00.1: Signaling PME through PCIe PME interrupt
[    1.573742] pci 0000:01:00.2: Signaling PME through PCIe PME interrupt
[    1.574064] pci 0000:01:00.3: Signaling PME through PCIe PME interrupt
[    1.574390] pcie_pme 0000:00:03.0:pcie01: service driver pcie_pme loaded
[    1.574405] pcieport 0000:00:03.2: Signaling PME through PCIe PME interrupt
[    1.574727] pcie_pme 0000:00:03.2:pcie01: service driver pcie_pme loaded
[    1.574746] pcieport 0000:00:1c.0: Signaling PME through PCIe PME interrupt
[    1.575067] pcie_pme 0000:00:1c.0:pcie01: service driver pcie_pme loaded
[    1.575086] pcieport 0000:00:1c.7: Signaling PME through PCIe PME interrupt
[    1.575414] pcieport 0000:06:00.0: Signaling PME through PCIe PME interrupt
[    1.575736] pcieport 0000:07:00.0: Signaling PME through PCIe PME interrupt
[    1.576056] pci 0000:08:00.0: Signaling PME through PCIe PME interrupt
[    1.576379] pci 0000:09:00.0: Signaling PME through PCIe PME interrupt
[    1.576702] pcie_pme 0000:00:1c.7:pcie01: service driver pcie_pme loaded
[    1.576717] pcieport 0000:80:00.0: Signaling PME through PCIe PME interrupt
[    1.577037] pcie_pme 0000:80:00.0:pcie01: service driver pcie_pme loaded
[    1.577065] pcieport 0000:80:01.0: Signaling PME through PCIe PME interrupt
[    1.577391] pcie_pme 0000:80:01.0:pcie01: service driver pcie_pme loaded
[    1.577411] pcieport 0000:80:02.0: Signaling PME through PCIe PME interrupt
[    1.577731] pci 0000:83:00.0: Signaling PME through PCIe PME interrupt
[    1.578050] pci 0000:83:00.1: Signaling PME through PCIe PME interrupt
[    1.578378] pcie_pme 0000:80:02.0:pcie01: service driver pcie_pme loaded
[    1.578393] pcieport 0000:80:03.0: Signaling PME through PCIe PME interrupt
[    1.578715] pcie_pme 0000:80:03.0:pcie01: service driver pcie_pme loaded
[    1.578733] pcieport 0000:80:03.2: Signaling PME through PCIe PME interrupt
[    1.579054] pcie_pme 0000:80:03.2:pcie01: service driver pcie_pme loaded
[    1.579131] pci_hotplug: PCI Hot Plug PCI Core version: 0.5
[    1.579463] pciehp: PCI Express Hot Plug Controller Driver version: 0.4
[    1.579884] intel_idle: MWAIT substates: 0x2120
[    1.579886] intel_idle: v0.4.1 model 0x3F
[    1.580064] intel_idle: lapic_timer_reliable_states 0xffffffff
[    1.580239] input: Power Button as /devices/LNXSYSTM:00/LNXPWRBN:00/input/input0
[    1.580792] ACPI: Power Button [PWRF]
[    1.581664] ERST: Error Record Serialization Table (ERST) support is initialized.
[    1.582216] pstore: Registered erst as persistent store backend
[    1.582921] GHES: APEI firmware first mode is enabled by APEI bit and WHEA _OSC.
[    1.583550] Serial: 8250/16550 driver, 4 ports, IRQ sharing enabled
[    1.604500] 00:02: ttyS1 at I/O 0x2f8 (irq = 3) is a 16550A
[    1.625467] 00:03: ttyS0 at I/O 0x3f8 (irq = 4) is a 16550A
[    1.626520] Non-volatile memory driver v1.3
[    1.626866] Linux agpgart interface v0.103
[    1.627452] crash memory driver: version 1.1
[    1.627887] rdac: device handler registered
[    1.633774] hp_sw: device handler registered
[    1.634091] emc: device handler registered
[    1.634413] alua: device handler registered
[    1.634777] libphy: Fixed MDIO Bus: probed
[    1.635146] ehci_hcd: USB 2.0 'Enhanced' Host Controller (EHCI) Driver
[    1.635480] ehci-pci: EHCI PCI platform driver
[    1.636084] ehci-pci 0000:00:1a.0: EHCI Host Controller
[    1.636479] ehci-pci 0000:00:1a.0: new USB bus registered, assigned bus number 1
[    1.637030] ehci-pci 0000:00:1a.0: debug port 2
[    1.641261] ehci-pci 0000:00:1a.0: cache line size of 32 is not supported
[    1.641279] ehci-pci 0000:00:1a.0: irq 18, io mem 0x96103000
[    1.647205] ehci-pci 0000:00:1a.0: USB 2.0 started, EHCI 1.00
[    1.647574] usb usb1: New USB device found, idVendor=1d6b, idProduct=0002
[    1.647889] usb usb1: New USB device strings: Mfr=3, Product=2, SerialNumber=1
[    1.648439] usb usb1: Product: EHCI Host Controller
[    1.648748] usb usb1: Manufacturer: Linux 3.10.0-693.el7.x86_64 ehci_hcd
[    1.649060] usb usb1: SerialNumber: 0000:00:1a.0
[    1.649507] hub 1-0:1.0: USB hub found
[    1.649821] hub 1-0:1.0: 2 ports detected
[    1.650437] ehci-pci 0000:00:1d.0: EHCI Host Controller
[    1.650795] ehci-pci 0000:00:1d.0: new USB bus registered, assigned bus number 2
[    1.651358] ehci-pci 0000:00:1d.0: debug port 2
[    1.655572] ehci-pci 0000:00:1d.0: cache line size of 32 is not supported
[    1.655578] ehci-pci 0000:00:1d.0: irq 18, io mem 0x96102000
[    1.661206] ehci-pci 0000:00:1d.0: USB 2.0 started, EHCI 1.00
[    1.661567] usb usb2: New USB device found, idVendor=1d6b, idProduct=0002
[    1.661882] usb usb2: New USB device strings: Mfr=3, Product=2, SerialNumber=1
[    1.662428] usb usb2: Product: EHCI Host Controller
[    1.662739] usb usb2: Manufacturer: Linux 3.10.0-693.el7.x86_64 ehci_hcd
[    1.663053] usb usb2: SerialNumber: 0000:00:1d.0
[    1.663470] hub 2-0:1.0: USB hub found
[    1.663781] hub 2-0:1.0: 2 ports detected
[    1.664270] ohci_hcd: USB 1.1 'Open' Host Controller (OHCI) Driver
[    1.664595] ohci-pci: OHCI PCI platform driver
[    1.664940] uhci_hcd: USB Universal Host Controller Interface driver
[    1.665348] usbcore: registered new interface driver usbserial
[    1.665671] usbcore: registered new interface driver usbserial_generic
[    1.666002] usbserial: USB Serial support registered for generic
[    1.666355] i8042: PNP: No PS/2 controller found. Probing ports directly.
[    1.952201] usb 1-1: new high-speed USB device number 2 using ehci-pci
[    1.965199] usb 2-1: new high-speed USB device number 2 using ehci-pci
[    2.066499] usb 1-1: New USB device found, idVendor=8087, idProduct=800a
[    2.066814] usb 1-1: New USB device strings: Mfr=0, Product=0, SerialNumber=0
[    2.067280] hub 1-1:1.0: USB hub found
[    2.067747] hub 1-1:1.0: 6 ports detected
[    2.079498] usb 2-1: New USB device found, idVendor=8087, idProduct=8002
[    2.079817] usb 2-1: New USB device strings: Mfr=0, Product=0, SerialNumber=0
[    2.080272] hub 2-1:1.0: USB hub found
[    2.080622] hub 2-1:1.0: 8 ports detected
[    2.182992] random: fast init done
[    2.342195] usb 1-1.6: new high-speed USB device number 3 using ehci-pci
[    2.428117] usb 1-1.6: New USB device found, idVendor=413c, idProduct=a001
[    2.428446] usb 1-1.6: New USB device strings: Mfr=1, Product=2, SerialNumber=3
[    2.428993] usb 1-1.6: Product: Gadget USB HUB
[    2.429315] usb 1-1.6: Manufacturer: no manufacturer
[    2.429631] usb 1-1.6: SerialNumber: 0123456789
[    2.430270] hub 1-1.6:1.0: USB hub found
[    2.430742] hub 1-1.6:1.0: 6 ports detected
[    2.704872] i8042: No controller found
[    2.705330] mousedev: PS/2 mouse device common for all mice
[    2.705464] tsc: Refined TSC clocksource calibration: 1599.998 MHz
[    2.706033] Switched to clocksource tsc
[    2.706205] rtc_cmos 00:00: RTC can wake from S4
[    2.706454] rtc_cmos 00:00: rtc core: registered rtc_cmos as rtc0
[    2.706532] rtc_cmos 00:00: alarms up to one month, y3k, 114 bytes nvram, hpet irqs
[    2.706612] Intel P-state driver initializing.
[    2.707210] cpuidle: using governor menu
[    2.707674] hidraw: raw HID events driver (C) Jiri Kosina
[    2.707840] usbcore: registered new interface driver usbhid
[    2.707841] usbhid: USB HID core driver
[    2.707960] drop_monitor: Initializing network drop monitor service
[    2.708468] TCP: cubic registered
[    2.708478] Initializing XFRM netlink socket
[    2.709013] NET: Registered protocol family 10
[    2.710468] NET: Registered protocol family 17
[    2.711100] microcode: CPU0 sig=0x306f2, pf=0x1, revision=0x3a
[    2.711427] microcode: CPU1 sig=0x306f2, pf=0x1, revision=0x3a
[    2.711756] microcode: CPU2 sig=0x306f2, pf=0x1, revision=0x3a
[    2.712106] microcode: CPU3 sig=0x306f2, pf=0x1, revision=0x3a
[    2.712461] microcode: CPU4 sig=0x306f2, pf=0x1, revision=0x3a
[    2.712786] microcode: CPU5 sig=0x306f2, pf=0x1, revision=0x3a
[    2.713116] microcode: CPU6 sig=0x306f2, pf=0x1, revision=0x3a
[    2.713446] microcode: CPU7 sig=0x306f2, pf=0x1, revision=0x3a
[    2.713779] microcode: CPU8 sig=0x306f2, pf=0x1, revision=0x3a
[    2.714100] microcode: CPU9 sig=0x306f2, pf=0x1, revision=0x3a
[    2.714435] microcode: CPU10 sig=0x306f2, pf=0x1, revision=0x3a
[    2.714763] microcode: CPU11 sig=0x306f2, pf=0x1, revision=0x3a
[    2.715170] microcode: Microcode Update Driver: v2.01 <tigran@aivazian.fsnet.co.uk>, Peter Oruba
[    2.715902] PM: Hibernation image not present or could not be loaded.
[    2.715906] Loading compiled-in X.509 certificates
[    2.717197] Loaded X.509 cert 'Red Hat Enterprise Linux Driver Update Program (key 3): bf57f3e87362bc7229d9f465321773dfd1f77a80'
[    2.718656] Loaded X.509 cert 'Red Hat Enterprise Linux kpatch signing key: 4d38fd864ebe18c5f0b72e3852e2014c3a676fc8'
[    2.720093] Loaded X.509 cert 'Red Hat Enterprise Linux kernel signing key: 4ffdd63c937eb4a7a114bc5e891acbde50206521'
[    2.720683] registered taskstats version 1
[    2.724421] Key type trusted registered
[    2.727588] Key type encrypted registered
[    2.730728] IMA: No TPM chip found, activating TPM-bypass!
[    2.734719]   Magic number: 2:138:929
[    2.735153] pci 0000:ff:0c.4: hash matches
[    2.735716] rtc_cmos 00:00: setting system clock to 2018-05-04 09:55:27 UTC (1525427727)
[    2.737446] Freeing unused kernel memory: 1764k freed
[    2.753221] systemd[1]: systemd 219 running in system mode. (+PAM +AUDIT +SELINUX +IMA -APPARMOR +SMACK +SYSVINIT +UTMP +LIBCRYPTSETUP +GCRYPT +GNUTLS +ACL +XZ -LZ4 -SECCOMP +BLKID +ELFUTILS +KMOD +IDN)
[    2.754483] systemd[1]: Detected architecture x86-64.
[    2.754825] systemd[1]: Running in initial RAM disk.
[    2.756644] systemd[1]: Set hostname to <localhost.localdomain>.
[    2.803659] systemd[1]: Reached target Timers.
[    2.804023] systemd[1]: Starting Timers.
[    2.805207] systemd[1]: Reached target Swap.
[    2.805528] systemd[1]: Starting Swap.
[    2.806993] systemd[1]: Created slice Root Slice.
[    2.807337] systemd[1]: Starting Root Slice.
[    2.808557] systemd[1]: Created slice System Slice.
[    2.808918] systemd[1]: Starting System Slice.
[    2.810125] systemd[1]: Reached target Slices.
[    2.810452] systemd[1]: Starting Slices.
[    2.811595] systemd[1]: Reached target Local File Systems.
[    2.811952] systemd[1]: Starting Local File Systems.
[    2.813232] systemd[1]: Listening on Journal Socket.
[    2.813560] systemd[1]: Starting Journal Socket.
[    2.814502] systemd[1]: Starting Create list of required static device nodes for the current kernel...
[    2.816183] systemd[1]: Starting Journal Service...
[    2.817761] systemd[1]: Starting dracut cmdline hook...
[    2.819335] systemd[1]: Starting Apply Kernel Variables...
[    2.820825] systemd[1]: Starting Setup Virtual Console...
[    2.822662] systemd[1]: Listening on udev Kernel Socket.
[    2.823001] systemd[1]: Starting udev Kernel Socket.
[    2.824127] systemd[1]: Listening on udev Control Socket.
[    2.824136] systemd[1]: Starting udev Control Socket.
[    2.825572] systemd[1]: Reached target Sockets.
[    2.825905] systemd[1]: Starting Sockets.
[    2.827500] systemd[1]: Started Create list of required static device nodes for the current kernel.
[    2.838578] systemd[1]: Started Apply Kernel Variables.
[    2.839806] systemd[1]: Starting Create Static Device Nodes in /dev...
[    2.845648] systemd[1]: Started Create Static Device Nodes in /dev.
[    2.874219] systemd[1]: Started Journal Service.
[    2.978328] device-mapper: uevent: version 1.0.3
[    2.978806] device-mapper: ioctl: 4.35.0-ioctl (2016-06-23) initialised: dm-devel@redhat.com
[    3.099388] pps_core: LinuxPPS API ver. 1 registered
[    3.099703] pps_core: Software ver. 5.3.6 - Copyright 2005-2007 Rodolfo Giometti <giometti@linux.it>
[    3.102856] PTP clock support registered
[    3.118029] libata version 3.00 loaded.
[    3.125383] ahci 0000:00:11.4: version 3.0
[    3.125669] ahci 0000:00:11.4: irq 37 for MSI/MSI-X
[    3.125684] ahci 0000:00:11.4: SSS flag set, parallel bus scan disabled
[    3.126033] ahci 0000:00:11.4: AHCI 0001.0300 32 slots 4 ports 6 Gbps 0xf impl SATA mode
[    3.126584] ahci 0000:00:11.4: flags: 64bit ncq stag led clo pio slum part ems apst 
[    3.133142] [drm] Initialized
[    3.136233] scsi host0: ahci
[    3.136869] scsi host1: ahci
[    3.137790] scsi host2: ahci
[    3.138358] scsi host3: ahci
[    3.138809] ata1: SATA max UDMA/133 abar m2048@0x96101000 port 0x96101100 irq 37
[    3.139356] ata2: SATA max UDMA/133 abar m2048@0x96101000 port 0x96101180 irq 37
[    3.139894] ata3: SATA max UDMA/133 abar m2048@0x96101000 port 0x96101200 irq 37
[    3.140435] ata4: SATA max UDMA/133 abar m2048@0x96101000 port 0x96101280 irq 37
[    3.141290] ahci 0000:00:1f.2: irq 38 for MSI/MSI-X
[    3.141303] ahci 0000:00:1f.2: SSS flag set, parallel bus scan disabled
[    3.141651] ahci 0000:00:1f.2: AHCI 0001.0300 32 slots 6 ports 6 Gbps 0x3f impl SATA mode
[    3.142196] ahci 0000:00:1f.2: flags: 64bit ncq stag led clo pio slum part ems apst 
[    3.153774] scsi host4: ahci
[    3.154219] scsi host5: ahci
[    3.154627] scsi host6: ahci
[    3.155040] scsi host7: ahci
[    3.155462] scsi host8: ahci
[    3.155571] scsi host9: ahci
[    3.155627] ata5: SATA max UDMA/133 abar m2048@0x96100000 port 0x96100100 irq 38
[    3.155633] ata6: SATA max UDMA/133 abar m2048@0x96100000 port 0x96100180 irq 38
[    3.155638] ata7: SATA max UDMA/133 abar m2048@0x96100000 port 0x96100200 irq 38
[    3.155643] ata8: SATA max UDMA/133 abar m2048@0x96100000 port 0x96100280 irq 38
[    3.155648] ata9: SATA max UDMA/133 abar m2048@0x96100000 port 0x96100300 irq 38
[    3.155653] ata10: SATA max UDMA/133 abar m2048@0x96100000 port 0x96100380 irq 38
[    3.158980] bnx2x: QLogic 5771x/578xx 10/20-Gigabit Ethernet Driver bnx2x 1.712.30-0 (2014/02/10)
[    3.159091] bnx2x 0000:01:00.0: msix capability found
[    3.159380] bnx2x 0000:01:00.0: part number 0-0-0-0
[    3.182140] [TTM] Zone  kernel: Available graphics memory: 16413802 kiB
[    3.182464] [TTM] Zone   dma32: Available graphics memory: 2097152 kiB
[    3.182776] [TTM] Initializing pool allocator
[    3.183091] [TTM] Initializing DMA pool allocator
[    3.212904] fbcon: mgadrmfb (fb0) is primary device
[    3.258324] bnx2x 0000:01:00.0: irq 40 for MSI/MSI-X
[    3.258399] bnx2x 0000:01:00.0: irq 41 for MSI/MSI-X
[    3.258473] bnx2x 0000:01:00.0: irq 42 for MSI/MSI-X
[    3.258547] bnx2x 0000:01:00.0: irq 43 for MSI/MSI-X
[    3.258619] bnx2x 0000:01:00.0: irq 44 for MSI/MSI-X
[    3.258693] bnx2x 0000:01:00.0: irq 45 for MSI/MSI-X
[    3.258766] bnx2x 0000:01:00.0: irq 46 for MSI/MSI-X
[    3.258840] bnx2x 0000:01:00.0: irq 47 for MSI/MSI-X
[    3.258915] bnx2x 0000:01:00.0: irq 48 for MSI/MSI-X
[    3.258989] bnx2x 0000:01:00.0: irq 49 for MSI/MSI-X
[    3.260735] bnx2x 0000:01:00.1: msix capability found
[    3.261000] bnx2x 0000:01:00.1: part number 0-0-0-0
[    3.301097] Console: switching to colour frame buffer device 128x48
[    3.321101] mgag200 0000:09:00.0: fb0: mgadrmfb frame buffer device
[    3.343226] [drm] Initialized mgag200 1.0.0 20110418 for 0000:09:00.0 on minor 0
[    3.360335] bnx2x 0000:01:00.1: irq 51 for MSI/MSI-X
[    3.360425] bnx2x 0000:01:00.1: irq 52 for MSI/MSI-X
[    3.360503] bnx2x 0000:01:00.1: irq 53 for MSI/MSI-X
[    3.360582] bnx2x 0000:01:00.1: irq 54 for MSI/MSI-X
[    3.360660] bnx2x 0000:01:00.1: irq 55 for MSI/MSI-X
[    3.360744] bnx2x 0000:01:00.1: irq 56 for MSI/MSI-X
[    3.360821] bnx2x 0000:01:00.1: irq 57 for MSI/MSI-X
[    3.360897] bnx2x 0000:01:00.1: irq 58 for MSI/MSI-X
[    3.360975] bnx2x 0000:01:00.1: irq 59 for MSI/MSI-X
[    3.361052] bnx2x 0000:01:00.1: irq 60 for MSI/MSI-X
[    3.363002] bnx2x 0000:01:00.2: msix capability found
[    3.363252] bnx2x 0000:01:00.2: part number 0-0-0-0
[    3.445226] ata1: SATA link up 6.0 Gbps (SStatus 133 SControl 300)
[    3.446064] ata1.00: ATA-8: ST91000640NS,     AA63, max UDMA/133
[    3.446116] ata1.00: 1953525168 sectors, multi 0: LBA48 NCQ (depth 31/32)
[    3.446968] ata1.00: configured for UDMA/133
[    3.447527] scsi 0:0:0:0: Direct-Access     ATA      ST91000640NS     AA63 PQ: 0 ANSI: 5
[    3.453356] bnx2x 0000:01:00.2: irq 61 for MSI/MSI-X
[    3.453453] bnx2x 0000:01:00.2: irq 62 for MSI/MSI-X
[    3.453539] bnx2x 0000:01:00.2: irq 63 for MSI/MSI-X
[    3.453624] bnx2x 0000:01:00.2: irq 64 for MSI/MSI-X
[    3.453708] bnx2x 0000:01:00.2: irq 65 for MSI/MSI-X
[    3.453804] bnx2x 0000:01:00.2: irq 66 for MSI/MSI-X
[    3.453890] bnx2x 0000:01:00.2: irq 67 for MSI/MSI-X
[    3.453975] bnx2x 0000:01:00.2: irq 68 for MSI/MSI-X
[    3.454062] bnx2x 0000:01:00.2: irq 69 for MSI/MSI-X
[    3.454155] bnx2x 0000:01:00.2: irq 70 for MSI/MSI-X
[    3.455965] bnx2x 0000:01:00.3: msix capability found
[    3.456331] bnx2x 0000:01:00.3: part number 0-0-0-0
[    3.460227] ata5: SATA link down (SStatus 0 SControl 300)
[    3.476142] sd 0:0:0:0: [sda] 1953525168 512-byte logical blocks: (1.00 TB/931 GiB)
[    3.476382] sd 0:0:0:0: [sda] Write Protect is off
[    3.476421] sd 0:0:0:0: [sda] Mode Sense: 00 3a 00 00
[    3.476458] sd 0:0:0:0: [sda] Write cache: disabled, read cache: enabled, doesn't support DPO or FUA
[    3.487173]  sda: sda1 sda2
[    3.487918] sd 0:0:0:0: [sda] Attached SCSI disk
[    3.545346] bnx2x 0000:01:00.3: irq 74 for MSI/MSI-X
[    3.545437] bnx2x 0000:01:00.3: irq 75 for MSI/MSI-X
[    3.545497] bnx2x 0000:01:00.3: irq 76 for MSI/MSI-X
[    3.545526] bnx2x 0000:01:00.3: irq 77 for MSI/MSI-X
[    3.545555] bnx2x 0000:01:00.3: irq 78 for MSI/MSI-X
[    3.545593] bnx2x 0000:01:00.3: irq 79 for MSI/MSI-X
[    3.545622] bnx2x 0000:01:00.3: irq 80 for MSI/MSI-X
[    3.545651] bnx2x 0000:01:00.3: irq 81 for MSI/MSI-X
[    3.545680] bnx2x 0000:01:00.3: irq 82 for MSI/MSI-X
[    3.545710] bnx2x 0000:01:00.3: irq 83 for MSI/MSI-X
[    3.767216] ata2: SATA link down (SStatus 0 SControl 300)
[    4.072212] ata3: SATA link down (SStatus 0 SControl 300)
[    4.377218] ata4: SATA link down (SStatus 0 SControl 300)
[    4.683213] ata6: SATA link down (SStatus 0 SControl 300)
[    4.989197] ata7: SATA link down (SStatus 0 SControl 300)
[    5.295192] ata8: SATA link down (SStatus 0 SControl 300)
[    5.601185] ata9: SATA link down (SStatus 0 SControl 300)
[    5.907181] ata10: SATA link down (SStatus 0 SControl 300)
[    6.879800] random: crng init done
[    6.884610] EXT4-fs (dm-3): mounted filesystem with ordered data mode. Opts: (null)
[    7.304327] systemd-journald[158]: Received SIGTERM from PID 1 (systemd).
[    7.710443] SELinux:  Disabled at runtime.
[    7.711654] SELinux:  Unregistering netfilter hooks
[    7.756139] type=1404 audit(1525427732.519:2): selinux=0 auid=4294967295 ses=4294967295
[    7.793601] systemd[1]: RTC configured in localtime, applying delta of -360 minutes to system time.
[    8.025175] ip_tables: (C) 2000-2006 Netfilter Core Team
[    8.026306] systemd[1]: Inserted module 'ip_tables'
[   10.394341] EXT4-fs (dm-3): re-mounted. Opts: (null)
[   10.471823] systemd-journald[587]: Received request to flush runtime journal from PID 1
[   10.581022] RPC: Registered named UNIX socket transport module.
[   10.582300] RPC: Registered udp transport module.
[   10.583526] RPC: Registered tcp transport module.
[   10.584735] RPC: Registered tcp NFSv4.1 backchannel transport module.
[   10.634501] Installing knfsd (copyright (C) 1996 okir@monad.swb.de).
[   11.604122] shpchp: Standard Hot Plug PCI Controller Driver version: 0.4
[   11.605694] wmi: Mapper loaded
[   11.652632] ACPI Error: No handler for Region [SYSI] (ffff8804fa4c85a0) [IPMI] (20130517/evregion-162)
[   11.653816] ACPI Error: Region IPMI (ID=7) has no handler (20130517/exfldio-305)
[   11.654956] ACPI Error: Method parse/execution failed [\_SB_.PMI0._GHL] (Node ffff88017a11d578), AE_NOT_EXIST (20130517/psparse-536)
[   11.657219] ACPI Error: Method parse/execution failed [\_SB_.PMI0._PMC] (Node ffff88017a11d4d8), AE_NOT_EXIST (20130517/psparse-536)
[   11.659610] ACPI Exception: AE_NOT_EXIST, Evaluating _PMC (20130517/power_meter-753)
[   11.672896] sd 0:0:0:0: Attached scsi generic sg0 type 0
[   11.685462] input: PC Speaker as /devices/platform/pcspkr/input/input1
[   11.691208] iTCO_vendor_support: vendor-support=0
[   11.802238] ipmi message handler version 39.2
[   11.816709] ipmi device interface
[   11.823843] IPMI System Interface driver.
[   11.823909] ipmi_si: probing via SMBIOS
[   11.823911] ipmi_si: SMBIOS: io 0xca8 regsize 1 spacing 4 irq 10
[   11.823914] ipmi_si: Adding SMBIOS-specified kcs state machine
[   11.823917] ipmi_si: Trying SMBIOS-specified kcs state machine at i/o address 0xca8, slave address 0x20, irq 10
[   11.842020] dcdbas dcdbas: Dell Systems Management Base Driver (version 5.6.0-3.2)
[   11.844101] iTCO_wdt: Intel TCO WatchDog Timer Driver v1.11
[   11.845528] iTCO_wdt: Found a Wellsburg TCO device (Version=2, TCOBASE=0x0460)
[   11.847064] iTCO_wdt: initialized. heartbeat=30 sec (nowayout=0)
[   11.875036] (NULL device *): The BMC does not support setting the recv irq bit, compensating, but the BMC needs to be fixed.
[   11.884125] ipmi_si ipmi_si.0: Using irq 10
[   11.913181] ipmi_si ipmi_si.0: Found new BMC (man_id: 0x0002a2, prod_id: 0x0100, dev_id: 0x20)
[   11.913295] ipmi_si ipmi_si.0: IPMI kcs interface initialized
[   11.947748] mei_me 0000:00:16.0: Device doesn't have valid ME Interface
[   12.076267] xclmgmt: loading out-of-tree module taints kernel.
[   12.078318] xclmgmt: module verification failed: signature and/or required key missing - tainting kernel
[   12.081430] xclmgmt init()
[   12.083494] xclmgmt 0000:83:00.1: xclmgmt_probe: Driver: $Change: 2219507 $
[   12.085442] xclmgmt 0000:83:00.1: xclmgmt_probe: probe(pdev = 0xffff880179993000, pci_id = 0xffffffffc0490ce0)
[   12.087299] xclmgmt 0000:83:00.1: map_bars: default bar: 0, bar len: 33554432
[   12.089148] xclmgmt 0000:83:00.1: find_user_node: slot:0, func:1, vendor:0x10ee, device:0x6a8f)
[   12.090994] xocl_firewall firewall.m.33537: firewall_probe: probe
[   12.092833] xclmgmt 0000:83:00.1: xocl_subdev_create_one: Created subdev firewall.m
[   12.094653] xclmgmt 0000:83:00.1: platform_axilite_flush: Flushing axilite busses.
[   12.096543] IPMI SSIF Interface driver
[   12.096646] rom.m rom.m.33537: feature_rom_probe: ROM magic : xlnx
[   12.096648] rom.m rom.m.33537: feature_rom_probe: VBNV: xilinx_vcu1525_dynamic_5_0
