[    0.000000] microcode: microcode updated early to revision 0x3a, date = 2017-01-30
[    0.000000] Initializing cgroup subsys cpuset
[    0.000000] Initializing cgroup subsys cpu
[    0.000000] Initializing cgroup subsys cpuacct
[    0.000000] Linux version 3.10.0-693.el7.x86_64 (mockbuild@x86-038.build.eng.bos.redhat.com) (gcc version 4.8.5 20150623 (Red Hat 4.8.5-16) (GCC) ) #1 SMP Thu Jul 6 19:56:57 EDT 2017
[    0.000000] Command line: BOOT_IMAGE=/vmlinuz-3.10.0-693.el7.x86_64 root=/dev/mapper/vg00-rootlv ro net.ifnames=0
[    0.000000] e820: BIOS-provided physical RAM map:
[    0.000000] BIOS-e820: [mem 0x0000000000000000-0x000000000009cfff] usable
[    0.000000] BIOS-e820: [mem 0x000000000009d000-0x000000000009ffff] reserved
[    0.000000] BIOS-e820: [mem 0x00000000000e0000-0x00000000000fffff] reserved
[    0.000000] BIOS-e820: [mem 0x0000000000100000-0x000000007a288fff] usable
[    0.000000] BIOS-e820: [mem 0x000000007a289000-0x000000007af0afff] reserved
[    0.000000] BIOS-e820: [mem 0x000000007af0b000-0x000000007b93afff] ACPI NVS
[    0.000000] BIOS-e820: [mem 0x000000007b93b000-0x000000007bab6fff] ACPI data
[    0.000000] BIOS-e820: [mem 0x000000007bab7000-0x000000007bafffff] usable
[    0.000000] BIOS-e820: [mem 0x000000007bb00000-0x000000008fffffff] reserved
[    0.000000] BIOS-e820: [mem 0x00000000feda8000-0x00000000fedabfff] reserved
[    0.000000] BIOS-e820: [mem 0x00000000ff310000-0x00000000ffffffff] reserved
[    0.000000] BIOS-e820: [mem 0x0000000100000000-0x000000087fffffff] usable
[    0.000000] NX (Execute Disable) protection: active
[    0.000000] SMBIOS 2.8 present.
[    0.000000] DMI: Dell Inc. PowerEdge R730/, BIOS 2.0.1 02/12/2016
[    0.000000] e820: update [mem 0x00000000-0x00000fff] usable ==> reserved
[    0.000000] e820: remove [mem 0x000a0000-0x000fffff] usable
[    0.000000] e820: last_pfn = 0x880000 max_arch_pfn = 0x400000000
[    0.000000] MTRR default type: uncachable
[    0.000000] MTRR fixed ranges enabled:
[    0.000000]   00000-9FFFF write-back
[    0.000000]   A0000-BFFFF uncachable
[    0.000000]   C0000-FFFFF write-protect
[    0.000000] MTRR variable ranges enabled:
[    0.000000]   0 base 000000000000 mask 3FFF80000000 write-back
[    0.000000]   1 base 000100000000 mask 3FFF00000000 write-back
[    0.000000]   2 base 000200000000 mask 3FFE00000000 write-back
[    0.000000]   3 base 000400000000 mask 3FFC00000000 write-back
[    0.000000]   4 base 000800000000 mask 3FFF80000000 write-back
[    0.000000]   5 base 0000FF000000 mask 3FFFFF000000 write-protect
[    0.000000]   6 disabled
[    0.000000]   7 disabled
[    0.000000]   8 disabled
[    0.000000]   9 disabled
[    0.000000] x86 PAT enabled: cpu 0, old 0x7040600070406, new 0x7010600070106
[    0.000000] e820: last_pfn = 0x7bb00 max_arch_pfn = 0x400000000
[    0.000000] Base memory trampoline at [ffff880000097000] 97000 size 24576
[    0.000000] Using GB pages for direct mapping
[    0.000000] BRK [0x01fe9000, 0x01fe9fff] PGTABLE
[    0.000000] BRK [0x01fea000, 0x01feafff] PGTABLE
[    0.000000] BRK [0x01feb000, 0x01febfff] PGTABLE
[    0.000000] BRK [0x01fec000, 0x01fecfff] PGTABLE
[    0.000000] RAMDISK: [mem 0x34eca000-0x3675cfff]
[    0.000000] Early table checksum verification disabled
[    0.000000] ACPI: RSDP 00000000000fe320 00024 (v02 DELL  )
[    0.000000] ACPI: XSDT 000000007bab50e8 000BC (v01 DELL   PE_SC3   00000000      01000013)
[    0.000000] ACPI: FACP 000000007bab1000 000F4 (v04 DELL   PE_SC3   00000000 DELL 00000001)
[    0.000000] ACPI: DSDT 000000007ba99000 1052C (v02 DELL   PE_SC3   00000003 DELL 00000001)
[    0.000000] ACPI: FACS 000000007b91b000 00040
[    0.000000] ACPI: MCEJ 000000007bab4000 00130 (v01 INTEL           00000001 INTL 0100000D)
[    0.000000] ACPI: WD__ 000000007bab3000 00134 (v01 DELL   PE_SC3   00000001 DELL 00000001)
[    0.000000] ACPI: SLIC 000000007bab2000 00176 (v01 DELL   PE_SC3   00000001 DELL 00000001)
[    0.000000] ACPI: HPET 000000007bab0000 00038 (v01 DELL   PE_SC3   00000001 DELL 00000001)
[    0.000000] ACPI: APIC 000000007baaf000 00AFC (v02 DELL   PE_SC3   00000000 DELL 00000001)
[    0.000000] ACPI: MCFG 000000007baae000 0003C (v01 DELL   PE_SC3   00000001 DELL 00000001)
[    0.000000] ACPI: MSCT 000000007baad000 00090 (v01 DELL   PE_SC3   00000001 DELL 00000001)
[    0.000000] ACPI: SLIT 000000007baac000 0006C (v01 DELL   PE_SC3   00000001 DELL 00000001)
[    0.000000] ACPI: SRAT 000000007baaa000 01130 (v03 DELL   PE_SC3   00000001 DELL 00000001)
[    0.000000] ACPI: SSDT 000000007b956000 1424A9 (v02 DELL   PE_SC3   00004000 INTL 20121114)
[    0.000000] ACPI: SSDT 000000007b953000 02198 (v02 DELL   PE_SC3   00000002 INTL 20121114)
[    0.000000] ACPI: SSDT 000000007b952000 0006E (v02 DELL   PE_SC3   00000002 INTL 20121114)
[    0.000000] ACPI: PRAD 000000007b951000 00132 (v02   DELL PE_SC3   00000002 INTL 20121114)
[    0.000000] ACPI: DMAR 000000007b950000 00128 (v01 DELL   PE_SC3   00000001 DELL 00000001)
[    0.000000] ACPI: HEST 000000007b94f000 0017C (v01 DELL   PE_SC3   00000002 DELL 00000001)
[    0.000000] ACPI: BERT 000000007b94e000 00030 (v01 DELL   PE_SC3   00000002 DELL 00000001)
[    0.000000] ACPI: ERST 000000007b94d000 00230 (v01 DELL   PE_SC3   00000002 DELL 00000001)
[    0.000000] ACPI: EINJ 000000007b94c000 00150 (v01 DELL   PE_SC3   00000002 DELL 00000001)
[    0.000000] ACPI: Local APIC address 0xfee00000
[    0.000000] SRAT: PXM 0 -> APIC 0x00 -> Node 0
[    0.000000] SRAT: PXM 1 -> APIC 0x10 -> Node 1
[    0.000000] SRAT: PXM 0 -> APIC 0x02 -> Node 0
[    0.000000] SRAT: PXM 1 -> APIC 0x12 -> Node 1
[    0.000000] SRAT: PXM 0 -> APIC 0x04 -> Node 0
[    0.000000] SRAT: PXM 1 -> APIC 0x14 -> Node 1
[    0.000000] SRAT: PXM 0 -> APIC 0x06 -> Node 0
[    0.000000] SRAT: PXM 1 -> APIC 0x16 -> Node 1
[    0.000000] SRAT: PXM 0 -> APIC 0x08 -> Node 0
[    0.000000] SRAT: PXM 1 -> APIC 0x18 -> Node 1
[    0.000000] SRAT: PXM 0 -> APIC 0x0a -> Node 0
[    0.000000] SRAT: PXM 1 -> APIC 0x1a -> Node 1
[    0.000000] SRAT: Node 0 PXM 0 [mem 0x00000000-0x47fffffff]
[    0.000000] SRAT: Node 1 PXM 1 [mem 0x480000000-0x87fffffff]
[    0.000000] NUMA: Initialized distance table, cnt=2
[    0.000000] NODE_DATA(0) allocated [mem 0x47ffd9000-0x47fffffff]
[    0.000000] NODE_DATA(1) allocated [mem 0x87ffd6000-0x87fffcfff]
[    0.000000] Zone ranges:
[    0.000000]   DMA      [mem 0x00001000-0x00ffffff]
[    0.000000]   DMA32    [mem 0x01000000-0xffffffff]
[    0.000000]   Normal   [mem 0x100000000-0x87fffffff]
[    0.000000] Movable zone start for each node
[    0.000000] Early memory node ranges
[    0.000000]   node   0: [mem 0x00001000-0x0009cfff]
[    0.000000]   node   0: [mem 0x00100000-0x7a288fff]
[    0.000000]   node   0: [mem 0x7bab7000-0x7bafffff]
[    0.000000]   node   0: [mem 0x100000000-0x47fffffff]
[    0.000000]   node   1: [mem 0x480000000-0x87fffffff]
[    0.000000] Initmem setup node 0 [mem 0x00001000-0x47fffffff]
[    0.000000] On node 0 totalpages: 4170350
[    0.000000]   DMA zone: 64 pages used for memmap
[    0.000000]   DMA zone: 21 pages reserved
[    0.000000]   DMA zone: 3996 pages, LIFO batch:0
[    0.000000]   DMA32 zone: 7756 pages used for memmap
[    0.000000]   DMA32 zone: 496338 pages, LIFO batch:31
[    0.000000]   Normal zone: 57344 pages used for memmap
[    0.000000]   Normal zone: 3670016 pages, LIFO batch:31
[    0.000000] Initmem setup node 1 [mem 0x480000000-0x87fffffff]
[    0.000000] On node 1 totalpages: 4194304
[    0.000000]   Normal zone: 65536 pages used for memmap
[    0.000000]   Normal zone: 4194304 pages, LIFO batch:31
[    0.000000] ACPI: PM-Timer IO Port: 0x408
[    0.000000] ACPI: Local APIC address 0xfee00000
[    0.000000] ACPI: LAPIC (acpi_id[0x00] lapic_id[0x00] enabled)
[    0.000000] ACPI: LAPIC (acpi_id[0x30] lapic_id[0x10] enabled)
[    0.000000] ACPI: LAPIC (acpi_id[0x01] lapic_id[0x02] enabled)
[    0.000000] ACPI: LAPIC (acpi_id[0x31] lapic_id[0x12] enabled)
[    0.000000] ACPI: LAPIC (acpi_id[0x02] lapic_id[0x04] enabled)
[    0.000000] ACPI: LAPIC (acpi_id[0x32] lapic_id[0x14] enabled)
[    0.000000] ACPI: LAPIC (acpi_id[0x03] lapic_id[0x06] enabled)
[    0.000000] ACPI: LAPIC (acpi_id[0x33] lapic_id[0x16] enabled)
[    0.000000] ACPI: LAPIC (acpi_id[0x04] lapic_id[0x08] enabled)
[    0.000000] ACPI: LAPIC (acpi_id[0x34] lapic_id[0x18] enabled)
[    0.000000] ACPI: LAPIC (acpi_id[0x05] lapic_id[0x0a] enabled)
[    0.000000] ACPI: LAPIC (acpi_id[0x35] lapic_id[0x1a] enabled)
[    0.000000] ACPI: LAPIC (acpi_id[0xff] lapic_id[0xff] disabled)
[    0.000000] ACPI: LAPIC (acpi_id[0xff] lapic_id[0xff] disabled)
[    0.000000] ACPI: LAPIC (acpi_id[0xff] lapic_id[0xff] disabled)
[    0.000000] ACPI: LAPIC (acpi_id[0xff] lapic_id[0xff] disabled)
[    0.000000] ACPI: LAPIC (acpi_id[0xff] lapic_id[0xff] disabled)
[    0.000000] ACPI: LAPIC (acpi_id[0xff] lapic_id[0xff] disabled)
[    0.000000] ACPI: LAPIC (acpi_id[0xff] lapic_id[0xff] disabled)
[    0.000000] ACPI: LAPIC (acpi_id[0xff] lapic_id[0xff] disabled)
[    0.000000] ACPI: LAPIC (acpi_id[0xff] lapic_id[0xff] disabled)
[    0.000000] ACPI: LAPIC (acpi_id[0xff] lapic_id[0xff] disabled)
[    0.000000] ACPI: LAPIC (acpi_id[0xff] lapic_id[0xff] disabled)
[    0.000000] ACPI: LAPIC (acpi_id[0xff] lapic_id[0xff] disabled)
[    0.000000] ACPI: LAPIC (acpi_id[0xff] lapic_id[0xff] disabled)
[    0.000000] ACPI: LAPIC (acpi_id[0xff] lapic_id[0xff] disabled)
[    0.000000] ACPI: LAPIC (acpi_id[0xff] lapic_id[0xff] disabled)
[    0.000000] ACPI: LAPIC (acpi_id[0xff] lapic_id[0xff] disabled)
[    0.000000] ACPI: LAPIC (acpi_id[0xff] lapic_id[0xff] disabled)
[    0.000000] ACPI: LAPIC (acpi_id[0xff] lapic_id[0xff] disabled)
[    0.000000] ACPI: LAPIC (acpi_id[0xff] lapic_id[0xff] disabled)
[    0.000000] ACPI: LAPIC (acpi_id[0xff] lapic_id[0xff] disabled)
[    0.000000] ACPI: LAPIC (acpi_id[0xff] lapic_id[0xff] disabled)
[    0.000000] ACPI: LAPIC (acpi_id[0xff] lapic_id[0xff] disabled)
[    0.000000] ACPI: LAPIC (acpi_id[0xff] lapic_id[0xff] disabled)
[    0.000000] ACPI: LAPIC (acpi_id[0xff] lapic_id[0xff] disabled)
[    0.000000] ACPI: LAPIC (acpi_id[0xff] lapic_id[0xff] disabled)
[    0.000000] ACPI: LAPIC (acpi_id[0xff] lapic_id[0xff] disabled)
[    0.000000] ACPI: LAPIC (acpi_id[0xff] lapic_id[0xff] disabled)
[    0.000000] ACPI: LAPIC (acpi_id[0xff] lapic_id[0xff] disabled)
[    0.000000] ACPI: LAPIC (acpi_id[0xff] lapic_id[0xff] disabled)
[    0.000000] ACPI: LAPIC (acpi_id[0xff] lapic_id[0xff] disabled)
[    0.000000] ACPI: LAPIC (acpi_id[0xff] lapic_id[0xff] disabled)
[    0.000000] ACPI: LAPIC (acpi_id[0xff] lapic_id[0xff] disabled)
[    0.000000] ACPI: LAPIC (acpi_id[0xff] lapic_id[0xff] disabled)
[    0.000000] ACPI: LAPIC (acpi_id[0xff] lapic_id[0xff] disabled)
[    0.000000] ACPI: LAPIC (acpi_id[0xff] lapic_id[0xff] disabled)
[    0.000000] ACPI: LAPIC (acpi_id[0xff] lapic_id[0xff] disabled)
[    0.000000] ACPI: LAPIC (acpi_id[0xff] lapic_id[0xff] disabled)
[    0.000000] ACPI: LAPIC (acpi_id[0xff] lapic_id[0xff] disabled)
[    0.000000] ACPI: LAPIC (acpi_id[0xff] lapic_id[0xff] disabled)
[    0.000000] ACPI: LAPIC (acpi_id[0xff] lapic_id[0xff] disabled)
[    0.000000] ACPI: LAPIC (acpi_id[0xff] lapic_id[0xff] disabled)
[    0.000000] ACPI: LAPIC (acpi_id[0xff] lapic_id[0xff] disabled)
[    0.000000] ACPI: LAPIC (acpi_id[0xff] lapic_id[0xff] disabled)
[    0.000000] ACPI: LAPIC (acpi_id[0xff] lapic_id[0xff] disabled)
[    0.000000] ACPI: LAPIC (acpi_id[0xff] lapic_id[0xff] disabled)
[    0.000000] ACPI: LAPIC (acpi_id[0xff] lapic_id[0xff] disabled)
[    0.000000] ACPI: LAPIC (acpi_id[0xff] lapic_id[0xff] disabled)
[    0.000000] ACPI: LAPIC (acpi_id[0xff] lapic_id[0xff] disabled)
[    0.000000] ACPI: LAPIC (acpi_id[0xff] lapic_id[0xff] disabled)
[    0.000000] ACPI: LAPIC (acpi_id[0xff] lapic_id[0xff] disabled)
[    0.000000] ACPI: LAPIC (acpi_id[0xff] lapic_id[0xff] disabled)
[    0.000000] ACPI: LAPIC (acpi_id[0xff] lapic_id[0xff] disabled)
[    0.000000] ACPI: LAPIC (acpi_id[0xff] lapic_id[0xff] disabled)
[    0.000000] ACPI: LAPIC (acpi_id[0xff] lapic_id[0xff] disabled)
[    0.000000] ACPI: LAPIC (acpi_id[0xff] lapic_id[0xff] disabled)
[    0.000000] ACPI: LAPIC (acpi_id[0xff] lapic_id[0xff] disabled)
[    0.000000] ACPI: LAPIC (acpi_id[0xff] lapic_id[0xff] disabled)
[    0.000000] ACPI: LAPIC (acpi_id[0xff] lapic_id[0xff] disabled)
[    0.000000] ACPI: LAPIC (acpi_id[0xff] lapic_id[0xff] disabled)
[    0.000000] ACPI: LAPIC (acpi_id[0xff] lapic_id[0xff] disabled)
[    0.000000] ACPI: LAPIC (acpi_id[0xff] lapic_id[0xff] disabled)
[    0.000000] ACPI: LAPIC (acpi_id[0xff] lapic_id[0xff] disabled)
[    0.000000] ACPI: LAPIC (acpi_id[0xff] lapic_id[0xff] disabled)
[    0.000000] ACPI: LAPIC (acpi_id[0xff] lapic_id[0xff] disabled)
[    0.000000] ACPI: LAPIC (acpi_id[0xff] lapic_id[0xff] disabled)
[    0.000000] ACPI: LAPIC (acpi_id[0xff] lapic_id[0xff] disabled)
[    0.000000] ACPI: LAPIC (acpi_id[0xff] lapic_id[0xff] disabled)
[    0.000000] ACPI: LAPIC (acpi_id[0xff] lapic_id[0xff] disabled)
[    0.000000] ACPI: LAPIC (acpi_id[0xff] lapic_id[0xff] disabled)
[    0.000000] ACPI: LAPIC (acpi_id[0xff] lapic_id[0xff] disabled)
[    0.000000] ACPI: LAPIC (acpi_id[0xff] lapic_id[0xff] disabled)
[    0.000000] ACPI: LAPIC (acpi_id[0xff] lapic_id[0xff] disabled)
[    0.000000] ACPI: LAPIC (acpi_id[0xff] lapic_id[0xff] disabled)
[    0.000000] ACPI: LAPIC (acpi_id[0xff] lapic_id[0xff] disabled)
[    0.000000] ACPI: LAPIC (acpi_id[0xff] lapic_id[0xff] disabled)
[    0.000000] ACPI: LAPIC (acpi_id[0xff] lapic_id[0xff] disabled)
[    0.000000] ACPI: LAPIC (acpi_id[0xff] lapic_id[0xff] disabled)
[    0.000000] ACPI: LAPIC (acpi_id[0xff] lapic_id[0xff] disabled)
[    0.000000] ACPI: LAPIC (acpi_id[0xff] lapic_id[0xff] disabled)
[    0.000000] ACPI: LAPIC (acpi_id[0xff] lapic_id[0xff] disabled)
[    0.000000] ACPI: LAPIC (acpi_id[0xff] lapic_id[0xff] disabled)
[    0.000000] ACPI: LAPIC (acpi_id[0xff] lapic_id[0xff] disabled)
[    0.000000] ACPI: LAPIC (acpi_id[0xff] lapic_id[0xff] disabled)
[    0.000000] ACPI: LAPIC (acpi_id[0xff] lapic_id[0xff] disabled)
[    0.000000] ACPI: LAPIC (acpi_id[0xff] lapic_id[0xff] disabled)
[    0.000000] ACPI: LAPIC (acpi_id[0xff] lapic_id[0xff] disabled)
[    0.000000] ACPI: LAPIC (acpi_id[0xff] lapic_id[0xff] disabled)
[    0.000000] ACPI: LAPIC (acpi_id[0xff] lapic_id[0xff] disabled)
[    0.000000] ACPI: LAPIC (acpi_id[0xff] lapic_id[0xff] disabled)
[    0.000000] ACPI: LAPIC (acpi_id[0xff] lapic_id[0xff] disabled)
[    0.000000] ACPI: LAPIC (acpi_id[0xff] lapic_id[0xff] disabled)
[    0.000000] ACPI: LAPIC (acpi_id[0xff] lapic_id[0xff] disabled)
[    0.000000] ACPI: LAPIC (acpi_id[0xff] lapic_id[0xff] disabled)
[    0.000000] ACPI: LAPIC (acpi_id[0xff] lapic_id[0xff] disabled)
[    0.000000] ACPI: LAPIC (acpi_id[0xff] lapic_id[0xff] disabled)
[    0.000000] ACPI: LAPIC (acpi_id[0xff] lapic_id[0xff] disabled)
[    0.000000] ACPI: LAPIC (acpi_id[0xff] lapic_id[0xff] disabled)
[    0.000000] ACPI: LAPIC (acpi_id[0xff] lapic_id[0xff] disabled)
[    0.000000] ACPI: LAPIC (acpi_id[0xff] lapic_id[0xff] disabled)
[    0.000000] ACPI: LAPIC (acpi_id[0xff] lapic_id[0xff] disabled)
[    0.000000] ACPI: LAPIC (acpi_id[0xff] lapic_id[0xff] disabled)
[    0.000000] ACPI: LAPIC (acpi_id[0xff] lapic_id[0xff] disabled)
[    0.000000] ACPI: LAPIC (acpi_id[0xff] lapic_id[0xff] disabled)
[    0.000000] ACPI: LAPIC (acpi_id[0xff] lapic_id[0xff] disabled)
[    0.000000] ACPI: LAPIC (acpi_id[0xff] lapic_id[0xff] disabled)
[    0.000000] ACPI: LAPIC (acpi_id[0xff] lapic_id[0xff] disabled)
[    0.000000] ACPI: LAPIC (acpi_id[0xff] lapic_id[0xff] disabled)
[    0.000000] ACPI: LAPIC (acpi_id[0xff] lapic_id[0xff] disabled)
[    0.000000] ACPI: LAPIC (acpi_id[0xff] lapic_id[0xff] disabled)
[    0.000000] ACPI: LAPIC (acpi_id[0xff] lapic_id[0xff] disabled)
[    0.000000] ACPI: LAPIC (acpi_id[0xff] lapic_id[0xff] disabled)
[    0.000000] ACPI: LAPIC (acpi_id[0xff] lapic_id[0xff] disabled)
[    0.000000] ACPI: LAPIC (acpi_id[0xff] lapic_id[0xff] disabled)
[    0.000000] ACPI: LAPIC (acpi_id[0xff] lapic_id[0xff] disabled)
[    0.000000] ACPI: LAPIC (acpi_id[0xff] lapic_id[0xff] disabled)
[    0.000000] ACPI: LAPIC (acpi_id[0xff] lapic_id[0xff] disabled)
[    0.000000] ACPI: LAPIC (acpi_id[0xff] lapic_id[0xff] disabled)
[    0.000000] ACPI: LAPIC (acpi_id[0xff] lapic_id[0xff] disabled)
[    0.000000] ACPI: LAPIC (acpi_id[0xff] lapic_id[0xff] disabled)
[    0.000000] ACPI: LAPIC (acpi_id[0xff] lapic_id[0xff] disabled)
[    0.000000] ACPI: LAPIC (acpi_id[0xff] lapic_id[0xff] disabled)
[    0.000000] ACPI: LAPIC (acpi_id[0xff] lapic_id[0xff] disabled)
[    0.000000] ACPI: LAPIC (acpi_id[0xff] lapic_id[0xff] disabled)
[    0.000000] ACPI: LAPIC (acpi_id[0xff] lapic_id[0xff] disabled)
[    0.000000] ACPI: LAPIC (acpi_id[0xff] lapic_id[0xff] disabled)
[    0.000000] ACPI: LAPIC (acpi_id[0xff] lapic_id[0xff] disabled)
[    0.000000] ACPI: LAPIC (acpi_id[0xff] lapic_id[0xff] disabled)
[    0.000000] ACPI: LAPIC (acpi_id[0xff] lapic_id[0xff] disabled)
[    0.000000] ACPI: LAPIC (acpi_id[0xff] lapic_id[0xff] disabled)
[    0.000000] ACPI: LAPIC (acpi_id[0xff] lapic_id[0xff] disabled)
[    0.000000] ACPI: LAPIC (acpi_id[0xff] lapic_id[0xff] disabled)
[    0.000000] ACPI: LAPIC (acpi_id[0xff] lapic_id[0xff] disabled)
[    0.000000] ACPI: LAPIC (acpi_id[0xff] lapic_id[0xff] disabled)
[    0.000000] ACPI: LAPIC (acpi_id[0xff] lapic_id[0xff] disabled)
[    0.000000] ACPI: LAPIC (acpi_id[0xff] lapic_id[0xff] disabled)
[    0.000000] ACPI: LAPIC (acpi_id[0xff] lapic_id[0xff] disabled)
[    0.000000] ACPI: LAPIC (acpi_id[0xff] lapic_id[0xff] disabled)
[    0.000000] ACPI: LAPIC (acpi_id[0xff] lapic_id[0xff] disabled)
[    0.000000] ACPI: LAPIC (acpi_id[0xff] lapic_id[0xff] disabled)
[    0.000000] ACPI: LAPIC (acpi_id[0xff] lapic_id[0xff] disabled)
[    0.000000] ACPI: LAPIC (acpi_id[0xff] lapic_id[0xff] disabled)
[    0.000000] ACPI: LAPIC (acpi_id[0xff] lapic_id[0xff] disabled)
[    0.000000] ACPI: LAPIC (acpi_id[0xff] lapic_id[0xff] disabled)
[    0.000000] ACPI: LAPIC (acpi_id[0xff] lapic_id[0xff] disabled)
[    0.000000] ACPI: LAPIC (acpi_id[0xff] lapic_id[0xff] disabled)
[    0.000000] ACPI: LAPIC (acpi_id[0xff] lapic_id[0xff] disabled)
[    0.000000] ACPI: LAPIC (acpi_id[0xff] lapic_id[0xff] disabled)
[    0.000000] ACPI: LAPIC (acpi_id[0xff] lapic_id[0xff] disabled)
[    0.000000] ACPI: LAPIC (acpi_id[0xff] lapic_id[0xff] disabled)
[    0.000000] ACPI: LAPIC (acpi_id[0xff] lapic_id[0xff] disabled)
[    0.000000] ACPI: LAPIC (acpi_id[0xff] lapic_id[0xff] disabled)
[    0.000000] ACPI: LAPIC (acpi_id[0xff] lapic_id[0xff] disabled)
[    0.000000] ACPI: LAPIC (acpi_id[0xff] lapic_id[0xff] disabled)
[    0.000000] ACPI: LAPIC (acpi_id[0xff] lapic_id[0xff] disabled)
[    0.000000] ACPI: LAPIC (acpi_id[0xff] lapic_id[0xff] disabled)
[    0.000000] ACPI: LAPIC (acpi_id[0xff] lapic_id[0xff] disabled)
[    0.000000] ACPI: LAPIC (acpi_id[0xff] lapic_id[0xff] disabled)
[    0.000000] ACPI: LAPIC (acpi_id[0xff] lapic_id[0xff] disabled)
[    0.000000] ACPI: LAPIC (acpi_id[0xff] lapic_id[0xff] disabled)
[    0.000000] ACPI: LAPIC (acpi_id[0xff] lapic_id[0xff] disabled)
[    0.000000] ACPI: LAPIC (acpi_id[0xff] lapic_id[0xff] disabled)
[    0.000000] ACPI: LAPIC (acpi_id[0xff] lapic_id[0xff] disabled)
[    0.000000] ACPI: LAPIC (acpi_id[0xff] lapic_id[0xff] disabled)
[    0.000000] ACPI: LAPIC (acpi_id[0xff] lapic_id[0xff] disabled)
[    0.000000] ACPI: LAPIC (acpi_id[0xff] lapic_id[0xff] disabled)
[    0.000000] ACPI: LAPIC (acpi_id[0xff] lapic_id[0xff] disabled)
[    0.000000] ACPI: LAPIC (acpi_id[0xff] lapic_id[0xff] disabled)
[    0.000000] ACPI: LAPIC (acpi_id[0xff] lapic_id[0xff] disabled)
[    0.000000] ACPI: LAPIC (acpi_id[0xff] lapic_id[0xff] disabled)
[    0.000000] ACPI: LAPIC (acpi_id[0xff] lapic_id[0xff] disabled)
[    0.000000] ACPI: LAPIC (acpi_id[0xff] lapic_id[0xff] disabled)
[    0.000000] ACPI: LAPIC (acpi_id[0xff] lapic_id[0xff] disabled)
[    0.000000] ACPI: LAPIC (acpi_id[0xff] lapic_id[0xff] disabled)
[    0.000000] ACPI: LAPIC (acpi_id[0xff] lapic_id[0xff] disabled)
[    0.000000] ACPI: LAPIC (acpi_id[0xff] lapic_id[0xff] disabled)
[    0.000000] ACPI: LAPIC (acpi_id[0xff] lapic_id[0xff] disabled)
[    0.000000] ACPI: LAPIC (acpi_id[0xff] lapic_id[0xff] disabled)
[    0.000000] ACPI: LAPIC (acpi_id[0xff] lapic_id[0xff] disabled)
[    0.000000] ACPI: LAPIC (acpi_id[0xff] lapic_id[0xff] disabled)
[    0.000000] ACPI: LAPIC (acpi_id[0xff] lapic_id[0xff] disabled)
[    0.000000] ACPI: LAPIC_NMI (acpi_id[0x00] high level lint[0x1])
[    0.000000] ACPI: LAPIC_NMI (acpi_id[0x01] high level lint[0x1])
[    0.000000] ACPI: LAPIC_NMI (acpi_id[0x02] high level lint[0x1])
[    0.000000] ACPI: LAPIC_NMI (acpi_id[0x03] high level lint[0x1])
[    0.000000] ACPI: LAPIC_NMI (acpi_id[0x04] high level lint[0x1])
[    0.000000] ACPI: LAPIC_NMI (acpi_id[0x05] high level lint[0x1])
[    0.000000] ACPI: LAPIC_NMI (acpi_id[0x06] high level lint[0x1])
[    0.000000] ACPI: LAPIC_NMI (acpi_id[0x07] high level lint[0x1])
[    0.000000] ACPI: LAPIC_NMI (acpi_id[0x08] high level lint[0x1])
[    0.000000] ACPI: LAPIC_NMI (acpi_id[0x09] high level lint[0x1])
[    0.000000] ACPI: LAPIC_NMI (acpi_id[0x0a] high level lint[0x1])
[    0.000000] ACPI: LAPIC_NMI (acpi_id[0x0b] high level lint[0x1])
[    0.000000] ACPI: LAPIC_NMI (acpi_id[0x0c] high level lint[0x1])
[    0.000000] ACPI: LAPIC_NMI (acpi_id[0x0d] high level lint[0x1])
[    0.000000] ACPI: LAPIC_NMI (acpi_id[0x0e] high level lint[0x1])
[    0.000000] ACPI: LAPIC_NMI (acpi_id[0x0f] high level lint[0x1])
[    0.000000] ACPI: LAPIC_NMI (acpi_id[0x10] high level lint[0x1])
[    0.000000] ACPI: LAPIC_NMI (acpi_id[0x11] high level lint[0x1])
[    0.000000] ACPI: LAPIC_NMI (acpi_id[0x12] high level lint[0x1])
[    0.000000] ACPI: LAPIC_NMI (acpi_id[0x13] high level lint[0x1])
[    0.000000] ACPI: LAPIC_NMI (acpi_id[0x14] high level lint[0x1])
[    0.000000] ACPI: LAPIC_NMI (acpi_id[0x15] high level lint[0x1])
[    0.000000] ACPI: LAPIC_NMI (acpi_id[0x16] high level lint[0x1])
[    0.000000] ACPI: LAPIC_NMI (acpi_id[0x17] high level lint[0x1])
[    0.000000] ACPI: LAPIC_NMI (acpi_id[0x18] high level lint[0x1])
[    0.000000] ACPI: LAPIC_NMI (acpi_id[0x19] high level lint[0x1])
[    0.000000] ACPI: LAPIC_NMI (acpi_id[0x1a] high level lint[0x1])
[    0.000000] ACPI: LAPIC_NMI (acpi_id[0x1b] high level lint[0x1])
[    0.000000] ACPI: LAPIC_NMI (acpi_id[0x1c] high level lint[0x1])
[    0.000000] ACPI: LAPIC_NMI (acpi_id[0x1d] high level lint[0x1])
[    0.000000] ACPI: LAPIC_NMI (acpi_id[0x1e] high level lint[0x1])
[    0.000000] ACPI: LAPIC_NMI (acpi_id[0x1f] high level lint[0x1])
[    0.000000] ACPI: LAPIC_NMI (acpi_id[0x20] high level lint[0x1])
[    0.000000] ACPI: LAPIC_NMI (acpi_id[0x21] high level lint[0x1])
[    0.000000] ACPI: LAPIC_NMI (acpi_id[0x22] high level lint[0x1])
[    0.000000] ACPI: LAPIC_NMI (acpi_id[0x23] high level lint[0x1])
[    0.000000] ACPI: LAPIC_NMI (acpi_id[0x24] high level lint[0x1])
[    0.000000] ACPI: LAPIC_NMI (acpi_id[0x25] high level lint[0x1])
[    0.000000] ACPI: LAPIC_NMI (acpi_id[0x26] high level lint[0x1])
[    0.000000] ACPI: LAPIC_NMI (acpi_id[0x27] high level lint[0x1])
[    0.000000] ACPI: LAPIC_NMI (acpi_id[0x28] high level lint[0x1])
[    0.000000] ACPI: LAPIC_NMI (acpi_id[0x29] high level lint[0x1])
[    0.000000] ACPI: LAPIC_NMI (acpi_id[0x2a] high level lint[0x1])
[    0.000000] ACPI: LAPIC_NMI (acpi_id[0x2b] high level lint[0x1])
[    0.000000] ACPI: LAPIC_NMI (acpi_id[0x2c] high level lint[0x1])
[    0.000000] ACPI: LAPIC_NMI (acpi_id[0x2d] high level lint[0x1])
[    0.000000] ACPI: LAPIC_NMI (acpi_id[0x2e] high level lint[0x1])
[    0.000000] ACPI: LAPIC_NMI (acpi_id[0x2f] high level lint[0x1])
[    0.000000] ACPI: LAPIC_NMI (acpi_id[0x30] high level lint[0x1])
[    0.000000] ACPI: LAPIC_NMI (acpi_id[0x31] high level lint[0x1])
[    0.000000] ACPI: LAPIC_NMI (acpi_id[0x32] high level lint[0x1])
[    0.000000] ACPI: LAPIC_NMI (acpi_id[0x33] high level lint[0x1])
[    0.000000] ACPI: LAPIC_NMI (acpi_id[0x34] high level lint[0x1])
[    0.000000] ACPI: LAPIC_NMI (acpi_id[0x35] high level lint[0x1])
[    0.000000] ACPI: LAPIC_NMI (acpi_id[0x36] high level lint[0x1])
[    0.000000] ACPI: LAPIC_NMI (acpi_id[0x37] high level lint[0x1])
[    0.000000] ACPI: LAPIC_NMI (acpi_id[0x38] high level lint[0x1])
[    0.000000] ACPI: LAPIC_NMI (acpi_id[0x39] high level lint[0x1])
[    0.000000] ACPI: LAPIC_NMI (acpi_id[0x3a] high level lint[0x1])
[    0.000000] ACPI: LAPIC_NMI (acpi_id[0x3b] high level lint[0x1])
[    0.000000] ACPI: LAPIC_NMI (acpi_id[0x3c] high level lint[0x1])
[    0.000000] ACPI: LAPIC_NMI (acpi_id[0x3d] high level lint[0x1])
[    0.000000] ACPI: LAPIC_NMI (acpi_id[0x3e] high level lint[0x1])
[    0.000000] ACPI: LAPIC_NMI (acpi_id[0x3f] high level lint[0x1])
[    0.000000] ACPI: LAPIC_NMI (acpi_id[0x40] high level lint[0x1])
[    0.000000] ACPI: LAPIC_NMI (acpi_id[0x41] high level lint[0x1])
[    0.000000] ACPI: LAPIC_NMI (acpi_id[0x42] high level lint[0x1])
[    0.000000] ACPI: LAPIC_NMI (acpi_id[0x43] high level lint[0x1])
[    0.000000] ACPI: LAPIC_NMI (acpi_id[0x44] high level lint[0x1])
[    0.000000] ACPI: LAPIC_NMI (acpi_id[0x45] high level lint[0x1])
[    0.000000] ACPI: LAPIC_NMI (acpi_id[0x46] high level lint[0x1])
[    0.000000] ACPI: LAPIC_NMI (acpi_id[0x47] high level lint[0x1])
[    0.000000] ACPI: LAPIC_NMI (acpi_id[0x48] high level lint[0x1])
[    0.000000] ACPI: LAPIC_NMI (acpi_id[0x49] high level lint[0x1])
[    0.000000] ACPI: LAPIC_NMI (acpi_id[0x4a] high level lint[0x1])
[    0.000000] ACPI: LAPIC_NMI (acpi_id[0x4b] high level lint[0x1])
[    0.000000] ACPI: LAPIC_NMI (acpi_id[0x4c] high level lint[0x1])
[    0.000000] ACPI: LAPIC_NMI (acpi_id[0x4d] high level lint[0x1])
[    0.000000] ACPI: LAPIC_NMI (acpi_id[0x4e] high level lint[0x1])
[    0.000000] ACPI: LAPIC_NMI (acpi_id[0x4f] high level lint[0x1])
[    0.000000] ACPI: LAPIC_NMI (acpi_id[0x50] high level lint[0x1])
[    0.000000] ACPI: LAPIC_NMI (acpi_id[0x51] high level lint[0x1])
[    0.000000] ACPI: LAPIC_NMI (acpi_id[0x52] high level lint[0x1])
[    0.000000] ACPI: LAPIC_NMI (acpi_id[0x53] high level lint[0x1])
[    0.000000] ACPI: LAPIC_NMI (acpi_id[0x54] high level lint[0x1])
[    0.000000] ACPI: LAPIC_NMI (acpi_id[0x55] high level lint[0x1])
[    0.000000] ACPI: LAPIC_NMI (acpi_id[0x56] high level lint[0x1])
[    0.000000] ACPI: LAPIC_NMI (acpi_id[0x57] high level lint[0x1])
[    0.000000] ACPI: LAPIC_NMI (acpi_id[0x58] high level lint[0x1])
[    0.000000] ACPI: LAPIC_NMI (acpi_id[0x59] high level lint[0x1])
[    0.000000] ACPI: LAPIC_NMI (acpi_id[0x5a] high level lint[0x1])
[    0.000000] ACPI: LAPIC_NMI (acpi_id[0x5b] high level lint[0x1])
[    0.000000] ACPI: LAPIC_NMI (acpi_id[0x5c] high level lint[0x1])
[    0.000000] ACPI: LAPIC_NMI (acpi_id[0x5d] high level lint[0x1])
[    0.000000] ACPI: LAPIC_NMI (acpi_id[0x5e] high level lint[0x1])
[    0.000000] ACPI: LAPIC_NMI (acpi_id[0x5f] high level lint[0x1])
[    0.000000] ACPI: LAPIC_NMI (acpi_id[0x60] high level lint[0x1])
[    0.000000] ACPI: LAPIC_NMI (acpi_id[0x61] high level lint[0x1])
[    0.000000] ACPI: LAPIC_NMI (acpi_id[0x62] high level lint[0x1])
[    0.000000] ACPI: LAPIC_NMI (acpi_id[0x63] high level lint[0x1])
[    0.000000] ACPI: LAPIC_NMI (acpi_id[0x64] high level lint[0x1])
[    0.000000] ACPI: LAPIC_NMI (acpi_id[0x65] high level lint[0x1])
[    0.000000] ACPI: LAPIC_NMI (acpi_id[0x66] high level lint[0x1])
[    0.000000] ACPI: LAPIC_NMI (acpi_id[0x67] high level lint[0x1])
[    0.000000] ACPI: LAPIC_NMI (acpi_id[0x68] high level lint[0x1])
[    0.000000] ACPI: LAPIC_NMI (acpi_id[0x69] high level lint[0x1])
[    0.000000] ACPI: LAPIC_NMI (acpi_id[0x6a] high level lint[0x1])
[    0.000000] ACPI: LAPIC_NMI (acpi_id[0x6b] high level lint[0x1])
[    0.000000] ACPI: LAPIC_NMI (acpi_id[0x6c] high level lint[0x1])
[    0.000000] ACPI: LAPIC_NMI (acpi_id[0x6d] high level lint[0x1])
[    0.000000] ACPI: LAPIC_NMI (acpi_id[0x6e] high level lint[0x1])
[    0.000000] ACPI: LAPIC_NMI (acpi_id[0x6f] high level lint[0x1])
[    0.000000] ACPI: LAPIC_NMI (acpi_id[0x70] high level lint[0x1])
[    0.000000] ACPI: LAPIC_NMI (acpi_id[0x71] high level lint[0x1])
[    0.000000] ACPI: LAPIC_NMI (acpi_id[0x72] high level lint[0x1])
[    0.000000] ACPI: LAPIC_NMI (acpi_id[0x73] high level lint[0x1])
[    0.000000] ACPI: LAPIC_NMI (acpi_id[0x74] high level lint[0x1])
[    0.000000] ACPI: LAPIC_NMI (acpi_id[0x75] high level lint[0x1])
[    0.000000] ACPI: LAPIC_NMI (acpi_id[0x76] high level lint[0x1])
[    0.000000] ACPI: LAPIC_NMI (acpi_id[0x77] high level lint[0x1])
[    0.000000] ACPI: LAPIC_NMI (acpi_id[0x78] high level lint[0x1])
[    0.000000] ACPI: LAPIC_NMI (acpi_id[0x79] high level lint[0x1])
[    0.000000] ACPI: LAPIC_NMI (acpi_id[0x7a] high level lint[0x1])
[    0.000000] ACPI: LAPIC_NMI (acpi_id[0x7b] high level lint[0x1])
[    0.000000] ACPI: LAPIC_NMI (acpi_id[0x7c] high level lint[0x1])
[    0.000000] ACPI: LAPIC_NMI (acpi_id[0x7d] high level lint[0x1])
[    0.000000] ACPI: LAPIC_NMI (acpi_id[0x7e] high level lint[0x1])
[    0.000000] ACPI: LAPIC_NMI (acpi_id[0x7f] high level lint[0x1])
[    0.000000] ACPI: LAPIC_NMI (acpi_id[0x80] high level lint[0x1])
[    0.000000] ACPI: LAPIC_NMI (acpi_id[0x81] high level lint[0x1])
[    0.000000] ACPI: LAPIC_NMI (acpi_id[0x82] high level lint[0x1])
[    0.000000] ACPI: LAPIC_NMI (acpi_id[0x83] high level lint[0x1])
[    0.000000] ACPI: LAPIC_NMI (acpi_id[0x84] high level lint[0x1])
[    0.000000] ACPI: LAPIC_NMI (acpi_id[0x85] high level lint[0x1])
[    0.000000] ACPI: LAPIC_NMI (acpi_id[0x86] high level lint[0x1])
[    0.000000] ACPI: LAPIC_NMI (acpi_id[0x87] high level lint[0x1])
[    0.000000] ACPI: LAPIC_NMI (acpi_id[0x88] high level lint[0x1])
[    0.000000] ACPI: LAPIC_NMI (acpi_id[0x89] high level lint[0x1])
[    0.000000] ACPI: LAPIC_NMI (acpi_id[0x8a] high level lint[0x1])
[    0.000000] ACPI: LAPIC_NMI (acpi_id[0x8b] high level lint[0x1])
[    0.000000] ACPI: LAPIC_NMI (acpi_id[0x8c] high level lint[0x1])
[    0.000000] ACPI: LAPIC_NMI (acpi_id[0x8d] high level lint[0x1])
[    0.000000] ACPI: LAPIC_NMI (acpi_id[0x8e] high level lint[0x1])
[    0.000000] ACPI: LAPIC_NMI (acpi_id[0x8f] high level lint[0x1])
[    0.000000] ACPI: LAPIC_NMI (acpi_id[0x90] high level lint[0x1])
[    0.000000] ACPI: LAPIC_NMI (acpi_id[0x91] high level lint[0x1])
[    0.000000] ACPI: LAPIC_NMI (acpi_id[0x92] high level lint[0x1])
[    0.000000] ACPI: LAPIC_NMI (acpi_id[0x93] high level lint[0x1])
[    0.000000] ACPI: LAPIC_NMI (acpi_id[0x94] high level lint[0x1])
[    0.000000] ACPI: LAPIC_NMI (acpi_id[0x95] high level lint[0x1])
[    0.000000] ACPI: LAPIC_NMI (acpi_id[0x96] high level lint[0x1])
[    0.000000] ACPI: LAPIC_NMI (acpi_id[0x97] high level lint[0x1])
[    0.000000] ACPI: LAPIC_NMI (acpi_id[0x98] high level lint[0x1])
[    0.000000] ACPI: LAPIC_NMI (acpi_id[0x99] high level lint[0x1])
[    0.000000] ACPI: LAPIC_NMI (acpi_id[0x9a] high level lint[0x1])
[    0.000000] ACPI: LAPIC_NMI (acpi_id[0x9b] high level lint[0x1])
[    0.000000] ACPI: LAPIC_NMI (acpi_id[0x9c] high level lint[0x1])
[    0.000000] ACPI: LAPIC_NMI (acpi_id[0x9d] high level lint[0x1])
[    0.000000] ACPI: LAPIC_NMI (acpi_id[0x9e] high level lint[0x1])
[    0.000000] ACPI: LAPIC_NMI (acpi_id[0x9f] high level lint[0x1])
[    0.000000] ACPI: LAPIC_NMI (acpi_id[0xa0] high level lint[0x1])
[    0.000000] ACPI: LAPIC_NMI (acpi_id[0xa1] high level lint[0x1])
[    0.000000] ACPI: LAPIC_NMI (acpi_id[0xa2] high level lint[0x1])
[    0.000000] ACPI: LAPIC_NMI (acpi_id[0xa3] high level lint[0x1])
[    0.000000] ACPI: LAPIC_NMI (acpi_id[0xa4] high level lint[0x1])
[    0.000000] ACPI: LAPIC_NMI (acpi_id[0xa5] high level lint[0x1])
[    0.000000] ACPI: LAPIC_NMI (acpi_id[0xa6] high level lint[0x1])
[    0.000000] ACPI: LAPIC_NMI (acpi_id[0xa7] high level lint[0x1])
[    0.000000] ACPI: LAPIC_NMI (acpi_id[0xa8] high level lint[0x1])
[    0.000000] ACPI: LAPIC_NMI (acpi_id[0xa9] high level lint[0x1])
[    0.000000] ACPI: LAPIC_NMI (acpi_id[0xaa] high level lint[0x1])
[    0.000000] ACPI: LAPIC_NMI (acpi_id[0xab] high level lint[0x1])
[    0.000000] ACPI: LAPIC_NMI (acpi_id[0xac] high level lint[0x1])
[    0.000000] ACPI: LAPIC_NMI (acpi_id[0xad] high level lint[0x1])
[    0.000000] ACPI: LAPIC_NMI (acpi_id[0xae] high level lint[0x1])
[    0.000000] ACPI: LAPIC_NMI (acpi_id[0xaf] high level lint[0x1])
[    0.000000] ACPI: LAPIC_NMI (acpi_id[0xb0] high level lint[0x1])
[    0.000000] ACPI: LAPIC_NMI (acpi_id[0xb1] high level lint[0x1])
[    0.000000] ACPI: LAPIC_NMI (acpi_id[0xb2] high level lint[0x1])
[    0.000000] ACPI: LAPIC_NMI (acpi_id[0xb3] high level lint[0x1])
[    0.000000] ACPI: LAPIC_NMI (acpi_id[0xb4] high level lint[0x1])
[    0.000000] ACPI: LAPIC_NMI (acpi_id[0xb5] high level lint[0x1])
[    0.000000] ACPI: LAPIC_NMI (acpi_id[0xb6] high level lint[0x1])
[    0.000000] ACPI: LAPIC_NMI (acpi_id[0xb7] high level lint[0x1])
[    0.000000] ACPI: LAPIC_NMI (acpi_id[0xb8] high level lint[0x1])
[    0.000000] ACPI: LAPIC_NMI (acpi_id[0xb9] high level lint[0x1])
[    0.000000] ACPI: LAPIC_NMI (acpi_id[0xba] high level lint[0x1])
[    0.000000] ACPI: LAPIC_NMI (acpi_id[0xbb] high level lint[0x1])
[    0.000000] ACPI: LAPIC_NMI (acpi_id[0xbc] high level lint[0x1])
[    0.000000] ACPI: LAPIC_NMI (acpi_id[0xbd] high level lint[0x1])
[    0.000000] ACPI: LAPIC_NMI (acpi_id[0xbe] high level lint[0x1])
[    0.000000] ACPI: LAPIC_NMI (acpi_id[0xbf] high level lint[0x1])
[    0.000000] ACPI: IOAPIC (id[0x08] address[0xfec00000] gsi_base[0])
[    0.000000] IOAPIC[0]: apic_id 8, version 32, address 0xfec00000, GSI 0-23
[    0.000000] ACPI: IOAPIC (id[0x09] address[0xfec01000] gsi_base[24])
[    0.000000] IOAPIC[1]: apic_id 9, version 32, address 0xfec01000, GSI 24-47
[    0.000000] ACPI: IOAPIC (id[0x0a] address[0xfec40000] gsi_base[48])
[    0.000000] IOAPIC[2]: apic_id 10, version 32, address 0xfec40000, GSI 48-71
[    0.000000] ACPI: INT_SRC_OVR (bus 0 bus_irq 0 global_irq 2 dfl dfl)
[    0.000000] ACPI: INT_SRC_OVR (bus 0 bus_irq 9 global_irq 9 high level)
[    0.000000] ACPI: IRQ0 used by override.
[    0.000000] ACPI: IRQ9 used by override.
[    0.000000] Using ACPI (MADT) for SMP configuration information
[    0.000000] ACPI: HPET id: 0x8086a701 base: 0xfed00000
[    0.000000] smpboot: Allowing 192 CPUs, 180 hotplug CPUs
[    0.000000] PM: Registered nosave memory: [mem 0x0009d000-0x0009ffff]
[    0.000000] PM: Registered nosave memory: [mem 0x000a0000-0x000dffff]
[    0.000000] PM: Registered nosave memory: [mem 0x000e0000-0x000fffff]
[    0.000000] PM: Registered nosave memory: [mem 0x7a289000-0x7af0afff]
[    0.000000] PM: Registered nosave memory: [mem 0x7af0b000-0x7b93afff]
[    0.000000] PM: Registered nosave memory: [mem 0x7b93b000-0x7bab6fff]
[    0.000000] PM: Registered nosave memory: [mem 0x7bb00000-0x8fffffff]
[    0.000000] PM: Registered nosave memory: [mem 0x90000000-0xfeda7fff]
[    0.000000] PM: Registered nosave memory: [mem 0xfeda8000-0xfedabfff]
[    0.000000] PM: Registered nosave memory: [mem 0xfedac000-0xff30ffff]
[    0.000000] PM: Registered nosave memory: [mem 0xff310000-0xffffffff]
[    0.000000] e820: [mem 0x90000000-0xfeda7fff] available for PCI devices
[    0.000000] Booting paravirtualized kernel on bare hardware
[    0.000000] setup_percpu: NR_CPUS:5120 nr_cpumask_bits:192 nr_cpu_ids:192 nr_node_ids:2
[    0.000000] PERCPU: Embedded 33 pages/cpu @ffff88046e600000 s97048 r8192 d29928 u262144
[    0.000000] pcpu-alloc: s97048 r8192 d29928 u262144 alloc=1*2097152
[    0.000000] pcpu-alloc: [0] 000 002 004 006 008 010 012 014 
[    0.000000] pcpu-alloc: [0] 016 018 020 022 024 026 028 030 
[    0.000000] pcpu-alloc: [0] 032 034 036 038 040 042 044 046 
[    0.000000] pcpu-alloc: [0] 048 050 052 054 056 058 060 062 
[    0.000000] pcpu-alloc: [0] 064 066 068 070 072 074 076 078 
[    0.000000] pcpu-alloc: [0] 080 082 084 086 088 090 092 094 
[    0.000000] pcpu-alloc: [0] 096 098 100 102 104 106 108 110 
[    0.000000] pcpu-alloc: [0] 112 114 116 118 120 122 124 126 
[    0.000000] pcpu-alloc: [0] 128 130 132 134 136 138 140 142 
[    0.000000] pcpu-alloc: [0] 144 146 148 150 152 154 156 158 
[    0.000000] pcpu-alloc: [0] 160 162 164 166 168 170 172 174 
[    0.000000] pcpu-alloc: [0] 176 178 180 182 184 186 188 190 
[    0.000000] pcpu-alloc: [1] 001 003 005 007 009 011 013 015 
[    0.000000] pcpu-alloc: [1] 017 019 021 023 025 027 029 031 
[    0.000000] pcpu-alloc: [1] 033 035 037 039 041 043 045 047 
[    0.000000] pcpu-alloc: [1] 049 051 053 055 057 059 061 063 
[    0.000000] pcpu-alloc: [1] 065 067 069 071 073 075 077 079 
[    0.000000] pcpu-alloc: [1] 081 083 085 087 089 091 093 095 
[    0.000000] pcpu-alloc: [1] 097 099 101 103 105 107 109 111 
[    0.000000] pcpu-alloc: [1] 113 115 117 119 121 123 125 127 
[    0.000000] pcpu-alloc: [1] 129 131 133 135 137 139 141 143 
[    0.000000] pcpu-alloc: [1] 145 147 149 151 153 155 157 159 
[    0.000000] pcpu-alloc: [1] 161 163 165 167 169 171 173 175 
[    0.000000] pcpu-alloc: [1] 177 179 181 183 185 187 189 191 
[    0.000000] Built 2 zonelists in Zone order, mobility grouping on.  Total pages: 8233933
[    0.000000] Policy zone: Normal
[    0.000000] Kernel command line: BOOT_IMAGE=/vmlinuz-3.10.0-693.el7.x86_64 root=/dev/mapper/vg00-rootlv ro net.ifnames=0
[    0.000000] PID hash table entries: 4096 (order: 3, 32768 bytes)
[    0.000000] x86/fpu: xstate_offset[2]: 0240, xstate_sizes[2]: 0100
[    0.000000] xsave: enabled xstate_bv 0x7, cntxt size 0x340 using standard form
[    0.000000] Memory: 6088484k/35651584k available (6886k kernel code, 2192968k absent, 657964k reserved, 4545k data, 1764k init)
[    0.000000] SLUB: HWalign=64, Order=0-3, MinObjects=0, CPUs=192, Nodes=2
[    0.000000] Hierarchical RCU implementation.
[    0.000000] 	RCU restricting CPUs from NR_CPUS=5120 to nr_cpu_ids=192.
[    0.000000] NR_IRQS:327936 nr_irqs:2776 0
[    0.000000] Console: colour VGA+ 80x25
[    0.000000] console [tty0] enabled
[    0.000000] allocated 134217728 bytes of page_cgroup
[    0.000000] please try 'cgroup_disable=memory' option if you don't want memory cgroups
[    0.000000] Enabling automatic NUMA balancing. Configure with numa_balancing= or the kernel.numa_balancing sysctl
[    0.000000] hpet clockevent registered
[    0.000000] tsc: Fast TSC calibration using PIT
[    0.000000] tsc: Detected 1599.957 MHz processor
[    0.000107] Calibrating delay loop (skipped), value calculated using timer frequency.. 3199.91 BogoMIPS (lpj=1599957)
[    0.000741] pid_max: default: 196608 minimum: 1536
[    0.001725] Security Framework initialized
[    0.002043] SELinux:  Initializing.
[    0.002432] SELinux:  Starting in permissive mode
[    0.002434] Yama: becoming mindful.
[    0.006209] Dentry cache hash table entries: 4194304 (order: 13, 33554432 bytes)
[    0.018327] Inode-cache hash table entries: 2097152 (order: 12, 16777216 bytes)
[    0.023716] Mount-cache hash table entries: 65536 (order: 7, 524288 bytes)
[    0.024088] Mountpoint-cache hash table entries: 65536 (order: 7, 524288 bytes)
[    0.026696] Initializing cgroup subsys memory
[    0.027055] Initializing cgroup subsys devices
[    0.027363] Initializing cgroup subsys freezer
[    0.027681] Initializing cgroup subsys net_cls
[    0.027990] Initializing cgroup subsys blkio
[    0.028299] Initializing cgroup subsys perf_event
[    0.028644] Initializing cgroup subsys hugetlb
[    0.028961] Initializing cgroup subsys pids
[    0.029269] Initializing cgroup subsys net_prio
[    0.035143] CPU: Physical Processor ID: 0
[    0.035452] CPU: Processor Core ID: 0
[    0.035772] ENERGY_PERF_BIAS: Set to 'normal', was 'performance'
[    0.036087] ENERGY_PERF_BIAS: View and update with x86_energy_perf_policy(8)
[    0.037572] mce: CPU supports 22 MCE banks
[    0.037912] CPU0: Thermal monitoring enabled (TM1)
[    0.038287] Last level iTLB entries: 4KB 0, 2MB 0, 4MB 0
[    0.038598] Last level dTLB entries: 4KB 64, 2MB 0, 4MB 0
[    0.038916] tlb_flushall_shift: 6
[    0.039393] Freeing SMP alternatives: 24k freed
[    0.042055] ACPI: Core revision 20130517
[    0.174066] ACPI: All ACPI Tables successfully acquired
[    0.175863] ftrace: allocating 26584 entries in 104 pages
[    0.192410] smpboot: Max logical packages: 32
[    0.193182] DMAR: Host address width 46
[    0.193490] DMAR: DRHD base: 0x000000fbffc000 flags: 0x0
[    0.193817] DMAR: dmar0: reg_base_addr fbffc000 ver 1:0 cap d2078c106f0466 ecap f020df
[    0.194358] DMAR: DRHD base: 0x000000c7ffc000 flags: 0x1
[    0.194680] DMAR: dmar1: reg_base_addr c7ffc000 ver 1:0 cap d2078c106f0466 ecap f020df
[    0.195221] DMAR: RMRR base: 0x0000007ae07000 end: 0x0000007af06fff
[    0.195536] DMAR: ATSR flags: 0x0
[    0.195850] DMAR: ATSR flags: 0x0
[    0.196153] DMAR-IR: IOAPIC id 10 under DRHD base  0xfbffc000 IOMMU 0
[    0.196558] DMAR-IR: IOAPIC id 8 under DRHD base  0xc7ffc000 IOMMU 1
[    0.196874] DMAR-IR: IOAPIC id 9 under DRHD base  0xc7ffc000 IOMMU 1
[    0.197183] DMAR-IR: HPET id 0 under DRHD base 0xc7ffc000
[    0.197491] DMAR-IR: x2apic is disabled because BIOS sets x2apic opt out bit.
[    0.197583] DMAR-IR: Use 'intremap=no_x2apic_optout' to override the BIOS setting.
[    0.199172] DMAR-IR: Enabled IRQ remapping in xapic mode
[    0.199484] IRQ remapping doesn't support X2APIC mode, disable x2apic.
[    0.199807] Switched APIC routing to physical flat.
[    0.200948] ..TIMER: vector=0x30 apic1=0 pin1=2 apic2=-1 pin2=-1
[    0.211263] smpboot: CPU0: Intel(R) Xeon(R) CPU E5-2603 v3 @ 1.60GHz (fam: 06, model: 3f, stepping: 02)
[    0.212030] TSC deadline timer enabled
[    0.212069] Performance Events: PEBS fmt2+, 16-deep LBR, Haswell events, full-width counters, Intel PMU driver.
[    0.213009] ... version:                3
[    0.213318] ... bit width:              48
[    0.213627] ... generic registers:      8
[    0.213935] ... value mask:             0000ffffffffffff
[    0.214244] ... max period:             00007fffffffffff
[    0.214556] ... fixed-purpose events:   3
[    0.214864] ... event mask:             00000007000000ff
[    0.312399] NMI watchdog: enabled on all CPUs, permanently consumes one hw-PMU counter.
[    0.220774] smpboot: Booting Node   1, Processors  #1 OK
[    0.313497] smpboot: Booting Node   0, Processors  #2 OK
[    0.321431] smpboot: Booting Node   1, Processors  #3 OK
[    0.329305] smpboot: Booting Node   0, Processors  #4 OK
[    0.337029] smpboot: Booting Node   1, Processors  #5 OK
[    0.344695] smpboot: Booting Node   0, Processors  #6 OK
[    0.352308] smpboot: Booting Node   1, Processors  #7 OK
[    0.359979] smpboot: Booting Node   0, Processors  #8 OK
[    0.367583] smpboot: Booting Node   1, Processors  #9 OK
[    0.375359] smpboot: Booting Node   0, Processors  #10 OK
[    0.383077] smpboot: Booting Node   1, Processors  #11
[    0.390303] Brought up 12 CPUs
[    0.390914] smpboot: Total of 12 processors activated (38427.74 BogoMIPS)
[    0.507494] node 0 initialised, 3076907 pages in 88ms
[    0.522511] node 1 initialised, 3601133 pages in 103ms
[    0.523797] devtmpfs: initialized
[    0.529521] EVM: security.selinux
[    0.529828] EVM: security.ima
[    0.530135] EVM: security.capability
[    0.530620] PM: Registering ACPI NVS region [mem 0x7af0b000-0x7b93afff] (10682368 bytes)
[    0.532959] atomic64 test passed for x86-64 platform with CX8 and with SSE
[    0.533278] pinctrl core: initialized pinctrl subsystem
[    0.533803] RTC time:  8:47:51, date: 04/16/18
[    0.534511] NET: Registered protocol family 16
[    0.535088] ACPI FADT declares the system doesn't support PCIe ASPM, so disable it
[    0.535632] ACPI: bus type PCI registered
[    0.535946] acpiphp: ACPI Hot Plug PCI Controller Driver version: 0.5
[    0.536734] PCI: MMCONFIG for domain 0000 [bus 00-ff] at [mem 0x80000000-0x8fffffff] (base 0x80000000)
[    0.537286] PCI: MMCONFIG at [mem 0x80000000-0x8fffffff] reserved in E820
[    0.537617] PCI: Using configuration type 1 for base access
[    0.537937] PCI: Dell System detected, enabling pci=bfsort.
[    0.542945] core: PMU erratum BJ122, BV98, HSD29 workaround disabled, HT off
[    0.543477] NMI watchdog: enabled on all CPUs, permanently consumes one hw-PMU counter.
[    0.553891] ACPI: Added _OSI(Module Device)
[    0.554210] ACPI: Added _OSI(Processor Device)
[    0.554525] ACPI: Added _OSI(3.0 _SCP Extensions)
[    0.554839] ACPI: Added _OSI(Processor Aggregator Device)
[    0.567090] ACPI: EC: Look up EC in DSDT
[    0.773071] [Firmware Bug]: ACPI: BIOS _OSI(Linux) query ignored
[    0.777068] ACPI: Interpreter enabled
[    0.777396] ACPI: (supports S0 S5)
[    0.777712] ACPI: Using IOAPIC for interrupt routing
[    0.778108] HEST: Table parsing has been initialized.
[    0.778429] PCI: Using host bridge windows from ACPI; if necessary, use "pci=nocrs" and report a bug
[    0.805370] ACPI: PCI Root Bridge [UNC1] (domain 0000 [bus ff])
[    0.805697] acpi PNP0A03:02: _OSC: OS supports [ExtendedConfig ASPM ClockPM Segments MSI]
[    0.806366] acpi PNP0A03:02: PCIe AER handled by firmware
[    0.806877] acpi PNP0A03:02: _OSC: OS now controls [PCIeHotplug PME PCIeCapability]
[    0.807429] acpi PNP0A03:02: FADT indicates ASPM is unsupported, using BIOS configuration
[    0.808029] PCI host bridge to bus 0000:ff
[    0.808340] pci_bus 0000:ff: root bus resource [bus ff]
[    0.808763] pci 0000:ff:08.0: [8086:2f80] type 00 class 0x088000
[    0.808836] pci 0000:ff:08.2: [8086:2f32] type 00 class 0x110100
[    0.808893] pci 0000:ff:08.3: [8086:2f83] type 00 class 0x088000
[    0.808955] pci 0000:ff:09.0: [8086:2f90] type 00 class 0x088000
[    0.809010] pci 0000:ff:09.2: [8086:2f33] type 00 class 0x110100
[    0.809060] pci 0000:ff:09.3: [8086:2f93] type 00 class 0x088000
[    0.809119] pci 0000:ff:0b.0: [8086:2f81] type 00 class 0x088000
[    0.809168] pci 0000:ff:0b.1: [8086:2f36] type 00 class 0x110100
[    0.809220] pci 0000:ff:0b.2: [8086:2f37] type 00 class 0x110100
[    0.809272] pci 0000:ff:0c.0: [8086:2fe0] type 00 class 0x088000
[    0.809320] pci 0000:ff:0c.1: [8086:2fe1] type 00 class 0x088000
[    0.809369] pci 0000:ff:0c.2: [8086:2fe2] type 00 class 0x088000
[    0.809420] pci 0000:ff:0c.3: [8086:2fe3] type 00 class 0x088000
[    0.809470] pci 0000:ff:0c.4: [8086:2fe4] type 00 class 0x088000
[    0.809528] pci 0000:ff:0c.5: [8086:2fe5] type 00 class 0x088000
[    0.809581] pci 0000:ff:0f.0: [8086:2ff8] type 00 class 0x088000
[    0.809632] pci 0000:ff:0f.1: [8086:2ff9] type 00 class 0x088000
[    0.809684] pci 0000:ff:0f.4: [8086:2ffc] type 00 class 0x088000
[    0.809734] pci 0000:ff:0f.5: [8086:2ffd] type 00 class 0x088000
[    0.809785] pci 0000:ff:0f.6: [8086:2ffe] type 00 class 0x088000
[    0.809837] pci 0000:ff:10.0: [8086:2f1d] type 00 class 0x088000
[    0.809887] pci 0000:ff:10.1: [8086:2f34] type 00 class 0x110100
[    0.809939] pci 0000:ff:10.5: [8086:2f1e] type 00 class 0x088000
[    0.809984] pci 0000:ff:10.6: [8086:2f7d] type 00 class 0x110100
[    0.810035] pci 0000:ff:10.7: [8086:2f1f] type 00 class 0x088000
[    0.810084] pci 0000:ff:12.0: [8086:2fa0] type 00 class 0x088000
[    0.810136] pci 0000:ff:12.1: [8086:2f30] type 00 class 0x110100
[    0.810188] pci 0000:ff:12.2: [8086:2f70] type 00 class 0x088000
[    0.810246] pci 0000:ff:13.0: [8086:2fa8] type 00 class 0x088000
[    0.810301] pci 0000:ff:13.1: [8086:2f71] type 00 class 0x088000
[    0.810356] pci 0000:ff:13.2: [8086:2faa] type 00 class 0x088000
[    0.810410] pci 0000:ff:13.3: [8086:2fab] type 00 class 0x088000
[    0.810467] pci 0000:ff:13.4: [8086:2fac] type 00 class 0x088000
[    0.810523] pci 0000:ff:13.5: [8086:2fad] type 00 class 0x088000
[    0.810577] pci 0000:ff:13.6: [8086:2fae] type 00 class 0x088000
[    0.810630] pci 0000:ff:13.7: [8086:2faf] type 00 class 0x088000
[    0.810681] pci 0000:ff:14.0: [8086:2fb0] type 00 class 0x088000
[    0.810738] pci 0000:ff:14.1: [8086:2fb1] type 00 class 0x088000
[    0.810797] pci 0000:ff:14.2: [8086:2fb2] type 00 class 0x088000
[    0.810855] pci 0000:ff:14.3: [8086:2fb3] type 00 class 0x088000
[    0.810913] pci 0000:ff:14.4: [8086:2fbc] type 00 class 0x088000
[    0.810967] pci 0000:ff:14.5: [8086:2fbd] type 00 class 0x088000
[    0.811023] pci 0000:ff:14.6: [8086:2fbe] type 00 class 0x088000
[    0.811076] pci 0000:ff:14.7: [8086:2fbf] type 00 class 0x088000
[    0.811129] pci 0000:ff:15.0: [8086:2fb4] type 00 class 0x088000
[    0.811189] pci 0000:ff:15.1: [8086:2fb5] type 00 class 0x088000
[    0.811246] pci 0000:ff:15.2: [8086:2fb6] type 00 class 0x088000
[    0.811303] pci 0000:ff:15.3: [8086:2fb7] type 00 class 0x088000
[    0.811366] pci 0000:ff:16.0: [8086:2f68] type 00 class 0x088000
[    0.811427] pci 0000:ff:16.6: [8086:2f6e] type 00 class 0x088000
[    0.811480] pci 0000:ff:16.7: [8086:2f6f] type 00 class 0x088000
[    0.811533] pci 0000:ff:17.0: [8086:2fd0] type 00 class 0x088000
[    0.811591] pci 0000:ff:17.4: [8086:2fb8] type 00 class 0x088000
[    0.811644] pci 0000:ff:17.5: [8086:2fb9] type 00 class 0x088000
[    0.811698] pci 0000:ff:17.6: [8086:2fba] type 00 class 0x088000
[    0.811755] pci 0000:ff:17.7: [8086:2fbb] type 00 class 0x088000
[    0.811829] pci 0000:ff:1e.0: [8086:2f98] type 00 class 0x088000
[    0.811882] pci 0000:ff:1e.1: [8086:2f99] type 00 class 0x088000
[    0.811934] pci 0000:ff:1e.2: [8086:2f9a] type 00 class 0x088000
[    0.811983] pci 0000:ff:1e.3: [8086:2fc0] type 00 class 0x088000
[    0.812020] pci 0000:ff:1e.4: [8086:2f9c] type 00 class 0x088000
[    0.812077] pci 0000:ff:1f.0: [8086:2f88] type 00 class 0x088000
[    0.812131] pci 0000:ff:1f.2: [8086:2f8a] type 00 class 0x088000
[    0.812246] ACPI: PCI Root Bridge [UNC0] (domain 0000 [bus 7f])
[    0.812566] acpi PNP0A03:03: _OSC: OS supports [ExtendedConfig ASPM ClockPM Segments MSI]
[    0.813235] acpi PNP0A03:03: PCIe AER handled by firmware
[    0.813755] acpi PNP0A03:03: _OSC: OS now controls [PCIeHotplug PME PCIeCapability]
[    0.814306] acpi PNP0A03:03: FADT indicates ASPM is unsupported, using BIOS configuration
[    0.814904] PCI host bridge to bus 0000:7f
[    0.815219] pci_bus 0000:7f: root bus resource [bus 7f]
[    0.815545] pci 0000:7f:08.0: [8086:2f80] type 00 class 0x088000
[    0.815618] pci 0000:7f:08.2: [8086:2f32] type 00 class 0x110100
[    0.815678] pci 0000:7f:08.3: [8086:2f83] type 00 class 0x088000
[    0.815744] pci 0000:7f:09.0: [8086:2f90] type 00 class 0x088000
[    0.815804] pci 0000:7f:09.2: [8086:2f33] type 00 class 0x110100
[    0.815863] pci 0000:7f:09.3: [8086:2f93] type 00 class 0x088000
[    0.815934] pci 0000:7f:0b.0: [8086:2f81] type 00 class 0x088000
[    0.815991] pci 0000:7f:0b.1: [8086:2f36] type 00 class 0x110100
[    0.816047] pci 0000:7f:0b.2: [8086:2f37] type 00 class 0x110100
[    0.816109] pci 0000:7f:0c.0: [8086:2fe0] type 00 class 0x088000
[    0.816164] pci 0000:7f:0c.1: [8086:2fe1] type 00 class 0x088000
[    0.816220] pci 0000:7f:0c.2: [8086:2fe2] type 00 class 0x088000
[    0.816271] pci 0000:7f:0c.3: [8086:2fe3] type 00 class 0x088000
[    0.816324] pci 0000:7f:0c.4: [8086:2fe4] type 00 class 0x088000
[    0.816377] pci 0000:7f:0c.5: [8086:2fe5] type 00 class 0x088000
[    0.816433] pci 0000:7f:0f.0: [8086:2ff8] type 00 class 0x088000
[    0.816487] pci 0000:7f:0f.1: [8086:2ff9] type 00 class 0x088000
[    0.816546] pci 0000:7f:0f.4: [8086:2ffc] type 00 class 0x088000
[    0.816602] pci 0000:7f:0f.5: [8086:2ffd] type 00 class 0x088000
[    0.816658] pci 0000:7f:0f.6: [8086:2ffe] type 00 class 0x088000
[    0.816715] pci 0000:7f:10.0: [8086:2f1d] type 00 class 0x088000
[    0.816769] pci 0000:7f:10.1: [8086:2f34] type 00 class 0x110100
[    0.816825] pci 0000:7f:10.5: [8086:2f1e] type 00 class 0x088000
[    0.816879] pci 0000:7f:10.6: [8086:2f7d] type 00 class 0x110100
[    0.816934] pci 0000:7f:10.7: [8086:2f1f] type 00 class 0x088000
[    0.817000] pci 0000:7f:12.0: [8086:2fa0] type 00 class 0x088000
[    0.817060] pci 0000:7f:12.1: [8086:2f30] type 00 class 0x110100
[    0.817119] pci 0000:7f:12.2: [8086:2f70] type 00 class 0x088000
[    0.817183] pci 0000:7f:13.0: [8086:2fa8] type 00 class 0x088000
[    0.817247] pci 0000:7f:13.1: [8086:2f71] type 00 class 0x088000
[    0.817308] pci 0000:7f:13.2: [8086:2faa] type 00 class 0x088000
[    0.817367] pci 0000:7f:13.3: [8086:2fab] type 00 class 0x088000
[    0.817428] pci 0000:7f:13.4: [8086:2fac] type 00 class 0x088000
[    0.817506] pci 0000:7f:13.5: [8086:2fad] type 00 class 0x088000
[    0.817572] pci 0000:7f:13.6: [8086:2fae] type 00 class 0x088000
[    0.817634] pci 0000:7f:13.7: [8086:2faf] type 00 class 0x088000
[    0.817694] pci 0000:7f:14.0: [8086:2fb0] type 00 class 0x088000
[    0.817757] pci 0000:7f:14.1: [8086:2fb1] type 00 class 0x088000
[    0.817821] pci 0000:7f:14.2: [8086:2fb2] type 00 class 0x088000
[    0.817885] pci 0000:7f:14.3: [8086:2fb3] type 00 class 0x088000
[    0.817953] pci 0000:7f:14.4: [8086:2fbc] type 00 class 0x088000
[    0.818015] pci 0000:7f:14.5: [8086:2fbd] type 00 class 0x088000
[    0.818074] pci 0000:7f:14.6: [8086:2fbe] type 00 class 0x088000
[    0.818133] pci 0000:7f:14.7: [8086:2fbf] type 00 class 0x088000
[    0.818193] pci 0000:7f:15.0: [8086:2fb4] type 00 class 0x088000
[    0.818257] pci 0000:7f:15.1: [8086:2fb5] type 00 class 0x088000
[    0.818320] pci 0000:7f:15.2: [8086:2fb6] type 00 class 0x088000
[    0.818383] pci 0000:7f:15.3: [8086:2fb7] type 00 class 0x088000
[    0.818452] pci 0000:7f:16.0: [8086:2f68] type 00 class 0x088000
[    0.818516] pci 0000:7f:16.6: [8086:2f6e] type 00 class 0x088000
[    0.818577] pci 0000:7f:16.7: [8086:2f6f] type 00 class 0x088000
[    0.818636] pci 0000:7f:17.0: [8086:2fd0] type 00 class 0x088000
[    0.818700] pci 0000:7f:17.4: [8086:2fb8] type 00 class 0x088000
[    0.818759] pci 0000:7f:17.5: [8086:2fb9] type 00 class 0x088000
[    0.818818] pci 0000:7f:17.6: [8086:2fba] type 00 class 0x088000
[    0.818877] pci 0000:7f:17.7: [8086:2fbb] type 00 class 0x088000
[    0.818944] pci 0000:7f:1e.0: [8086:2f98] type 00 class 0x088000
[    0.819004] pci 0000:7f:1e.1: [8086:2f99] type 00 class 0x088000
[    0.819061] pci 0000:7f:1e.2: [8086:2f9a] type 00 class 0x088000
[    0.819118] pci 0000:7f:1e.3: [8086:2fc0] type 00 class 0x088000
[    0.819156] pci 0000:7f:1e.4: [8086:2f9c] type 00 class 0x088000
[    0.819218] pci 0000:7f:1f.0: [8086:2f88] type 00 class 0x088000
[    0.819276] pci 0000:7f:1f.2: [8086:2f8a] type 00 class 0x088000
[    0.820767] ACPI: PCI Root Bridge [PCI0] (domain 0000 [bus 00-7e])
[    0.821088] acpi PNP0A08:00: _OSC: OS supports [ExtendedConfig ASPM ClockPM Segments MSI]
[    0.821755] acpi PNP0A08:00: PCIe AER handled by firmware
[    0.822276] acpi PNP0A08:00: _OSC: OS now controls [PCIeHotplug PME PCIeCapability]
[    0.822915] acpi PNP0A08:00: FADT indicates ASPM is unsupported, using BIOS configuration
[    0.823670] PCI host bridge to bus 0000:00
[    0.823983] pci_bus 0000:00: root bus resource [bus 00-7e]
[    0.824299] pci_bus 0000:00: root bus resource [io  0x0000-0x03bb window]
[    0.824616] pci_bus 0000:00: root bus resource [io  0x03bc-0x03df window]
[    0.824936] pci_bus 0000:00: root bus resource [io  0x03e0-0x0cf7 window]
[    0.825258] pci_bus 0000:00: root bus resource [io  0x1000-0x7fff window]
[    0.825580] pci_bus 0000:00: root bus resource [mem 0x000a0000-0x000bffff window]
[    0.826128] pci_bus 0000:00: root bus resource [mem 0x90000000-0xc7ffbfff window]
[    0.826678] pci_bus 0000:00: root bus resource [mem 0x30000000000-0x33fffffffff window]
[    0.827238] pci 0000:00:00.0: [8086:2f00] type 00 class 0x060000
[    0.827414] pci 0000:00:01.0: [8086:2f02] type 01 class 0x060400
[    0.827519] pci 0000:00:01.0: PME# supported from D0 D3hot D3cold
[    0.831739] pci 0000:00:01.0: System wakeup disabled by ACPI
[    0.832113] pci 0000:00:02.0: [8086:2f04] type 01 class 0x060400
[    0.832247] pci 0000:00:02.0: PME# supported from D0 D3hot D3cold
[    0.832333] pci 0000:00:02.0: System wakeup disabled by ACPI
[    0.832687] pci 0000:00:03.0: [8086:2f08] type 01 class 0x060400
[    0.832793] pci 0000:00:03.0: PME# supported from D0 D3hot D3cold
[    0.832869] pci 0000:00:03.0: System wakeup disabled by ACPI
[    0.833224] pci 0000:00:03.2: [8086:2f0a] type 01 class 0x060400
[    0.833326] pci 0000:00:03.2: PME# supported from D0 D3hot D3cold
[    0.833407] pci 0000:00:03.2: System wakeup disabled by ACPI
[    0.833768] pci 0000:00:05.0: [8086:2f28] type 00 class 0x088000
[    0.833914] pci 0000:00:05.1: [8086:2f29] type 00 class 0x088000
[    0.834068] pci 0000:00:05.2: [8086:2f2a] type 00 class 0x088000
[    0.834204] pci 0000:00:05.4: [8086:2f2c] type 00 class 0x080020
[    0.834215] pci 0000:00:05.4: reg 0x10: [mem 0x96104000-0x96104fff]
[    0.834372] pci 0000:00:11.0: [8086:8d7c] type 00 class 0xff0000
[    0.834442] pci 0000:00:11.0: reg 0x30: [mem 0xffff0000-0xffffffff pref]
[    0.834591] pci 0000:00:11.4: [8086:8d62] type 00 class 0x010601
[    0.834610] pci 0000:00:11.4: reg 0x10: [io  0x2078-0x207f]
[    0.834620] pci 0000:00:11.4: reg 0x14: [io  0x208c-0x208f]
[    0.834630] pci 0000:00:11.4: reg 0x18: [io  0x2070-0x2077]
[    0.834640] pci 0000:00:11.4: reg 0x1c: [io  0x2088-0x208b]
[    0.834650] pci 0000:00:11.4: reg 0x20: [io  0x2040-0x205f]
[    0.834660] pci 0000:00:11.4: reg 0x24: [mem 0x96101000-0x961017ff]
[    0.834747] pci 0000:00:11.4: PME# supported from D3hot
[    0.834825] pci 0000:00:16.0: [8086:8d3a] type 00 class 0x078000
[    0.834846] pci 0000:00:16.0: reg 0x10: [mem 0x33ffff03000-0x33ffff0300f 64bit]
[    0.834952] pci 0000:00:16.0: PME# supported from D0 D3hot D3cold
[    0.835026] pci 0000:00:16.1: [8086:8d3b] type 00 class 0x078000
[    0.835047] pci 0000:00:16.1: reg 0x10: [mem 0x33ffff02000-0x33ffff0200f 64bit]
[    0.835153] pci 0000:00:16.1: PME# supported from D0 D3hot D3cold
[    0.835237] pci 0000:00:1a.0: [8086:8d2d] type 00 class 0x0c0320
[    0.835257] pci 0000:00:1a.0: reg 0x10: [mem 0x96103000-0x961033ff]
[    0.835386] pci 0000:00:1a.0: PME# supported from D0 D3hot D3cold
[    0.835461] pci 0000:00:1c.0: [8086:8d10] type 01 class 0x060400
[    0.835580] pci 0000:00:1c.0: PME# supported from D0 D3hot D3cold
[    0.835658] pci 0000:00:1c.7: [8086:8d1e] type 01 class 0x060400
[    0.835786] pci 0000:00:1c.7: PME# supported from D0 D3hot D3cold
[    0.835834] pci 0000:00:1c.7: System wakeup disabled by ACPI
[    0.836195] pci 0000:00:1d.0: [8086:8d26] type 00 class 0x0c0320
[    0.836215] pci 0000:00:1d.0: reg 0x10: [mem 0x96102000-0x961023ff]
[    0.836347] pci 0000:00:1d.0: PME# supported from D0 D3hot D3cold
[    0.836423] pci 0000:00:1f.0: [8086:8d44] type 00 class 0x060100
[    0.836642] pci 0000:00:1f.2: [8086:8d02] type 00 class 0x010601
[    0.836658] pci 0000:00:1f.2: reg 0x10: [io  0x2068-0x206f]
[    0.836667] pci 0000:00:1f.2: reg 0x14: [io  0x2084-0x2087]
[    0.836676] pci 0000:00:1f.2: reg 0x18: [io  0x2060-0x2067]
[    0.836684] pci 0000:00:1f.2: reg 0x1c: [io  0x2080-0x2083]
[    0.836693] pci 0000:00:1f.2: reg 0x20: [io  0x2020-0x203f]
[    0.836702] pci 0000:00:1f.2: reg 0x24: [mem 0x96100000-0x961007ff]
[    0.836781] pci 0000:00:1f.2: PME# supported from D3hot
[    0.836889] pci 0000:00:01.0: PCI bridge to [bus 02]
[    0.837366] pci 0000:00:02.0: PCI bridge to [bus 03]
[    0.837817] pci 0000:01:00.0: [14e4:168a] type 00 class 0x020000
[    0.837835] pci 0000:01:00.0: reg 0x10: [mem 0x95000000-0x957fffff 64bit pref]
[    0.837848] pci 0000:01:00.0: reg 0x18: [mem 0x95800000-0x95ffffff 64bit pref]
[    0.837860] pci 0000:01:00.0: reg 0x20: [mem 0x96030000-0x9603ffff 64bit pref]
[    0.837869] pci 0000:01:00.0: reg 0x30: [mem 0xfff80000-0xffffffff pref]
[    0.837980] pci 0000:01:00.0: PME# supported from D0 D3hot D3cold
[    0.838113] pci 0000:01:00.1: [14e4:168a] type 00 class 0x020000
[    0.838130] pci 0000:01:00.1: reg 0x10: [mem 0x94000000-0x947fffff 64bit pref]
[    0.838143] pci 0000:01:00.1: reg 0x18: [mem 0x94800000-0x94ffffff 64bit pref]
[    0.838155] pci 0000:01:00.1: reg 0x20: [mem 0x96020000-0x9602ffff 64bit pref]
[    0.838164] pci 0000:01:00.1: reg 0x30: [mem 0xfff80000-0xffffffff pref]
[    0.838269] pci 0000:01:00.1: PME# supported from D0 D3hot D3cold
[    0.838388] pci 0000:01:00.2: [14e4:168a] type 00 class 0x020000
[    0.838405] pci 0000:01:00.2: reg 0x10: [mem 0x93000000-0x937fffff 64bit pref]
[    0.838418] pci 0000:01:00.2: reg 0x18: [mem 0x93800000-0x93ffffff 64bit pref]
[    0.838430] pci 0000:01:00.2: reg 0x20: [mem 0x96010000-0x9601ffff 64bit pref]
[    0.838439] pci 0000:01:00.2: reg 0x30: [mem 0xfff80000-0xffffffff pref]
[    0.838543] pci 0000:01:00.2: PME# supported from D0 D3hot D3cold
[    0.838661] pci 0000:01:00.3: [14e4:168a] type 00 class 0x020000
[    0.838677] pci 0000:01:00.3: reg 0x10: [mem 0x92000000-0x927fffff 64bit pref]
[    0.838690] pci 0000:01:00.3: reg 0x18: [mem 0x92800000-0x92ffffff 64bit pref]
[    0.838702] pci 0000:01:00.3: reg 0x20: [mem 0x96000000-0x9600ffff 64bit pref]
[    0.838710] pci 0000:01:00.3: reg 0x30: [mem 0xfff80000-0xffffffff pref]
[    0.838820] pci 0000:01:00.3: PME# supported from D0 D3hot D3cold
[    0.840770] pci 0000:00:03.0: PCI bridge to [bus 01]
[    0.841096] pci 0000:00:03.0:   bridge window [mem 0x92000000-0x960fffff 64bit pref]
[    0.841144] pci 0000:00:03.2: PCI bridge to [bus 04]
[    0.841522] pci 0000:00:1c.0: PCI bridge to [bus 05]
[    0.842218] pci 0000:06:00.0: [1912:001d] type 01 class 0x060400
[    0.845555] pci 0000:06:00.0: PME# supported from D0 D3hot D3cold
[    0.849041] pci 0000:00:1c.7: PCI bridge to [bus 06-0a]
[    0.849376] pci 0000:00:1c.7:   bridge window [mem 0x91000000-0x919fffff]
[    0.849382] pci 0000:00:1c.7:   bridge window [mem 0x90000000-0x90ffffff 64bit pref]
[    0.850603] pci 0000:07:00.0: [1912:001d] type 01 class 0x060400
[    0.854469] pci 0000:07:00.0: PME# supported from D0 D3hot D3cold
[    0.856983] pci 0000:06:00.0: PCI bridge to [bus 07-0a]
[    0.857503] pci 0000:06:00.0:   bridge window [mem 0x91000000-0x919fffff]
[    0.857635] pci 0000:06:00.0:   bridge window [mem 0x90000000-0x90ffffff 64bit pref]
[    0.858951] pci 0000:08:00.0: [1912:001a] type 01 class 0x060400
[    0.863976] pci 0000:07:00.0: PCI bridge to [bus 08-09]
[    0.864529] pci 0000:07:00.0:   bridge window [mem 0x91000000-0x918fffff]
[    0.864685] pci 0000:07:00.0:   bridge window [mem 0x90000000-0x90ffffff 64bit pref]
[    0.865849] pci 0000:09:00.0: [102b:0534] type 00 class 0x030000
[    0.866331] pci 0000:09:00.0: reg 0x10: [mem 0x90000000-0x90ffffff pref]
[    0.866611] pci 0000:09:00.0: reg 0x14: [mem 0x91800000-0x91803fff]
[    0.866892] pci 0000:09:00.0: reg 0x18: [mem 0x91000000-0x917fffff]
[    0.871366] pci 0000:08:00.0: PCI bridge to [bus 09]
[    0.871927] pci 0000:08:00.0:   bridge window [mem 0x91000000-0x918fffff]
[    0.872084] pci 0000:08:00.0:   bridge window [mem 0x90000000-0x90ffffff 64bit pref]
[    0.872934] pci_bus 0000:00: on NUMA node 0
[    0.873138] ACPI: PCI Interrupt Link [LNKA] (IRQs 3 4 5 6 7 9 10 11 12 14 *15)
[    0.874744] ACPI: PCI Interrupt Link [LNKB] (IRQs 3 4 5 6 7 9 10 11 12 *14 15)
[    0.876345] ACPI: PCI Interrupt Link [LNKC] (IRQs 3 4 5 6 7 9 10 *11 12 14 15)
[    0.877944] ACPI: PCI Interrupt Link [LNKD] (IRQs 3 4 5 *6 7 9 10 11 12 14 15)
[    0.879537] ACPI: PCI Interrupt Link [LNKE] (IRQs 3 4 5 6 7 9 10 11 12 14 15) *0, disabled.
[    0.881352] ACPI: PCI Interrupt Link [LNKF] (IRQs 3 4 5 6 7 9 10 11 12 14 15) *0, disabled.
[    0.883104] ACPI: PCI Interrupt Link [LNKG] (IRQs 3 4 5 6 7 9 10 11 12 14 15) *0, disabled.
[    0.884864] ACPI: PCI Interrupt Link [LNKH] (IRQs 3 4 5 6 7 9 10 11 12 14 15) *0, disabled.
[    0.886897] ACPI: PCI Root Bridge [PCI1] (domain 0000 [bus 80-fe])
[    0.887220] acpi PNP0A08:01: _OSC: OS supports [ExtendedConfig ASPM ClockPM Segments MSI]
[    0.887883] acpi PNP0A08:01: PCIe AER handled by firmware
[    0.888395] acpi PNP0A08:01: _OSC: OS now controls [PCIeHotplug PME PCIeCapability]
[    0.888947] acpi PNP0A08:01: FADT indicates ASPM is unsupported, using BIOS configuration
[    0.889648] PCI host bridge to bus 0000:80
[    0.889966] pci_bus 0000:80: root bus resource [bus 80-fe]
[    0.890285] pci_bus 0000:80: root bus resource [io  0x8000-0xffff window]
[    0.890605] pci_bus 0000:80: root bus resource [mem 0xc8000000-0xfbffbfff window]
[    0.891156] pci_bus 0000:80: root bus resource [mem 0x34000000000-0x37fffffffff window]
[    0.897327] pci 0000:80:00.0: [8086:2f01] type 01 class 0x060400
[    0.897427] pci 0000:80:00.0: PME# supported from D0 D3hot D3cold
[    0.897511] pci 0000:80:01.0: [8086:2f02] type 01 class 0x060400
[    0.897616] pci 0000:80:01.0: PME# supported from D0 D3hot D3cold
[    0.897688] pci 0000:80:01.0: System wakeup disabled by ACPI
[    0.898041] pci 0000:80:02.0: [8086:2f04] type 01 class 0x060400
[    0.898137] pci 0000:80:02.0: PME# supported from D0 D3hot D3cold
[    0.898204] pci 0000:80:02.0: System wakeup disabled by ACPI
[    0.898561] pci 0000:80:03.0: [8086:2f08] type 01 class 0x060400
[    0.898656] pci 0000:80:03.0: PME# supported from D0 D3hot D3cold
[    0.898726] pci 0000:80:03.0: System wakeup disabled by ACPI
[    0.899079] pci 0000:80:03.2: [8086:2f0a] type 01 class 0x060400
[    0.899178] pci 0000:80:03.2: PME# supported from D0 D3hot D3cold
[    0.899247] pci 0000:80:03.2: System wakeup disabled by ACPI
[    0.899604] pci 0000:80:05.0: [8086:2f28] type 00 class 0x088000
[    0.899726] pci 0000:80:05.1: [8086:2f29] type 00 class 0x088000
[    0.899862] pci 0000:80:05.2: [8086:2f2a] type 00 class 0x088000
[    0.899980] pci 0000:80:05.4: [8086:2f2c] type 00 class 0x080020
[    0.899990] pci 0000:80:05.4: reg 0x10: [mem 0xcc100000-0xcc100fff]
[    0.900159] pci 0000:80:00.0: PCI bridge to [bus 81]
[    0.900516] pci 0000:80:01.0: PCI bridge to [bus 82]
[    0.900886] pci 0000:83:00.0: [10ee:6a90] type 00 class 0x070001
[    0.900898] pci 0000:83:00.0: reg 0x10: [mem 0xca000000-0xcbffffff]
[    0.900905] pci 0000:83:00.0: reg 0x14: [mem 0xcc040000-0xcc04ffff]
[    0.901064] pci 0000:83:00.1: [10ee:6a8f] type 00 class 0x070001
[    0.901074] pci 0000:83:00.1: reg 0x10: [mem 0xc8000000-0xc9ffffff]
[    0.901087] pci 0000:83:00.1: reg 0x18: [mem 0xcc020000-0xcc03ffff]
[    0.901100] pci 0000:83:00.1: reg 0x20: [mem 0xcc000000-0xcc01ffff]
[    0.903864] pci 0000:80:02.0: PCI bridge to [bus 83]
[    0.904180] pci 0000:80:02.0:   bridge window [mem 0xc8000000-0xcc0fffff]
[    0.904229] pci 0000:80:03.0: PCI bridge to [bus 84]
[    0.904580] pci 0000:80:03.2: PCI bridge to [bus 85]
[    0.904927] pci_bus 0000:80: on NUMA node 1
[    0.904994] ACPI: Enabled 2 GPEs in block 00 to 3F
[    0.905783] vgaarb: device added: PCI:0000:09:00.0,decodes=io+mem,owns=io+mem,locks=none
[    0.906341] vgaarb: loaded
[    0.906651] vgaarb: bridge control possible 0000:09:00.0
[    0.907153] SCSI subsystem initialized
[    0.907507] ACPI: bus type USB registered
[    0.907837] usbcore: registered new interface driver usbfs
[    0.908156] usbcore: registered new interface driver hub
[    0.908731] usbcore: registered new device driver usb
[    0.909470] PCI: Using ACPI for IRQ routing
[    0.916858] PCI: pci_cache_line_size set to 64 bytes
[    0.917373] e820: reserve RAM buffer [mem 0x0009d000-0x0009ffff]
[    0.917375] e820: reserve RAM buffer [mem 0x7a289000-0x7bffffff]
[    0.917377] e820: reserve RAM buffer [mem 0x7bb00000-0x7bffffff]
[    0.917723] NetLabel: Initializing
[    0.918040] NetLabel:  domain hash size = 128
[    0.918354] NetLabel:  protocols = UNLABELED CIPSOv4
[    0.918685] NetLabel:  unlabeled traffic allowed by default
[    0.919046] hpet0: at MMIO 0xfed00000, IRQs 2, 8, 0, 0, 0, 0, 0, 0
[    0.920062] hpet0: 8 comparators, 64-bit 14.318180 MHz counter
[    0.922420] amd_nb: Cannot enumerate AMD northbridges
[    0.922913] Switched to clocksource hpet
[    0.933108] pnp: PnP ACPI init
[    0.933437] ACPI: bus type PNP registered
[    0.934306] pnp 00:00: Plug and Play ACPI device, IDs PNP0b00 (active)
[    0.934427] system 00:01: [io  0x0500-0x053f] has been reserved
[    0.934747] system 00:01: [io  0x0400-0x047f] could not be reserved
[    0.935073] system 00:01: [io  0x0540-0x057f] has been reserved
[    0.935392] system 00:01: [io  0x0600-0x061f] has been reserved
[    0.935713] system 00:01: [io  0x0ca0-0x0ca5] has been reserved
[    0.936034] system 00:01: [io  0x0880-0x0883] has been reserved
[    0.936351] system 00:01: [io  0x0800-0x081f] has been reserved
[    0.936666] system 00:01: [mem 0xfeda8000-0xfedcbfff] could not be reserved
[    0.937035] system 00:01: [mem 0xff000000-0xffffffff] could not be reserved
[    0.937350] system 00:01: [mem 0xfee00000-0xfeefffff] has been reserved
[    0.937664] system 00:01: [mem 0xfed12000-0xfed1200f] has been reserved
[    0.937985] system 00:01: [mem 0xfed12010-0xfed1201f] has been reserved
[    0.938305] system 00:01: [mem 0xfed1b000-0xfed1bfff] has been reserved
[    0.938625] system 00:01: Plug and Play ACPI device, IDs PNP0c02 (active)
[    0.938862] pnp 00:02: Plug and Play ACPI device, IDs PNP0501 (active)
[    0.939095] pnp 00:03: Plug and Play ACPI device, IDs PNP0501 (active)
[    0.939182] system 00:04: [io  0x0ca8] has been reserved
[    0.939503] system 00:04: [io  0x0cac] has been reserved
[    0.939821] system 00:04: Plug and Play ACPI device, IDs IPI0001 PNP0c01 (active)
[    0.939945] pnp: PnP ACPI: found 5 devices
[    0.940258] ACPI: bus type PNP unregistered
[    0.947149] pci 0000:01:00.0: can't claim BAR 6 [mem 0xfff80000-0xffffffff pref]: no compatible bridge window
[    0.947707] pci 0000:01:00.1: can't claim BAR 6 [mem 0xfff80000-0xffffffff pref]: no compatible bridge window
[    0.948268] pci 0000:01:00.2: can't claim BAR 6 [mem 0xfff80000-0xffffffff pref]: no compatible bridge window
[    0.948826] pci 0000:01:00.3: can't claim BAR 6 [mem 0xfff80000-0xffffffff pref]: no compatible bridge window
[    0.949385] pci 0000:00:11.0: can't claim BAR 6 [mem 0xffff0000-0xffffffff pref]: no compatible bridge window
[    0.950753] pci 0000:00:03.0: BAR 14: assigned [mem 0x91a00000-0x91bfffff]
[    0.951172] pci 0000:00:11.0: BAR 6: assigned [mem 0x91c00000-0x91c0ffff pref]
[    0.951710] pci 0000:00:01.0: PCI bridge to [bus 02]
[    0.952044] pci 0000:00:02.0: PCI bridge to [bus 03]
[    0.952369] pci 0000:01:00.0: BAR 6: assigned [mem 0x91a00000-0x91a7ffff pref]
[    0.952927] pci 0000:01:00.1: BAR 6: assigned [mem 0x91a80000-0x91afffff pref]
[    0.953474] pci 0000:01:00.2: BAR 6: assigned [mem 0x91b00000-0x91b7ffff pref]
[    0.954028] pci 0000:01:00.3: BAR 6: assigned [mem 0x91b80000-0x91bfffff pref]
[    0.954578] pci 0000:00:03.0: PCI bridge to [bus 01]
[    0.954902] pci 0000:00:03.0:   bridge window [mem 0x91a00000-0x91bfffff]
[    0.955222] pci 0000:00:03.0:   bridge window [mem 0x92000000-0x960fffff 64bit pref]
[    0.955778] pci 0000:00:03.2: PCI bridge to [bus 04]
[    0.956107] pci 0000:00:1c.0: PCI bridge to [bus 05]
[    0.956434] pci 0000:08:00.0: PCI bridge to [bus 09]
[    0.956901] pci 0000:08:00.0:   bridge window [mem 0x91000000-0x918fffff]
[    0.957319] pci 0000:08:00.0:   bridge window [mem 0x90000000-0x90ffffff 64bit pref]
[    0.958072] pci 0000:07:00.0: PCI bridge to [bus 08-09]
[    0.958543] pci 0000:07:00.0:   bridge window [mem 0x91000000-0x918fffff]
[    0.958961] pci 0000:07:00.0:   bridge window [mem 0x90000000-0x90ffffff 64bit pref]
[    0.959713] pci 0000:06:00.0: PCI bridge to [bus 07-0a]
[    0.960170] pci 0000:06:00.0:   bridge window [mem 0x91000000-0x919fffff]
[    0.960576] pci 0000:06:00.0:   bridge window [mem 0x90000000-0x90ffffff 64bit pref]
[    0.961352] pci 0000:00:1c.7: PCI bridge to [bus 06-0a]
[    0.961677] pci 0000:00:1c.7:   bridge window [mem 0x91000000-0x919fffff]
[    0.962005] pci 0000:00:1c.7:   bridge window [mem 0x90000000-0x90ffffff 64bit pref]
[    0.962559] pci_bus 0000:00: resource 4 [io  0x0000-0x03bb window]
[    0.962562] pci_bus 0000:00: resource 5 [io  0x03bc-0x03df window]
[    0.962564] pci_bus 0000:00: resource 6 [io  0x03e0-0x0cf7 window]
[    0.962566] pci_bus 0000:00: resource 7 [io  0x1000-0x7fff window]
[    0.962568] pci_bus 0000:00: resource 8 [mem 0x000a0000-0x000bffff window]
[    0.962570] pci_bus 0000:00: resource 9 [mem 0x90000000-0xc7ffbfff window]
[    0.962572] pci_bus 0000:00: resource 10 [mem 0x30000000000-0x33fffffffff window]
[    0.962574] pci_bus 0000:01: resource 1 [mem 0x91a00000-0x91bfffff]
[    0.962576] pci_bus 0000:01: resource 2 [mem 0x92000000-0x960fffff 64bit pref]
[    0.962579] pci_bus 0000:06: resource 1 [mem 0x91000000-0x919fffff]
[    0.962581] pci_bus 0000:06: resource 2 [mem 0x90000000-0x90ffffff 64bit pref]
[    0.962583] pci_bus 0000:07: resource 1 [mem 0x91000000-0x919fffff]
[    0.962585] pci_bus 0000:07: resource 2 [mem 0x90000000-0x90ffffff 64bit pref]
[    0.962586] pci_bus 0000:08: resource 1 [mem 0x91000000-0x918fffff]
[    0.962588] pci_bus 0000:08: resource 2 [mem 0x90000000-0x90ffffff 64bit pref]
[    0.962590] pci_bus 0000:09: resource 1 [mem 0x91000000-0x918fffff]
[    0.962592] pci_bus 0000:09: resource 2 [mem 0x90000000-0x90ffffff 64bit pref]
[    0.962616] pci 0000:80:00.0: PCI bridge to [bus 81]
[    0.962945] pci 0000:80:01.0: PCI bridge to [bus 82]
[    0.963264] pci 0000:80:02.0: PCI bridge to [bus 83]
[    0.963582] pci 0000:80:02.0:   bridge window [mem 0xc8000000-0xcc0fffff]
[    0.963909] pci 0000:80:03.0: PCI bridge to [bus 84]
[    0.964230] pci 0000:80:03.2: PCI bridge to [bus 85]
[    0.964553] pci_bus 0000:80: resource 4 [io  0x8000-0xffff window]
[    0.964555] pci_bus 0000:80: resource 5 [mem 0xc8000000-0xfbffbfff window]
[    0.964557] pci_bus 0000:80: resource 6 [mem 0x34000000000-0x37fffffffff window]
[    0.964559] pci_bus 0000:83: resource 1 [mem 0xc8000000-0xcc0fffff]
[    0.964818] NET: Registered protocol family 2
[    0.966672] TCP established hash table entries: 262144 (order: 9, 2097152 bytes)
[    0.967863] TCP bind hash table entries: 65536 (order: 8, 1048576 bytes)
[    0.968440] TCP: Hash tables configured (established 262144 bind 65536)
[    0.968811] TCP: reno registered
[    0.969217] UDP hash table entries: 16384 (order: 7, 524288 bytes)
[    0.969718] UDP-Lite hash table entries: 16384 (order: 7, 524288 bytes)
[    0.971029] NET: Registered protocol family 1
[    0.987586] pci 0000:09:00.0: Boot video device
[    0.987913] PCI: CLS 32 bytes, default 64
[    0.987966] Unpacking initramfs...
[    1.494708] Freeing initrd memory: 25164k freed
[    1.505249] PCI-DMA: Using software bounce buffering for IO (SWIOTLB)
[    1.505575] software IO TLB [mem 0x76289000-0x7a289000] (64MB) mapped at [ffff880076289000-ffff88007a288fff]
[    1.506219] Intel CQM monitoring enabled
[    1.506845] RAPL PMU: API unit is 2^-32 Joules, 4 fixed counters, 655360 ms ovfl timer
[    1.507391] RAPL PMU: hw unit of domain pp0-core 2^-14 Joules
[    1.507710] RAPL PMU: hw unit of domain package 2^-14 Joules
[    1.508033] RAPL PMU: hw unit of domain dram 2^-14 Joules
[    1.508351] RAPL PMU: hw unit of domain pp1-gpu 2^-14 Joules
[    1.516653] sha1_ssse3: Using AVX optimized SHA-1 implementation
[    1.517072] sha256_ssse3: Using AVX2 optimized SHA-256 implementation
[    1.520028] futex hash table entries: 65536 (order: 10, 4194304 bytes)
[    1.521546] Initialise system trusted keyring
[    1.521966] audit: initializing netlink socket (disabled)
[    1.522300] type=2000 audit(1523868471.444:1): initialized
[    1.557720] HugeTLB registered 1 GB page size, pre-allocated 0 pages
[    1.558052] HugeTLB registered 2 MB page size, pre-allocated 0 pages
[    1.559788] zpool: loaded
[    1.560108] zbud: loaded
[    1.561082] VFS: Disk quotas dquot_6.5.2
[    1.561767] Dquot-cache hash table entries: 512 (order 0, 4096 bytes)
[    1.563142] msgmni has been set to 32768
[    1.563733] Key type big_key registered
[    1.564055] SELinux:  Registering netfilter hooks
[    1.565416] NET: Registered protocol family 38
[    1.565736] Key type asymmetric registered
[    1.566058] Asymmetric key parser 'x509' registered
[    1.566478] Block layer SCSI generic (bsg) driver version 0.4 loaded (major 250)
[    1.567209] io scheduler noop registered
[    1.567527] io scheduler deadline registered (default)
[    1.568041] io scheduler cfq registered
[    1.569080] pcieport 0000:00:01.0: irq 25 for MSI/MSI-X
[    1.569350] pcieport 0000:00:02.0: irq 26 for MSI/MSI-X
[    1.569597] pcieport 0000:00:03.0: irq 27 for MSI/MSI-X
[    1.569833] pcieport 0000:00:03.2: irq 28 for MSI/MSI-X
[    1.570157] pcieport 0000:00:1c.0: irq 29 for MSI/MSI-X
[    1.570480] pcieport 0000:00:1c.7: irq 30 for MSI/MSI-X
[    1.573345] pcieport 0000:80:00.0: irq 32 for MSI/MSI-X
[    1.573550] pcieport 0000:80:01.0: irq 33 for MSI/MSI-X
[    1.573741] pcieport 0000:80:02.0: irq 34 for MSI/MSI-X
[    1.573935] pcieport 0000:80:03.0: irq 35 for MSI/MSI-X
[    1.574123] pcieport 0000:80:03.2: irq 36 for MSI/MSI-X
[    1.574216] pcieport 0000:00:01.0: Signaling PME through PCIe PME interrupt
[    1.574543] pcie_pme 0000:00:01.0:pcie01: service driver pcie_pme loaded
[    1.574569] pcieport 0000:00:02.0: Signaling PME through PCIe PME interrupt
[    1.574893] pcie_pme 0000:00:02.0:pcie01: service driver pcie_pme loaded
[    1.574919] pcieport 0000:00:03.0: Signaling PME through PCIe PME interrupt
[    1.575243] pci 0000:01:00.0: Signaling PME through PCIe PME interrupt
[    1.575566] pci 0000:01:00.1: Signaling PME through PCIe PME interrupt
[    1.575888] pci 0000:01:00.2: Signaling PME through PCIe PME interrupt
[    1.576214] pci 0000:01:00.3: Signaling PME through PCIe PME interrupt
[    1.576536] pcie_pme 0000:00:03.0:pcie01: service driver pcie_pme loaded
[    1.576550] pcieport 0000:00:03.2: Signaling PME through PCIe PME interrupt
[    1.576874] pcie_pme 0000:00:03.2:pcie01: service driver pcie_pme loaded
[    1.576893] pcieport 0000:00:1c.0: Signaling PME through PCIe PME interrupt
[    1.577219] pcie_pme 0000:00:1c.0:pcie01: service driver pcie_pme loaded
[    1.577239] pcieport 0000:00:1c.7: Signaling PME through PCIe PME interrupt
[    1.577652] pcieport 0000:06:00.0: Signaling PME through PCIe PME interrupt
[    1.577974] pcieport 0000:07:00.0: Signaling PME through PCIe PME interrupt
[    1.578289] pci 0000:08:00.0: Signaling PME through PCIe PME interrupt
[    1.578607] pci 0000:09:00.0: Signaling PME through PCIe PME interrupt
[    1.578939] pcie_pme 0000:00:1c.7:pcie01: service driver pcie_pme loaded
[    1.578955] pcieport 0000:80:00.0: Signaling PME through PCIe PME interrupt
[    1.579277] pcie_pme 0000:80:00.0:pcie01: service driver pcie_pme loaded
[    1.579303] pcieport 0000:80:01.0: Signaling PME through PCIe PME interrupt
[    1.579627] pcie_pme 0000:80:01.0:pcie01: service driver pcie_pme loaded
[    1.579646] pcieport 0000:80:02.0: Signaling PME through PCIe PME interrupt
[    1.579970] pci 0000:83:00.0: Signaling PME through PCIe PME interrupt
[    1.580290] pci 0000:83:00.1: Signaling PME through PCIe PME interrupt
[    1.580612] pcie_pme 0000:80:02.0:pcie01: service driver pcie_pme loaded
[    1.580626] pcieport 0000:80:03.0: Signaling PME through PCIe PME interrupt
[    1.580955] pcie_pme 0000:80:03.0:pcie01: service driver pcie_pme loaded
[    1.580973] pcieport 0000:80:03.2: Signaling PME through PCIe PME interrupt
[    1.581291] pcie_pme 0000:80:03.2:pcie01: service driver pcie_pme loaded
[    1.581364] pci_hotplug: PCI Hot Plug PCI Core version: 0.5
[    1.581689] pciehp: PCI Express Hot Plug Controller Driver version: 0.4
[    1.582118] intel_idle: MWAIT substates: 0x2120
[    1.582120] intel_idle: v0.4.1 model 0x3F
[    1.582302] intel_idle: lapic_timer_reliable_states 0xffffffff
[    1.582471] input: Power Button as /devices/LNXSYSTM:00/LNXPWRBN:00/input/input0
[    1.583028] ACPI: Power Button [PWRF]
[    1.583894] ERST: Error Record Serialization Table (ERST) support is initialized.
[    1.584457] pstore: Registered erst as persistent store backend
[    1.585072] GHES: APEI firmware first mode is enabled by APEI bit and WHEA _OSC.
[    1.585706] Serial: 8250/16550 driver, 4 ports, IRQ sharing enabled
[    1.606663] 00:02: ttyS1 at I/O 0x2f8 (irq = 3) is a 16550A
[    1.627637] 00:03: ttyS0 at I/O 0x3f8 (irq = 4) is a 16550A
[    1.628699] Non-volatile memory driver v1.3
[    1.629054] Linux agpgart interface v0.103
[    1.629641] crash memory driver: version 1.1
[    1.630088] rdac: device handler registered
[    1.636069] hp_sw: device handler registered
[    1.636387] emc: device handler registered
[    1.636702] alua: device handler registered
[    1.637070] libphy: Fixed MDIO Bus: probed
[    1.637438] ehci_hcd: USB 2.0 'Enhanced' Host Controller (EHCI) Driver
[    1.637764] ehci-pci: EHCI PCI platform driver
[    1.638369] ehci-pci 0000:00:1a.0: EHCI Host Controller
[    1.638758] ehci-pci 0000:00:1a.0: new USB bus registered, assigned bus number 1
[    1.639325] ehci-pci 0000:00:1a.0: debug port 2
[    1.643549] ehci-pci 0000:00:1a.0: cache line size of 32 is not supported
[    1.643566] ehci-pci 0000:00:1a.0: irq 18, io mem 0x96103000
[    1.648914] ehci-pci 0000:00:1a.0: USB 2.0 started, EHCI 1.00
[    1.649280] usb usb1: New USB device found, idVendor=1d6b, idProduct=0002
[    1.649591] usb usb1: New USB device strings: Mfr=3, Product=2, SerialNumber=1
[    1.650137] usb usb1: Product: EHCI Host Controller
[    1.650449] usb usb1: Manufacturer: Linux 3.10.0-693.el7.x86_64 ehci_hcd
[    1.650766] usb usb1: SerialNumber: 0000:00:1a.0
[    1.651214] hub 1-0:1.0: USB hub found
[    1.651530] hub 1-0:1.0: 2 ports detected
[    1.652147] ehci-pci 0000:00:1d.0: EHCI Host Controller
[    1.652505] ehci-pci 0000:00:1d.0: new USB bus registered, assigned bus number 2
[    1.653071] ehci-pci 0000:00:1d.0: debug port 2
[    1.657279] ehci-pci 0000:00:1d.0: cache line size of 32 is not supported
[    1.657285] ehci-pci 0000:00:1d.0: irq 18, io mem 0x96102000
[    1.662915] ehci-pci 0000:00:1d.0: USB 2.0 started, EHCI 1.00
[    1.663271] usb usb2: New USB device found, idVendor=1d6b, idProduct=0002
[    1.663581] usb usb2: New USB device strings: Mfr=3, Product=2, SerialNumber=1
[    1.664122] usb usb2: Product: EHCI Host Controller
[    1.664432] usb usb2: Manufacturer: Linux 3.10.0-693.el7.x86_64 ehci_hcd
[    1.664747] usb usb2: SerialNumber: 0000:00:1d.0
[    1.665168] hub 2-0:1.0: USB hub found
[    1.665482] hub 2-0:1.0: 2 ports detected
[    1.665983] ohci_hcd: USB 1.1 'Open' Host Controller (OHCI) Driver
[    1.666309] ohci-pci: OHCI PCI platform driver
[    1.666653] uhci_hcd: USB Universal Host Controller Interface driver
[    1.667056] usbcore: registered new interface driver usbserial
[    1.667382] usbcore: registered new interface driver usbserial_generic
[    1.667714] usbserial: USB Serial support registered for generic
[    1.668064] i8042: PNP: No PS/2 controller found. Probing ports directly.
[    1.953926] usb 1-1: new high-speed USB device number 2 using ehci-pci
[    1.966922] usb 2-1: new high-speed USB device number 2 using ehci-pci
[    2.068305] usb 1-1: New USB device found, idVendor=8087, idProduct=800a
[    2.068629] usb 1-1: New USB device strings: Mfr=0, Product=0, SerialNumber=0
[    2.069087] hub 1-1:1.0: USB hub found
[    2.069556] hub 1-1:1.0: 6 ports detected
[    2.081306] usb 2-1: New USB device found, idVendor=8087, idProduct=8002
[    2.081630] usb 2-1: New USB device strings: Mfr=0, Product=0, SerialNumber=0
[    2.082079] hub 2-1:1.0: USB hub found
[    2.082430] hub 2-1:1.0: 8 ports detected
[    2.184803] random: fast init done
[    2.343932] usb 1-1.6: new high-speed USB device number 3 using ehci-pci
[    2.357932] usb 2-1.2: new high-speed USB device number 3 using ehci-pci
[    2.429815] usb 1-1.6: New USB device found, idVendor=413c, idProduct=a001
[    2.430146] usb 1-1.6: New USB device strings: Mfr=1, Product=2, SerialNumber=3
[    2.430699] usb 1-1.6: Product: Gadget USB HUB
[    2.431027] usb 1-1.6: Manufacturer: no manufacturer
[    2.431342] usb 1-1.6: SerialNumber: 0123456789
[    2.431966] hub 1-1.6:1.0: USB hub found
[    2.432438] hub 1-1.6:1.0: 6 ports detected
[    2.449068] usb 2-1.2: New USB device found, idVendor=0403, idProduct=6011
[    2.449394] usb 2-1.2: New USB device strings: Mfr=1, Product=2, SerialNumber=3
[    2.449956] usb 2-1.2: Product: Xilinx VCU1525 Dev Kit
[    2.450274] usb 2-1.2: Manufacturer: Xilinx
[    2.450591] usb 2-1.2: SerialNumber: 1280962b029
[    2.707613] i8042: No controller found
[    2.708042] mousedev: PS/2 mouse device common for all mice
[    2.708211] tsc: Refined TSC clocksource calibration: 1599.997 MHz
[    2.708743] Switched to clocksource tsc
[    2.708865] rtc_cmos 00:00: RTC can wake from S4
[    2.709137] rtc_cmos 00:00: rtc core: registered rtc_cmos as rtc0
[    2.709198] rtc_cmos 00:00: alarms up to one month, y3k, 114 bytes nvram, hpet irqs
[    2.709276] Intel P-state driver initializing.
[    2.709985] cpuidle: using governor menu
[    2.710431] hidraw: raw HID events driver (C) Jiri Kosina
[    2.710596] usbcore: registered new interface driver usbhid
[    2.710597] usbhid: USB HID core driver
[    2.710713] drop_monitor: Initializing network drop monitor service
[    2.711223] TCP: cubic registered
[    2.711233] Initializing XFRM netlink socket
[    2.711775] NET: Registered protocol family 10
[    2.713226] NET: Registered protocol family 17
[    2.714147] microcode: CPU0 sig=0x306f2, pf=0x1, revision=0x3a
[    2.714474] microcode: CPU1 sig=0x306f2, pf=0x1, revision=0x3a
[    2.714802] microcode: CPU2 sig=0x306f2, pf=0x1, revision=0x3a
[    2.715133] microcode: CPU3 sig=0x306f2, pf=0x1, revision=0x3a
[    2.715465] microcode: CPU4 sig=0x306f2, pf=0x1, revision=0x3a
[    2.715813] microcode: CPU5 sig=0x306f2, pf=0x1, revision=0x3a
[    2.716142] microcode: CPU6 sig=0x306f2, pf=0x1, revision=0x3a
[    2.716559] microcode: CPU7 sig=0x306f2, pf=0x1, revision=0x3a
[    2.716886] microcode: CPU8 sig=0x306f2, pf=0x1, revision=0x3a
[    2.717206] microcode: CPU9 sig=0x306f2, pf=0x1, revision=0x3a
[    2.717536] microcode: CPU10 sig=0x306f2, pf=0x1, revision=0x3a
[    2.717866] microcode: CPU11 sig=0x306f2, pf=0x1, revision=0x3a
[    2.718268] microcode: Microcode Update Driver: v2.01 <tigran@aivazian.fsnet.co.uk>, Peter Oruba
[    2.719029] PM: Hibernation image not present or could not be loaded.
[    2.719034] Loading compiled-in X.509 certificates
[    2.720318] Loaded X.509 cert 'Red Hat Enterprise Linux Driver Update Program (key 3): bf57f3e87362bc7229d9f465321773dfd1f77a80'
[    2.721767] Loaded X.509 cert 'Red Hat Enterprise Linux kpatch signing key: 4d38fd864ebe18c5f0b72e3852e2014c3a676fc8'
[    2.723224] Loaded X.509 cert 'Red Hat Enterprise Linux kernel signing key: 4ffdd63c937eb4a7a114bc5e891acbde50206521'
[    2.723810] registered taskstats version 1
[    2.727496] Key type trusted registered
[    2.730544] Key type encrypted registered
[    2.734150] IMA: No TPM chip found, activating TPM-bypass!
[    2.738142]   Magic number: 14:272:776
[    2.738659] acpi LNXCPU:93: hash matches
[    2.739139] rtc_cmos 00:00: setting system clock to 2018-04-16 08:47:53 UTC (1523868473)
[    2.740884] Freeing unused kernel memory: 1764k freed
[    2.755380] systemd[1]: systemd 219 running in system mode. (+PAM +AUDIT +SELINUX +IMA -APPARMOR +SMACK +SYSVINIT +UTMP +LIBCRYPTSETUP +GCRYPT +GNUTLS +ACL +XZ -LZ4 -SECCOMP +BLKID +ELFUTILS +KMOD +IDN)
[    2.756572] systemd[1]: Detected architecture x86-64.
[    2.756885] systemd[1]: Running in initial RAM disk.
[    2.758726] systemd[1]: Set hostname to <localhost.localdomain>.
[    2.805515] systemd[1]: Reached target Timers.
[    2.805879] systemd[1]: Starting Timers.
[    2.807052] systemd[1]: Reached target Swap.
[    2.807388] systemd[1]: Starting Swap.
[    2.808581] systemd[1]: Reached target Local File Systems.
[    2.808949] systemd[1]: Starting Local File Systems.
[    2.810267] systemd[1]: Created slice Root Slice.
[    2.810626] systemd[1]: Starting Root Slice.
[    2.811852] systemd[1]: Listening on Journal Socket.
[    2.812217] systemd[1]: Starting Journal Socket.
[    2.813398] systemd[1]: Listening on udev Kernel Socket.
[    2.813771] systemd[1]: Starting udev Kernel Socket.
[    2.815037] systemd[1]: Created slice System Slice.
[    2.815366] systemd[1]: Starting System Slice.
[    2.816244] systemd[1]: Starting Journal Service...
[    2.817728] systemd[1]: Starting Create list of required static device nodes for the current kernel...
[    2.819553] systemd[1]: Starting dracut cmdline hook...
[    2.821030] systemd[1]: Starting Setup Virtual Console...
[    2.822592] systemd[1]: Starting Apply Kernel Variables...
[    2.824446] systemd[1]: Reached target Slices.
[    2.824485] systemd[1]: Starting Slices.
[    2.825871] systemd[1]: Listening on udev Control Socket.
[    2.826215] systemd[1]: Starting udev Control Socket.
[    2.827320] systemd[1]: Reached target Sockets.
[    2.827655] systemd[1]: Starting Sockets.
[    2.838750] systemd[1]: Started Create list of required static device nodes for the current kernel.
[    2.840639] systemd[1]: Started Apply Kernel Variables.
[    2.841948] systemd[1]: Starting Create Static Device Nodes in /dev...
[    2.847132] systemd[1]: Started Create Static Device Nodes in /dev.
[    2.871887] systemd[1]: Started Journal Service.
[    2.983006] device-mapper: uevent: version 1.0.3
[    2.983481] device-mapper: ioctl: 4.35.0-ioctl (2016-06-23) initialised: dm-devel@redhat.com
[    3.100991] pps_core: LinuxPPS API ver. 1 registered
[    3.101300] pps_core: Software ver. 5.3.6 - Copyright 2005-2007 Rodolfo Giometti <giometti@linux.it>
[    3.104480] PTP clock support registered
[    3.119745] libata version 3.00 loaded.
[    3.128157] ahci 0000:00:11.4: version 3.0
[    3.128468] ahci 0000:00:11.4: irq 37 for MSI/MSI-X
[    3.128483] ahci 0000:00:11.4: SSS flag set, parallel bus scan disabled
[    3.128840] ahci 0000:00:11.4: AHCI 0001.0300 32 slots 4 ports 6 Gbps 0xf impl SATA mode
[    3.129478] ahci 0000:00:11.4: flags: 64bit ncq stag led clo pio slum part ems apst 
[    3.134077] [drm] Initialized
[    3.138359] scsi host0: ahci
[    3.139434] scsi host1: ahci
[    3.140469] scsi host2: ahci
[    3.141605] scsi host3: ahci
[    3.142133] ata1: SATA max UDMA/133 abar m2048@0x96101000 port 0x96101100 irq 37
[    3.142677] ata2: SATA max UDMA/133 abar m2048@0x96101000 port 0x96101180 irq 37
[    3.143221] ata3: SATA max UDMA/133 abar m2048@0x96101000 port 0x96101200 irq 37
[    3.143849] ata4: SATA max UDMA/133 abar m2048@0x96101000 port 0x96101280 irq 37
[    3.144722] ahci 0000:00:1f.2: irq 38 for MSI/MSI-X
[    3.144738] ahci 0000:00:1f.2: SSS flag set, parallel bus scan disabled
[    3.145103] ahci 0000:00:1f.2: AHCI 0001.0300 32 slots 6 ports 6 Gbps 0x3f impl SATA mode
[    3.145668] ahci 0000:00:1f.2: flags: 64bit ncq stag led clo pio slum part ems apst 
[    3.158600] scsi host4: ahci
[    3.159031] scsi host5: ahci
[    3.159137] scsi host6: ahci
[    3.159242] scsi host7: ahci
[    3.159345] scsi host8: ahci
[    3.159456] scsi host9: ahci
[    3.159508] ata5: SATA max UDMA/133 abar m2048@0x96100000 port 0x96100100 irq 38
[    3.159513] ata6: SATA max UDMA/133 abar m2048@0x96100000 port 0x96100180 irq 38
[    3.159518] ata7: SATA max UDMA/133 abar m2048@0x96100000 port 0x96100200 irq 38
[    3.159523] ata8: SATA max UDMA/133 abar m2048@0x96100000 port 0x96100280 irq 38
[    3.159528] ata9: SATA max UDMA/133 abar m2048@0x96100000 port 0x96100300 irq 38
[    3.159536] ata10: SATA max UDMA/133 abar m2048@0x96100000 port 0x96100380 irq 38
[    3.159923] bnx2x: QLogic 5771x/578xx 10/20-Gigabit Ethernet Driver bnx2x 1.712.30-0 (2014/02/10)
[    3.160040] bnx2x 0000:01:00.0: msix capability found
[    3.160349] bnx2x 0000:01:00.0: part number 0-0-0-0
[    3.186419] [TTM] Zone  kernel: Available graphics memory: 16413802 kiB
[    3.186732] [TTM] Zone   dma32: Available graphics memory: 2097152 kiB
[    3.187049] [TTM] Initializing pool allocator
[    3.187359] [TTM] Initializing DMA pool allocator
[    3.222678] fbcon: mgadrmfb (fb0) is primary device
[    3.261103] bnx2x 0000:01:00.0: irq 40 for MSI/MSI-X
[    3.261179] bnx2x 0000:01:00.0: irq 41 for MSI/MSI-X
[    3.261254] bnx2x 0000:01:00.0: irq 42 for MSI/MSI-X
[    3.261327] bnx2x 0000:01:00.0: irq 43 for MSI/MSI-X
[    3.261401] bnx2x 0000:01:00.0: irq 44 for MSI/MSI-X
[    3.261473] bnx2x 0000:01:00.0: irq 45 for MSI/MSI-X
[    3.261548] bnx2x 0000:01:00.0: irq 46 for MSI/MSI-X
[    3.261631] bnx2x 0000:01:00.0: irq 47 for MSI/MSI-X
[    3.261704] bnx2x 0000:01:00.0: irq 48 for MSI/MSI-X
[    3.261777] bnx2x 0000:01:00.0: irq 49 for MSI/MSI-X
[    3.263605] bnx2x 0000:01:00.1: msix capability found
[    3.263873] bnx2x 0000:01:00.1: part number 0-0-0-0
[    3.309879] Console: switching to colour frame buffer device 128x48
[    3.329880] mgag200 0000:09:00.0: fb0: mgadrmfb frame buffer device
[    3.353090] bnx2x 0000:01:00.1: irq 51 for MSI/MSI-X
[    3.353168] bnx2x 0000:01:00.1: irq 52 for MSI/MSI-X
[    3.353245] bnx2x 0000:01:00.1: irq 53 for MSI/MSI-X
[    3.353319] bnx2x 0000:01:00.1: irq 54 for MSI/MSI-X
[    3.353395] bnx2x 0000:01:00.1: irq 55 for MSI/MSI-X
[    3.353470] bnx2x 0000:01:00.1: irq 56 for MSI/MSI-X
[    3.353544] bnx2x 0000:01:00.1: irq 57 for MSI/MSI-X
[    3.353620] bnx2x 0000:01:00.1: irq 58 for MSI/MSI-X
[    3.353698] bnx2x 0000:01:00.1: irq 59 for MSI/MSI-X
[    3.353773] bnx2x 0000:01:00.1: irq 60 for MSI/MSI-X
[    3.354031] [drm] Initialized mgag200 1.0.0 20110418 for 0000:09:00.0 on minor 0
[    3.356425] bnx2x 0000:01:00.2: msix capability found
[    3.356660] bnx2x 0000:01:00.2: part number 0-0-0-0
[    3.446141] bnx2x 0000:01:00.2: irq 61 for MSI/MSI-X
[    3.446228] bnx2x 0000:01:00.2: irq 62 for MSI/MSI-X
[    3.446313] bnx2x 0000:01:00.2: irq 63 for MSI/MSI-X
[    3.446397] bnx2x 0000:01:00.2: irq 64 for MSI/MSI-X
[    3.446481] bnx2x 0000:01:00.2: irq 65 for MSI/MSI-X
[    3.446567] bnx2x 0000:01:00.2: irq 66 for MSI/MSI-X
[    3.446652] bnx2x 0000:01:00.2: irq 67 for MSI/MSI-X
[    3.446737] bnx2x 0000:01:00.2: irq 68 for MSI/MSI-X
[    3.446829] bnx2x 0000:01:00.2: irq 69 for MSI/MSI-X
[    3.446914] bnx2x 0000:01:00.2: irq 70 for MSI/MSI-X
[    3.448753] bnx2x 0000:01:00.3: msix capability found
[    3.448994] ata1: SATA link up 6.0 Gbps (SStatus 133 SControl 300)
[    3.449119] bnx2x 0000:01:00.3: part number 0-0-0-0
[    3.449839] ata1.00: ATA-8: ST91000640NS,     AA63, max UDMA/133
[    3.449888] ata1.00: 1953525168 sectors, multi 0: LBA48 NCQ (depth 31/32)
[    3.450724] ata1.00: configured for UDMA/133
[    3.451282] scsi 0:0:0:0: Direct-Access     ATA      ST91000640NS     AA63 PQ: 0 ANSI: 5
[    3.464008] ata5: SATA link down (SStatus 0 SControl 300)
[    3.486108] sd 0:0:0:0: [sda] 1953525168 512-byte logical blocks: (1.00 TB/931 GiB)
[    3.486300] sd 0:0:0:0: [sda] Write Protect is off
[    3.486338] sd 0:0:0:0: [sda] Mode Sense: 00 3a 00 00
[    3.486373] sd 0:0:0:0: [sda] Write cache: disabled, read cache: enabled, doesn't support DPO or FUA
[    3.494798]  sda: sda1 sda2
[    3.495511] sd 0:0:0:0: [sda] Attached SCSI disk
[    3.538120] bnx2x 0000:01:00.3: irq 74 for MSI/MSI-X
[    3.538200] bnx2x 0000:01:00.3: irq 75 for MSI/MSI-X
[    3.538253] bnx2x 0000:01:00.3: irq 76 for MSI/MSI-X
[    3.538288] bnx2x 0000:01:00.3: irq 77 for MSI/MSI-X
[    3.538315] bnx2x 0000:01:00.3: irq 78 for MSI/MSI-X
[    3.538342] bnx2x 0000:01:00.3: irq 79 for MSI/MSI-X
[    3.538369] bnx2x 0000:01:00.3: irq 80 for MSI/MSI-X
[    3.538407] bnx2x 0000:01:00.3: irq 81 for MSI/MSI-X
[    3.538432] bnx2x 0000:01:00.3: irq 82 for MSI/MSI-X
[    3.538458] bnx2x 0000:01:00.3: irq 83 for MSI/MSI-X
[    3.777016] ata2: SATA link down (SStatus 0 SControl 300)
[    4.082028] ata3: SATA link down (SStatus 0 SControl 300)
[    4.387028] ata4: SATA link down (SStatus 0 SControl 300)
[    4.693038] ata6: SATA link down (SStatus 0 SControl 300)
[    4.999046] ata7: SATA link down (SStatus 0 SControl 300)
[    5.305054] ata8: SATA link down (SStatus 0 SControl 300)
[    5.611061] ata9: SATA link down (SStatus 0 SControl 300)
[    5.917068] ata10: SATA link down (SStatus 0 SControl 300)
[    6.782205] EXT4-fs (dm-3): mounted filesystem with ordered data mode. Opts: (null)
[    7.061629] random: crng init done
[    7.170054] systemd-journald[158]: Received SIGTERM from PID 1 (systemd).
[    7.576624] SELinux:  Disabled at runtime.
[    7.577858] SELinux:  Unregistering netfilter hooks
[    7.620097] type=1404 audit(1523868478.380:2): selinux=0 auid=4294967295 ses=4294967295
[    7.676485] systemd[1]: RTC configured in localtime, applying delta of -360 minutes to system time.
[    7.891392] ip_tables: (C) 2000-2006 Netfilter Core Team
[    7.892578] systemd[1]: Inserted module 'ip_tables'
[    9.713881] RPC: Registered named UNIX socket transport module.
[    9.715167] RPC: Registered udp transport module.
[    9.716368] RPC: Registered tcp transport module.
[    9.717501] RPC: Registered tcp NFSv4.1 backchannel transport module.
[    9.766171] Installing knfsd (copyright (C) 1996 okir@monad.swb.de).
[    9.802585] EXT4-fs (dm-3): re-mounted. Opts: (null)
[    9.859896] systemd-journald[587]: Received request to flush runtime journal from PID 1
[   11.278765] shpchp: Standard Hot Plug PCI Controller Driver version: 0.4
[   11.315957] wmi: Mapper loaded
[   11.344272] ACPI Error: No handler for Region [SYSI] (ffff88017a1305a0) [IPMI] (20130517/evregion-162)
[   11.345464] ACPI Error: Region IPMI (ID=7) has no handler (20130517/exfldio-305)
[   11.346611] ACPI Error: Method parse/execution failed [\_SB_.PMI0._GHL] (Node ffff8804fa4b5578), AE_NOT_EXIST (20130517/psparse-536)
[   11.348972] ACPI Error: Method parse/execution failed [\_SB_.PMI0._PMC] (Node ffff8804fa4b54d8), AE_NOT_EXIST (20130517/psparse-536)
[   11.351434] ACPI Exception: AE_NOT_EXIST, Evaluating _PMC (20130517/power_meter-753)
[   11.352843] dcdbas dcdbas: Dell Systems Management Base Driver (version 5.6.0-3.2)
[   11.360255] input: PC Speaker as /devices/platform/pcspkr/input/input1
[   11.372680] ipmi message handler version 39.2
[   11.385638] sd 0:0:0:0: Attached scsi generic sg0 type 0
[   11.400003] ipmi device interface
[   11.449630] iTCO_vendor_support: vendor-support=0
[   11.462015] iTCO_wdt: Intel TCO WatchDog Timer Driver v1.11
[   11.463579] iTCO_wdt: Found a Wellsburg TCO device (Version=2, TCOBASE=0x0460)
[   11.465208] iTCO_wdt: initialized. heartbeat=30 sec (nowayout=0)
[   11.487283] mei_me 0000:00:16.0: Device doesn't have valid ME Interface
[   11.518184] IPMI System Interface driver.
[   11.519596] ipmi_si: probing via SMBIOS
[   11.520894] ipmi_si: SMBIOS: io 0xca8 regsize 1 spacing 4 irq 10
[   11.522191] ipmi_si: Adding SMBIOS-specified kcs state machine
[   11.523496] ipmi_si: Trying SMBIOS-specified kcs state machine at i/o address 0xca8, slave address 0x20, irq 10
[   11.539496] xclmgmt: loading out-of-tree module taints kernel.
[   11.539624] xclmgmt: module verification failed: signature and/or required key missing - tainting kernel
[   11.540928] xclmgmt init()
[   11.541117] xclmgmt 0000:83:00.1: xclmgmt_probe: Driver: $Change: 2197310 $
[   11.541120] xclmgmt 0000:83:00.1: xclmgmt_probe: probe(pdev = 0xffff88087fe6b000, pci_id = 0xffffffffc04eace0)
[   11.541136] xclmgmt 0000:83:00.1: map_bars: default bar: 0, bar len: 33554432
[   11.541306] xclmgmt 0000:83:00.1: find_user_node: slot:0, func:1, vendor:0x10ee, device:0x6a8f)
[   11.541394] xocl_firewall firewall.m.33537: firewall_probe: probe
[   11.541429] xclmgmt 0000:83:00.1: xocl_subdev_create_one: Created subdev firewall.m
[   11.541431] xclmgmt 0000:83:00.1: platform_axilite_flush: Flushing axilite busses.
[   11.541625] rom.m rom.m.33537: feature_rom_probe: ROM magic : xlnx
